Archive member included to satisfy reference by file (symbol)

c:/st/stm32cubeide_1.11.0/stm32cubeide/plugins/com.st.stm32cube.ide.mcu.externaltools.gnu-tools-for-stm32.10.3-2021.10.win32_1.0.200.202301161003/tools/bin/../lib/gcc/arm-none-eabi/10.3.1/../../../../arm-none-eabi/lib/thumb/v7e-m+fp/hard\libc_nano.a(lib_a-calloc.o)
                              ./Core/Src/Qubic_emxAPI.o (calloc)
c:/st/stm32cubeide_1.11.0/stm32cubeide/plugins/com.st.stm32cube.ide.mcu.externaltools.gnu-tools-for-stm32.10.3-2021.10.win32_1.0.200.202301161003/tools/bin/../lib/gcc/arm-none-eabi/10.3.1/../../../../arm-none-eabi/lib/thumb/v7e-m+fp/hard\libc_nano.a(lib_a-errno.o)
                              ./Core/Src/syscalls.o (__errno)
c:/st/stm32cubeide_1.11.0/stm32cubeide/plugins/com.st.stm32cube.ide.mcu.externaltools.gnu-tools-for-stm32.10.3-2021.10.win32_1.0.200.202301161003/tools/bin/../lib/gcc/arm-none-eabi/10.3.1/../../../../arm-none-eabi/lib/thumb/v7e-m+fp/hard\libc_nano.a(lib_a-exit.o)
                              c:/st/stm32cubeide_1.11.0/stm32cubeide/plugins/com.st.stm32cube.ide.mcu.externaltools.gnu-tools-for-stm32.10.3-2021.10.win32_1.0.200.202301161003/tools/bin/../lib/gcc/arm-none-eabi/10.3.1/../../../../arm-none-eabi/lib/thumb/v7e-m+fp/hard/crt0.o (exit)
c:/st/stm32cubeide_1.11.0/stm32cubeide/plugins/com.st.stm32cube.ide.mcu.externaltools.gnu-tools-for-stm32.10.3-2021.10.win32_1.0.200.202301161003/tools/bin/../lib/gcc/arm-none-eabi/10.3.1/../../../../arm-none-eabi/lib/thumb/v7e-m+fp/hard\libc_nano.a(lib_a-impure.o)
                              c:/st/stm32cubeide_1.11.0/stm32cubeide/plugins/com.st.stm32cube.ide.mcu.externaltools.gnu-tools-for-stm32.10.3-2021.10.win32_1.0.200.202301161003/tools/bin/../lib/gcc/arm-none-eabi/10.3.1/../../../../arm-none-eabi/lib/thumb/v7e-m+fp/hard\libc_nano.a(lib_a-exit.o) (_global_impure_ptr)
c:/st/stm32cubeide_1.11.0/stm32cubeide/plugins/com.st.stm32cube.ide.mcu.externaltools.gnu-tools-for-stm32.10.3-2021.10.win32_1.0.200.202301161003/tools/bin/../lib/gcc/arm-none-eabi/10.3.1/../../../../arm-none-eabi/lib/thumb/v7e-m+fp/hard\libc_nano.a(lib_a-init.o)
                              c:/st/stm32cubeide_1.11.0/stm32cubeide/plugins/com.st.stm32cube.ide.mcu.externaltools.gnu-tools-for-stm32.10.3-2021.10.win32_1.0.200.202301161003/tools/bin/../lib/gcc/arm-none-eabi/10.3.1/../../../../arm-none-eabi/lib/thumb/v7e-m+fp/hard/crt0.o (__libc_init_array)
c:/st/stm32cubeide_1.11.0/stm32cubeide/plugins/com.st.stm32cube.ide.mcu.externaltools.gnu-tools-for-stm32.10.3-2021.10.win32_1.0.200.202301161003/tools/bin/../lib/gcc/arm-none-eabi/10.3.1/../../../../arm-none-eabi/lib/thumb/v7e-m+fp/hard\libc_nano.a(lib_a-malloc.o)
                              ./Core/Src/Qubic_emxutil.o (malloc)
c:/st/stm32cubeide_1.11.0/stm32cubeide/plugins/com.st.stm32cube.ide.mcu.externaltools.gnu-tools-for-stm32.10.3-2021.10.win32_1.0.200.202301161003/tools/bin/../lib/gcc/arm-none-eabi/10.3.1/../../../../arm-none-eabi/lib/thumb/v7e-m+fp/hard\libc_nano.a(lib_a-memcpy-stub.o)
                              ./Core/Src/ModBusRTU.o (memcpy)
c:/st/stm32cubeide_1.11.0/stm32cubeide/plugins/com.st.stm32cube.ide.mcu.externaltools.gnu-tools-for-stm32.10.3-2021.10.win32_1.0.200.202301161003/tools/bin/../lib/gcc/arm-none-eabi/10.3.1/../../../../arm-none-eabi/lib/thumb/v7e-m+fp/hard\libc_nano.a(lib_a-memset.o)
                              c:/st/stm32cubeide_1.11.0/stm32cubeide/plugins/com.st.stm32cube.ide.mcu.externaltools.gnu-tools-for-stm32.10.3-2021.10.win32_1.0.200.202301161003/tools/bin/../lib/gcc/arm-none-eabi/10.3.1/../../../../arm-none-eabi/lib/thumb/v7e-m+fp/hard/crt0.o (memset)
c:/st/stm32cubeide_1.11.0/stm32cubeide/plugins/com.st.stm32cube.ide.mcu.externaltools.gnu-tools-for-stm32.10.3-2021.10.win32_1.0.200.202301161003/tools/bin/../lib/gcc/arm-none-eabi/10.3.1/../../../../arm-none-eabi/lib/thumb/v7e-m+fp/hard\libc_nano.a(lib_a-nano-callocr.o)
                              c:/st/stm32cubeide_1.11.0/stm32cubeide/plugins/com.st.stm32cube.ide.mcu.externaltools.gnu-tools-for-stm32.10.3-2021.10.win32_1.0.200.202301161003/tools/bin/../lib/gcc/arm-none-eabi/10.3.1/../../../../arm-none-eabi/lib/thumb/v7e-m+fp/hard\libc_nano.a(lib_a-calloc.o) (_calloc_r)
c:/st/stm32cubeide_1.11.0/stm32cubeide/plugins/com.st.stm32cube.ide.mcu.externaltools.gnu-tools-for-stm32.10.3-2021.10.win32_1.0.200.202301161003/tools/bin/../lib/gcc/arm-none-eabi/10.3.1/../../../../arm-none-eabi/lib/thumb/v7e-m+fp/hard\libc_nano.a(lib_a-nano-freer.o)
                              c:/st/stm32cubeide_1.11.0/stm32cubeide/plugins/com.st.stm32cube.ide.mcu.externaltools.gnu-tools-for-stm32.10.3-2021.10.win32_1.0.200.202301161003/tools/bin/../lib/gcc/arm-none-eabi/10.3.1/../../../../arm-none-eabi/lib/thumb/v7e-m+fp/hard\libc_nano.a(lib_a-malloc.o) (_free_r)
[...]
Memory Configuration

Name             Origin             Length             Attributes
RAM              0x0000000020000000 0x0000000000020000 xrw
FLASH            0x0000000008000000 0x0000000000080000 xr
*default*        0x0000000000000000 0xffffffffffffffff

Linker script and memory map

LOAD c:/st/stm32cubeide_1.11.0/stm32cubeide/plugins/com.st.stm32cube.ide.mcu.externaltools.gnu-tools-for-stm32.10.3-2021.10.win32_1.0.200.202301161003/tools/bin/../lib/gcc/arm-none-eabi/10.3.1/thumb/v7e-m+fp/hard/crti.o
LOAD c:/st/stm32cubeide_1.11.0/stm32cubeide/plugins/com.st.stm32cube.ide.mcu.externaltools.gnu-tools-for-stm32.10.3-2021.10.win32_1.0.200.202301161003/tools/bin/../lib/gcc/arm-none-eabi/10.3.1/thumb/v7e-m+fp/hard/crtbegin.o
LOAD c:/st/stm32cubeide_1.11.0/stm32cubeide/plugins/com.st.stm32cube.ide.mcu.externaltools.gnu-tools-for-stm32.10.3-2021.10.win32_1.0.200.202301161003/tools/bin/../lib/gcc/arm-none-eabi/10.3.1/../../../../arm-none-eabi/lib/thumb/v7e-m+fp/hard/crt0.o
LOAD ./Core/Src/ModBusRTU.o
LOAD ./Core/Src/Qubic.o
LOAD ./Core/Src/Qubic_emxAPI.o
LOAD ./Core/Src/Qubic_emxutil.o
LOAD ./Core/Src/Qubic_initialize.o
LOAD ./Core/Src/Qubic_terminate.o
LOAD ./Core/Src/main.o
LOAD ./Core/Src/rtGetInf.o
LOAD ./Core/Src/rtGetNaN.o
LOAD ./Core/Src/rt_nonfinite.o
LOAD ./Core/Src/stm32f4xx_hal_msp.o
LOAD ./Core/Src/stm32f4xx_it.o
LOAD ./Core/Src/syscalls.o
LOAD ./Core/Src/sysmem.o
LOAD ./Core/Src/system_stm32f4xx.o
LOAD ./Core/Startup/startup_stm32f411retx.o
LOAD ./Drivers/STM32F4xx_HAL_Driver/Src/stm32f4xx_hal.o
LOAD ./Drivers/STM32F4xx_HAL_Driver/Src/stm32f4xx_hal_adc.o
LOAD ./Drivers/STM32F4xx_HAL_Driver/Src/stm32f4xx_hal_adc_ex.o
LOAD ./Drivers/STM32F4xx_HAL_Driver/Src/stm32f4xx_hal_cortex.o
LOAD ./Drivers/STM32F4xx_HAL_Driver/Src/stm32f4xx_hal_dma.o
LOAD ./Drivers/STM32F4xx_HAL_Driver/Src/stm32f4xx_hal_dma_ex.o
LOAD ./Drivers/STM32F4xx_HAL_Driver/Src/stm32f4xx_hal_exti.o
LOAD ./Drivers/STM32F4xx_HAL_Driver/Src/stm32f4xx_hal_flash.o
LOAD ./Drivers/STM32F4xx_HAL_Driver/Src/stm32f4xx_hal_flash_ex.o
LOAD ./Drivers/STM32F4xx_HAL_Driver/Src/stm32f4xx_hal_flash_ramfunc.o
LOAD ./Drivers/STM32F4xx_HAL_Driver/Src/stm32f4xx_hal_gpio.o
LOAD ./Drivers/STM32F4xx_HAL_Driver/Src/stm32f4xx_hal_i2c.o
LOAD ./Drivers/STM32F4xx_HAL_Driver/Src/stm32f4xx_hal_i2c_ex.o
LOAD ./Drivers/STM32F4xx_HAL_Driver/Src/stm32f4xx_hal_pwr.o
LOAD ./Drivers/STM32F4xx_HAL_Driver/Src/stm32f4xx_hal_pwr_ex.o
LOAD ./Drivers/STM32F4xx_HAL_Driver/Src/stm32f4xx_hal_rcc.o
LOAD ./Drivers/STM32F4xx_HAL_Driver/Src/stm32f4xx_hal_rcc_ex.o
LOAD ./Drivers/STM32F4xx_HAL_Driver/Src/stm32f4xx_hal_tim.o
LOAD ./Drivers/STM32F4xx_HAL_Driver/Src/stm32f4xx_hal_tim_ex.o
LOAD ./Drivers/STM32F4xx_HAL_Driver/Src/stm32f4xx_hal_uart.o
LOAD ./Drivers/STM32F4xx_HAL_Driver/Src/stm32f4xx_ll_adc.o
LOAD ../Middlewares/Third_Party/ARM_CMSIS/CMSIS/DSP/Lib/GCC\libarm_cortexM4lf_math.a
START GROUP
LOAD c:/st/stm32cubeide_1.11.0/stm32cubeide/plugins/com.st.stm32cube.ide.mcu.externaltools.gnu-tools-for-stm32.10.3-2021.10.win32_1.0.200.202301161003/tools/bin/../lib/gcc/arm-none-eabi/10.3.1/../../../../arm-none-eabi/lib/thumb/v7e-m+fp/hard\libc_nano.a
LOAD c:/st/stm32cubeide_1.11.0/stm32cubeide/plugins/com.st.stm32cube.ide.mcu.externaltools.gnu-tools-for-stm32.10.3-2021.10.win32_1.0.200.202301161003/tools/bin/../lib/gcc/arm-none-eabi/10.3.1/../../../../arm-none-eabi/lib/thumb/v7e-m+fp/hard\libm.a
END GROUP
START GROUP
LOAD c:/st/stm32cubeide_1.11.0/stm32cubeide/plugins/com.st.stm32cube.ide.mcu.externaltools.gnu-tools-for-stm32.10.3-2021.10.win32_1.0.200.202301161003/tools/bin/../lib/gcc/arm-none-eabi/10.3.1/thumb/v7e-m+fp/hard\libgcc.a
LOAD c:/st/stm32cubeide_1.11.0/stm32cubeide/plugins/com.st.stm32cube.ide.mcu.externaltools.gnu-tools-for-stm32.10.3-2021.10.win32_1.0.200.202301161003/tools/bin/../lib/gcc/arm-none-eabi/10.3.1/../../../../arm-none-eabi/lib/thumb/v7e-m+fp/hard\libc_nano.a
END GROUP
START GROUP
LOAD c:/st/stm32cubeide_1.11.0/stm32cubeide/plugins/com.st.stm32cube.ide.mcu.externaltools.gnu-tools-for-stm32.10.3-2021.10.win32_1.0.200.202301161003/tools/bin/../lib/gcc/arm-none-eabi/10.3.1/thumb/v7e-m+fp/hard\libgcc.a
LOAD c:/st/stm32cubeide_1.11.0/stm32cubeide/plugins/com.st.stm32cube.ide.mcu.externaltools.gnu-tools-for-stm32.10.3-2021.10.win32_1.0.200.202301161003/tools/bin/../lib/gcc/arm-none-eabi/10.3.1/../../../../arm-none-eabi/lib/thumb/v7e-m+fp/hard\libc_nano.a
LOAD c:/st/stm32cubeide_1.11.0/stm32cubeide/plugins/com.st.stm32cube.ide.mcu.externaltools.gnu-tools-for-stm32.10.3-2021.10.win32_1.0.200.202301161003/tools/bin/../lib/gcc/arm-none-eabi/10.3.1/../../../../arm-none-eabi/lib/thumb/v7e-m+fp/hard\libnosys.a
END GROUP
START GROUP
LOAD c:/st/stm32cubeide_1.11.0/stm32cubeide/plugins/com.st.stm32cube.ide.mcu.externaltools.gnu-tools-for-stm32.10.3-2021.10.win32_1.0.200.202301161003/tools/bin/../lib/gcc/arm-none-eabi/10.3.1/thumb/v7e-m+fp/hard\libgcc.a
LOAD c:/st/stm32cubeide_1.11.0/stm32cubeide/plugins/com.st.stm32cube.ide.mcu.externaltools.gnu-tools-for-stm32.10.3-2021.10.win32_1.0.200.202301161003/tools/bin/../lib/gcc/arm-none-eabi/10.3.1/../../../../arm-none-eabi/lib/thumb/v7e-m+fp/hard\libc_nano.a
LOAD c:/st/stm32cubeide_1.11.0/stm32cubeide/plugins/com.st.stm32cube.ide.mcu.externaltools.gnu-tools-for-stm32.10.3-2021.10.win32_1.0.200.202301161003/tools/bin/../lib/gcc/arm-none-eabi/10.3.1/../../../../arm-none-eabi/lib/thumb/v7e-m+fp/hard\libnosys.a
END GROUP
LOAD c:/st/stm32cubeide_1.11.0/stm32cubeide/plugins/com.st.stm32cube.ide.mcu.externaltools.gnu-tools-for-stm32.10.3-2021.10.win32_1.0.200.202301161003/tools/bin/../lib/gcc/arm-none-eabi/10.3.1/thumb/v7e-m+fp/hard/crtend.o
LOAD c:/st/stm32cubeide_1.11.0/stm32cubeide/plugins/com.st.stm32cube.ide.mcu.externaltools.gnu-tools-for-stm32.10.3-2021.10.win32_1.0.200.202301161003/tools/bin/../lib/gcc/arm-none-eabi/10.3.1/thumb/v7e-m+fp/hard/crtn.o
                0x0000000020020000                _estack = (ORIGIN (RAM) + LENGTH (RAM))
                0x0000000000000200                _Min_Heap_Size = 0x200
                0x0000000000000400                _Min_Stack_Size = 0x400

.isr_vector     0x0000000008000000      0x198
                0x0000000008000000                . = ALIGN (0x4)
 *(.isr_vector)
 .isr_vector    0x0000000008000000      0x198 ./Core/Startup/startup_stm32f411retx.o
                0x0000000008000000                g_pfnVectors
                0x0000000008000198                . = ALIGN (0x4)

.text           0x0000000008000198     0xc4b4
                0x0000000008000198                . = ALIGN (0x4)
 *(.text)
 .text          0x0000000008000198       0x40 c:/st/stm32cubeide_1.11.0/stm32cubeide/plugins/com.st.stm32cube.ide.mcu.externaltools.gnu-tools-for-stm32.10.3-2021.10.win32_1.0.200.202301161003/tools/bin/../lib/gcc/arm-none-eabi/10.3.1/thumb/v7e-m+fp/hard/crtbegin.o
 .text          0x00000000080001d8      0x378 c:/st/stm32cubeide_1.11.0/stm32cubeide/plugins/com.st.stm32cube.ide.mcu.externaltools.gnu-tools-for-stm32.10.3-2021.10.win32_1.0.200.202301161003/tools/bin/../lib/gcc/arm-none-eabi/10.3.1/thumb/v7e-m+fp/hard\libgcc.a(_arm_addsubdf3.o)
                0x00000000080001d8                __aeabi_drsub
                0x00000000080001e0                __aeabi_dsub
                0x00000000080001e0                __subdf3
                0x00000000080001e4                __aeabi_dadd
                0x00000000080001e4                __adddf3
                0x000000000800045c                __floatunsidf
                0x000000000800045c                __aeabi_ui2d
                0x000000000800047c                __floatsidf
                0x000000000800047c                __aeabi_i2d
                0x00000000080004a0                __aeabi_f2d
                0x00000000080004a0                __extendsfdf2
                0x00000000080004e4                __floatundidf
                0x00000000080004e4                __aeabi_ul2d
                0x00000000080004f4                __floatdidf
                0x00000000080004f4                __aeabi_l2d
 .text          0x0000000008000550      0x424 c:/st/stm32cubeide_1.11.0/stm32cubeide/plugins/com.st.stm32cube.ide.mcu.externaltools.gnu-tools-for-stm32.10.3-2021.10.win32_1.0.200.202301161003/tools/bin/../lib/gcc/arm-none-eabi/10.3.1/thumb/v7e-m+fp/hard\libgcc.a(_arm_muldivdf3.o)
                0x0000000008000550                __aeabi_dmul
                0x0000000008000550                __muldf3
                0x00000000080007a4                __divdf3
                0x00000000080007a4                __aeabi_ddiv
 .text          0x0000000008000974      0x110 c:/st/stm32cubeide_1.11.0/stm32cubeide/plugins/com.st.stm32cube.ide.mcu.externaltools.gnu-tools-for-stm32.10.3-2021.10.win32_1.0.200.202301161003/tools/bin/../lib/gcc/arm-none-eabi/10.3.1/thumb/v7e-m+fp/hard\libgcc.a(_arm_cmpdf2.o)
                0x0000000008000974                __gtdf2
                0x0000000008000974                __gedf2
                0x000000000800097c                __ltdf2
                0x000000000800097c                __ledf2
                0x0000000008000984                __nedf2
                0x0000000008000984                __eqdf2
                0x0000000008000984                __cmpdf2
                0x0000000008000a00                __aeabi_cdrcmple
                0x0000000008000a10                __aeabi_cdcmpeq
                0x0000000008000a10                __aeabi_cdcmple
                0x0000000008000a20                __aeabi_dcmpeq
                0x0000000008000a34                __aeabi_dcmplt
                0x0000000008000a48                __aeabi_dcmple
                0x0000000008000a5c                __aeabi_dcmpge
                0x0000000008000a70                __aeabi_dcmpgt
 .text          0x0000000008000a84       0x2c c:/st/stm32cubeide_1.11.0/stm32cubeide/plugins/com.st.stm32cube.ide.mcu.externaltools.gnu-tools-for-stm32.10.3-2021.10.win32_1.0.200.202301161003/tools/bin/../lib/gcc/arm-none-eabi/10.3.1/thumb/v7e-m+fp/hard\libgcc.a(_arm_unorddf2.o)
                0x0000000008000a84                __unorddf2
                0x0000000008000a84                __aeabi_dcmpun
 .text          0x0000000008000ab0       0x50 c:/st/stm32cubeide_1.11.0/stm32cubeide/plugins/com.st.stm32cube.ide.mcu.externaltools.gnu-tools-for-stm32.10.3-2021.10.win32_1.0.200.202301161003/tools/bin/../lib/gcc/arm-none-eabi/10.3.1/thumb/v7e-m+fp/hard\libgcc.a(_arm_fixdfsi.o)
                0x0000000008000ab0                __aeabi_d2iz
                0x0000000008000ab0                __fixdfsi
 .text          0x0000000008000b00       0xa0 c:/st/stm32cubeide_1.11.0/stm32cubeide/plugins/com.st.stm32cube.ide.mcu.externaltools.gnu-tools-for-stm32.10.3-2021.10.win32_1.0.200.202301161003/tools/bin/../lib/gcc/arm-none-eabi/10.3.1/thumb/v7e-m+fp/hard\libgcc.a(_arm_truncdfsf2.o)
                0x0000000008000b00                __truncdfsf2
                0x0000000008000b00                __aeabi_d2f
 .text          0x0000000008000ba0       0x30 c:/st/stm32cubeide_1.11.0/stm32cubeide/plugins/com.st.stm32cube.ide.mcu.externaltools.gnu-tools-for-stm32.10.3-2021.10.win32_1.0.200.202301161003/tools/bin/../lib/gcc/arm-none-eabi/10.3.1/thumb/v7e-m+fp/hard\libgcc.a(_aeabi_uldivmod.o)
                0x0000000008000ba0                __aeabi_uldivmod
 .text          0x0000000008000bd0       0x3c c:/st/stm32cubeide_1.11.0/stm32cubeide/plugins/com.st.stm32cube.ide.mcu.externaltools.gnu-tools-for-stm32.10.3-2021.10.win32_1.0.200.202301161003/tools/bin/../lib/gcc/arm-none-eabi/10.3.1/thumb/v7e-m+fp/hard\libgcc.a(_fixunsdfdi.o)
                0x0000000008000bd0                __fixunsdfdi
                0x0000000008000bd0                __aeabi_d2ulz
 .text          0x0000000008000c0c      0x2d0 c:/st/stm32cubeide_1.11.0/stm32cubeide/plugins/com.st.stm32cube.ide.mcu.externaltools.gnu-tools-for-stm32.10.3-2021.10.win32_1.0.200.202301161003/tools/bin/../lib/gcc/arm-none-eabi/10.3.1/thumb/v7e-m+fp/hard\libgcc.a(_udivmoddi4.o)
                0x0000000008000c0c                __udivmoddi4
 .text          0x0000000008000edc        0x4 c:/st/stm32cubeide_1.11.0/stm32cubeide/plugins/com.st.stm32cube.ide.mcu.externaltools.gnu-tools-for-stm32.10.3-2021.10.win32_1.0.200.202301161003/tools/bin/../lib/gcc/arm-none-eabi/10.3.1/thumb/v7e-m+fp/hard\libgcc.a(_dvmd_tls.o)
                0x0000000008000edc                __aeabi_idiv0
                0x0000000008000edc                __aeabi_ldiv0
 .text          0x0000000008000ee0       0x40 c:/st/stm32cubeide_1.11.0/stm32cubeide/plugins/com.st.stm32cube.ide.mcu.externaltools.gnu-tools-for-stm32.10.3-2021.10.win32_1.0.200.202301161003/tools/bin/../lib/gcc/arm-none-eabi/10.3.1/thumb/v7e-m+fp/hard\libgcc.a(_arm_fixunsdfsi.o)
                0x0000000008000ee0                __aeabi_d2uiz
                0x0000000008000ee0                __fixunsdfsi
 *(.text*)
 .text.modbus_1t5_Timeout
                0x0000000008000f20       0x20 ./Core/Src/ModBusRTU.o
                0x0000000008000f20                modbus_1t5_Timeout
 .text.modbus_3t5_Timeout
                0x0000000008000f40       0x20 ./Core/Src/ModBusRTU.o
                0x0000000008000f40                modbus_3t5_Timeout
 .text.modbus_UART_Recived
                0x0000000008000f60       0x64 ./Core/Src/ModBusRTU.o
                0x0000000008000f60                modbus_UART_Recived
 .text.Modbus_init
                0x0000000008000fc4       0xac ./Core/Src/ModBusRTU.o
                0x0000000008000fc4                Modbus_init
 .text.CRC16    0x0000000008001070       0x6c ./Core/Src/ModBusRTU.o
                0x0000000008001070                CRC16
 .text.Modbus_Protocal_Worker
                0x00000000080010dc      0x210 ./Core/Src/ModBusRTU.o
                0x00000000080010dc                Modbus_Protocal_Worker
 .text.modbusWrite1Register
                0x00000000080012ec       0x84 ./Core/Src/ModBusRTU.o
                0x00000000080012ec                modbusWrite1Register
 .text.modbusRead1Register
                0x0000000008001370       0xf4 ./Core/Src/ModBusRTU.o
                0x0000000008001370                modbusRead1Register
 .text.ModbusErrorReply
                0x0000000008001464       0x44 ./Core/Src/ModBusRTU.o
                0x0000000008001464                ModbusErrorReply
 .text.Modbus_frame_response
                0x00000000080014a8       0x30 ./Core/Src/ModBusRTU.o
                0x00000000080014a8                Modbus_frame_response
 .text.Modbus_Emission
                0x00000000080014d8      0x100 ./Core/Src/ModBusRTU.o
                0x00000000080014d8                Modbus_Emission
 .text.rt_powd_snf
                0x00000000080015d8      0x23c ./Core/Src/Qubic.o
 *fill*         0x0000000008001814        0x4 
 .text.Qubic    0x0000000008001818      0x708 ./Core/Src/Qubic.o
                0x0000000008001818                Qubic
 .text.emxDestroyArray_real_T
                0x0000000008001f20       0x18 ./Core/Src/Qubic_emxAPI.o
                0x0000000008001f20                emxDestroyArray_real_T
 .text.emxInitArray_real_T
                0x0000000008001f38       0x1a ./Core/Src/Qubic_emxAPI.o
                0x0000000008001f38                emxInitArray_real_T
 .text.emxEnsureCapacity_real_T
                0x0000000008001f52       0xce ./Core/Src/Qubic_emxutil.o
                0x0000000008001f52                emxEnsureCapacity_real_T
 .text.emxFree_real_T
                0x0000000008002020       0x54 ./Core/Src/Qubic_emxutil.o
                0x0000000008002020                emxFree_real_T
 .text.emxInit_real_T
                0x0000000008002074       0x74 ./Core/Src/Qubic_emxutil.o
                0x0000000008002074                emxInit_real_T
 .text.__NVIC_SystemReset
                0x00000000080020e8       0x2c ./Core/Src/main.o
 .text.argInit_real_T
                0x0000000008002114       0x20 ./Core/Src/main.o
 *fill*         0x0000000008002134        0x4 
 .text.main     0x0000000008002138      0x5e0 ./Core/Src/main.o
                0x0000000008002138                main
 .text.SystemClock_Config
                0x0000000008002718       0xd0 ./Core/Src/main.o
                0x0000000008002718                SystemClock_Config
 .text.MX_ADC1_Init
                0x00000000080027e8       0xc0 ./Core/Src/main.o
 .text.MX_I2C1_Init
                0x00000000080028a8       0x5c ./Core/Src/main.o
 .text.MX_TIM2_Init
                0x0000000008002904       0xa8 ./Core/Src/main.o
 .text.MX_TIM3_Init
                0x00000000080029ac       0x9c ./Core/Src/main.o
 .text.MX_TIM4_Init
                0x0000000008002a48       0xec ./Core/Src/main.o
 .text.MX_TIM5_Init
                0x0000000008002b34       0x9c ./Core/Src/main.o
 .text.MX_TIM11_Init
                0x0000000008002bd0       0xa8 ./Core/Src/main.o
 .text.MX_USART2_UART_Init
                0x0000000008002c78       0x58 ./Core/Src/main.o
 .text.MX_DMA_Init
                0x0000000008002cd0       0x6c ./Core/Src/main.o
 .text.MX_GPIO_Init
                0x0000000008002d3c      0x120 ./Core/Src/main.o
 .text.transformRectangleAndPointsPick
                0x0000000008002e5c      0x528 ./Core/Src/main.o
                0x0000000008002e5c                transformRectangleAndPointsPick
 .text.transformRectangleAndPointsPlace
                0x0000000008003384      0x528 ./Core/Src/main.o
                0x0000000008003384                transformRectangleAndPointsPlace
 *fill*         0x00000000080038ac        0x4 
 .text.flowmodbus
                0x00000000080038b0      0x8dc ./Core/Src/main.o
                0x00000000080038b0                flowmodbus
 .text.control_interrupt
                0x000000000800418c      0x200 ./Core/Src/main.o
                0x000000000800418c                control_interrupt
 .text.velocity
                0x000000000800438c       0xd0 ./Core/Src/main.o
                0x000000000800438c                velocity
 .text.accelerate
                0x000000000800445c       0x94 ./Core/Src/main.o
                0x000000000800445c                accelerate
 .text.HAL_TIM_PeriodElapsedCallback
                0x00000000080044f0       0x34 ./Core/Src/main.o
                0x00000000080044f0                HAL_TIM_PeriodElapsedCallback
 .text.micros   0x0000000008004524       0x34 ./Core/Src/main.o
                0x0000000008004524                micros
 .text.main_Qubic
                0x0000000008004558       0xec ./Core/Src/main.o
                0x0000000008004558                main_Qubic
 .text.Error_Handler
                0x0000000008004644        0xa ./Core/Src/main.o
                0x0000000008004644                Error_Handler
 *fill*         0x000000000800464e        0x2 
 .text.rtIsInf  0x0000000008004650       0x5c ./Core/Src/rt_nonfinite.o
                0x0000000008004650                rtIsInf
 .text.rtIsNaN  0x00000000080046ac       0x2a ./Core/Src/rt_nonfinite.o
                0x00000000080046ac                rtIsNaN
 *fill*         0x00000000080046d6        0x2 
 .text.HAL_MspInit
                0x00000000080046d8       0x50 ./Core/Src/stm32f4xx_hal_msp.o
                0x00000000080046d8                HAL_MspInit
 .text.HAL_ADC_MspInit
                0x0000000008004728      0x128 ./Core/Src/stm32f4xx_hal_msp.o
                0x0000000008004728                HAL_ADC_MspInit
 .text.HAL_I2C_MspInit
                0x0000000008004850       0x90 ./Core/Src/stm32f4xx_hal_msp.o
                0x0000000008004850                HAL_I2C_MspInit
 .text.HAL_TIM_Encoder_MspInit
                0x00000000080048e0       0x8c ./Core/Src/stm32f4xx_hal_msp.o
                0x00000000080048e0                HAL_TIM_Encoder_MspInit
 .text.HAL_TIM_Base_MspInit
                0x000000000800496c       0xf4 ./Core/Src/stm32f4xx_hal_msp.o
                0x000000000800496c                HAL_TIM_Base_MspInit
 .text.HAL_TIM_MspPostInit
                0x0000000008004a60       0x74 ./Core/Src/stm32f4xx_hal_msp.o
                0x0000000008004a60                HAL_TIM_MspPostInit
 .text.HAL_UART_MspInit
                0x0000000008004ad4      0x104 ./Core/Src/stm32f4xx_hal_msp.o
                0x0000000008004ad4                HAL_UART_MspInit
 .text.NMI_Handler
                0x0000000008004bd8        0x6 ./Core/Src/stm32f4xx_it.o
                0x0000000008004bd8                NMI_Handler
 .text.HardFault_Handler
                0x0000000008004bde        0x6 ./Core/Src/stm32f4xx_it.o
                0x0000000008004bde                HardFault_Handler
 .text.MemManage_Handler
                0x0000000008004be4        0x6 ./Core/Src/stm32f4xx_it.o
                0x0000000008004be4                MemManage_Handler
 .text.BusFault_Handler
                0x0000000008004bea        0x6 ./Core/Src/stm32f4xx_it.o
                0x0000000008004bea                BusFault_Handler
 .text.UsageFault_Handler
                0x0000000008004bf0        0x6 ./Core/Src/stm32f4xx_it.o
                0x0000000008004bf0                UsageFault_Handler
 .text.SVC_Handler
                0x0000000008004bf6        0xe ./Core/Src/stm32f4xx_it.o
                0x0000000008004bf6                SVC_Handler
 .text.DebugMon_Handler
                0x0000000008004c04        0xe ./Core/Src/stm32f4xx_it.o
                0x0000000008004c04                DebugMon_Handler
 .text.PendSV_Handler
                0x0000000008004c12        0xe ./Core/Src/stm32f4xx_it.o
                0x0000000008004c12                PendSV_Handler
 .text.SysTick_Handler
                0x0000000008004c20        0xc ./Core/Src/stm32f4xx_it.o
                0x0000000008004c20                SysTick_Handler
 .text.DMA1_Stream6_IRQHandler
                0x0000000008004c2c       0x14 ./Core/Src/stm32f4xx_it.o
                0x0000000008004c2c                DMA1_Stream6_IRQHandler
 .text.TIM1_TRG_COM_TIM11_IRQHandler
                0x0000000008004c40       0x14 ./Core/Src/stm32f4xx_it.o
                0x0000000008004c40                TIM1_TRG_COM_TIM11_IRQHandler
 .text.TIM3_IRQHandler
                0x0000000008004c54       0x14 ./Core/Src/stm32f4xx_it.o
                0x0000000008004c54                TIM3_IRQHandler
 .text.TIM4_IRQHandler
                0x0000000008004c68       0x14 ./Core/Src/stm32f4xx_it.o
                0x0000000008004c68                TIM4_IRQHandler
 .text.USART2_IRQHandler
                0x0000000008004c7c       0x14 ./Core/Src/stm32f4xx_it.o
                0x0000000008004c7c                USART2_IRQHandler
 .text.EXTI15_10_IRQHandler
                0x0000000008004c90       0x10 ./Core/Src/stm32f4xx_it.o
                0x0000000008004c90                EXTI15_10_IRQHandler
 .text.DMA2_Stream0_IRQHandler
                0x0000000008004ca0       0x14 ./Core/Src/stm32f4xx_it.o
                0x0000000008004ca0                DMA2_Stream0_IRQHandler
 .text._sbrk    0x0000000008004cb4       0x6c ./Core/Src/sysmem.o
                0x0000000008004cb4                _sbrk
 .text.SystemInit
                0x0000000008004d20       0x24 ./Core/Src/system_stm32f4xx.o
                0x0000000008004d20                SystemInit
 .text.Reset_Handler
                0x0000000008004d44       0x50 ./Core/Startup/startup_stm32f411retx.o
                0x0000000008004d44                Reset_Handler
 .text.Default_Handler
                0x0000000008004d94        0x2 ./Core/Startup/startup_stm32f411retx.o
                0x0000000008004d94                RTC_Alarm_IRQHandler
                0x0000000008004d94                EXTI2_IRQHandler
                0x0000000008004d94                SPI4_IRQHandler
                0x0000000008004d94                TIM1_CC_IRQHandler
                0x0000000008004d94                DMA2_Stream5_IRQHandler
                0x0000000008004d94                DMA1_Stream5_IRQHandler
                0x0000000008004d94                PVD_IRQHandler
                0x0000000008004d94                SDIO_IRQHandler
                0x0000000008004d94                TAMP_STAMP_IRQHandler
                0x0000000008004d94                EXTI3_IRQHandler
                0x0000000008004d94                TIM1_UP_TIM10_IRQHandler
                0x0000000008004d94                I2C3_ER_IRQHandler
                0x0000000008004d94                EXTI0_IRQHandler
                0x0000000008004d94                I2C2_EV_IRQHandler
                0x0000000008004d94                DMA1_Stream2_IRQHandler
                0x0000000008004d94                FPU_IRQHandler
                0x0000000008004d94                DMA2_Stream2_IRQHandler
                0x0000000008004d94                SPI1_IRQHandler
                0x0000000008004d94                TIM1_BRK_TIM9_IRQHandler
                0x0000000008004d94                DMA2_Stream3_IRQHandler
                0x0000000008004d94                USART6_IRQHandler
                0x0000000008004d94                I2C1_EV_IRQHandler
                0x0000000008004d94                DMA1_Stream1_IRQHandler
                0x0000000008004d94                RCC_IRQHandler
                0x0000000008004d94                Default_Handler
                0x0000000008004d94                ADC_IRQHandler
                0x0000000008004d94                DMA1_Stream7_IRQHandler
                0x0000000008004d94                SPI5_IRQHandler
                0x0000000008004d94                TIM5_IRQHandler
                0x0000000008004d94                DMA2_Stream7_IRQHandler
                0x0000000008004d94                I2C3_EV_IRQHandler
                0x0000000008004d94                EXTI9_5_IRQHandler
                0x0000000008004d94                RTC_WKUP_IRQHandler
                0x0000000008004d94                SPI2_IRQHandler
                0x0000000008004d94                DMA1_Stream0_IRQHandler
                0x0000000008004d94                EXTI4_IRQHandler
                0x0000000008004d94                WWDG_IRQHandler
                0x0000000008004d94                TIM2_IRQHandler
                0x0000000008004d94                OTG_FS_WKUP_IRQHandler
                0x0000000008004d94                EXTI1_IRQHandler
                0x0000000008004d94                I2C2_ER_IRQHandler
                0x0000000008004d94                DMA2_Stream1_IRQHandler
                0x0000000008004d94                FLASH_IRQHandler
                0x0000000008004d94                DMA2_Stream4_IRQHandler
                0x0000000008004d94                USART1_IRQHandler
                0x0000000008004d94                OTG_FS_IRQHandler
                0x0000000008004d94                SPI3_IRQHandler
                0x0000000008004d94                DMA1_Stream4_IRQHandler
                0x0000000008004d94                I2C1_ER_IRQHandler
                0x0000000008004d94                DMA2_Stream6_IRQHandler
                0x0000000008004d94                DMA1_Stream3_IRQHandler
 *fill*         0x0000000008004d96        0x2 
 .text.HAL_Init
                0x0000000008004d98       0x44 ./Drivers/STM32F4xx_HAL_Driver/Src/stm32f4xx_hal.o
                0x0000000008004d98                HAL_Init
 .text.HAL_InitTick
                0x0000000008004ddc       0x60 ./Drivers/STM32F4xx_HAL_Driver/Src/stm32f4xx_hal.o
                0x0000000008004ddc                HAL_InitTick
 .text.HAL_IncTick
                0x0000000008004e3c       0x28 ./Drivers/STM32F4xx_HAL_Driver/Src/stm32f4xx_hal.o
                0x0000000008004e3c                HAL_IncTick
 .text.HAL_GetTick
                0x0000000008004e64       0x18 ./Drivers/STM32F4xx_HAL_Driver/Src/stm32f4xx_hal.o
                0x0000000008004e64                HAL_GetTick
 .text.HAL_ADC_Init
                0x0000000008004e7c       0x86 ./Drivers/STM32F4xx_HAL_Driver/Src/stm32f4xx_hal_adc.o
                0x0000000008004e7c                HAL_ADC_Init
 *fill*         0x0000000008004f02        0x2 
 .text.HAL_ADC_Start_DMA
                0x0000000008004f04      0x1e0 ./Drivers/STM32F4xx_HAL_Driver/Src/stm32f4xx_hal_adc.o
                0x0000000008004f04                HAL_ADC_Start_DMA
 .text.HAL_ADC_ConvCpltCallback
                0x00000000080050e4       0x14 ./Drivers/STM32F4xx_HAL_Driver/Src/stm32f4xx_hal_adc.o
                0x00000000080050e4                HAL_ADC_ConvCpltCallback
 .text.HAL_ADC_ConvHalfCpltCallback
                0x00000000080050f8       0x14 ./Drivers/STM32F4xx_HAL_Driver/Src/stm32f4xx_hal_adc.o
                0x00000000080050f8                HAL_ADC_ConvHalfCpltCallback
 .text.HAL_ADC_ErrorCallback
                0x000000000800510c       0x14 ./Drivers/STM32F4xx_HAL_Driver/Src/stm32f4xx_hal_adc.o
                0x000000000800510c                HAL_ADC_ErrorCallback
 .text.HAL_ADC_ConfigChannel
                0x0000000008005120      0x264 ./Drivers/STM32F4xx_HAL_Driver/Src/stm32f4xx_hal_adc.o
                0x0000000008005120                HAL_ADC_ConfigChannel
 .text.ADC_Init
                0x0000000008005384      0x1f8 ./Drivers/STM32F4xx_HAL_Driver/Src/stm32f4xx_hal_adc.o
 .text.ADC_DMAConvCplt
                0x000000000800557c       0xba ./Drivers/STM32F4xx_HAL_Driver/Src/stm32f4xx_hal_adc.o
 .text.ADC_DMAHalfConvCplt
                0x0000000008005636       0x1c ./Drivers/STM32F4xx_HAL_Driver/Src/stm32f4xx_hal_adc.o
 .text.ADC_DMAError
                0x0000000008005652       0x2e ./Drivers/STM32F4xx_HAL_Driver/Src/stm32f4xx_hal_adc.o
 .text.__NVIC_SetPriorityGrouping
                0x0000000008005680       0x48 ./Drivers/STM32F4xx_HAL_Driver/Src/stm32f4xx_hal_cortex.o
 .text.__NVIC_GetPriorityGrouping
                0x00000000080056c8       0x1c ./Drivers/STM32F4xx_HAL_Driver/Src/stm32f4xx_hal_cortex.o
 .text.__NVIC_EnableIRQ
                0x00000000080056e4       0x3c ./Drivers/STM32F4xx_HAL_Driver/Src/stm32f4xx_hal_cortex.o
 .text.__NVIC_SetPriority
                0x0000000008005720       0x54 ./Drivers/STM32F4xx_HAL_Driver/Src/stm32f4xx_hal_cortex.o
 .text.NVIC_EncodePriority
                0x0000000008005774       0x66 ./Drivers/STM32F4xx_HAL_Driver/Src/stm32f4xx_hal_cortex.o
 *fill*         0x00000000080057da        0x2 
 .text.SysTick_Config
                0x00000000080057dc       0x44 ./Drivers/STM32F4xx_HAL_Driver/Src/stm32f4xx_hal_cortex.o
 .text.HAL_NVIC_SetPriorityGrouping
                0x0000000008005820       0x16 ./Drivers/STM32F4xx_HAL_Driver/Src/stm32f4xx_hal_cortex.o
                0x0000000008005820                HAL_NVIC_SetPriorityGrouping
 .text.HAL_NVIC_SetPriority
                0x0000000008005836       0x38 ./Drivers/STM32F4xx_HAL_Driver/Src/stm32f4xx_hal_cortex.o
                0x0000000008005836                HAL_NVIC_SetPriority
 .text.HAL_NVIC_EnableIRQ
                0x000000000800586e       0x1c ./Drivers/STM32F4xx_HAL_Driver/Src/stm32f4xx_hal_cortex.o
                0x000000000800586e                HAL_NVIC_EnableIRQ
 .text.HAL_SYSTICK_Config
                0x000000000800588a       0x18 ./Drivers/STM32F4xx_HAL_Driver/Src/stm32f4xx_hal_cortex.o
                0x000000000800588a                HAL_SYSTICK_Config
 *fill*         0x00000000080058a2        0x2 
 .text.HAL_DMA_Init
                0x00000000080058a4      0x15c ./Drivers/STM32F4xx_HAL_Driver/Src/stm32f4xx_hal_dma.o
                0x00000000080058a4                HAL_DMA_Init
 .text.HAL_DMA_Start_IT
                0x0000000008005a00       0xb0 ./Drivers/STM32F4xx_HAL_Driver/Src/stm32f4xx_hal_dma.o
                0x0000000008005a00                HAL_DMA_Start_IT
 .text.HAL_DMA_Abort
                0x0000000008005ab0       0xe0 ./Drivers/STM32F4xx_HAL_Driver/Src/stm32f4xx_hal_dma.o
                0x0000000008005ab0                HAL_DMA_Abort
 .text.HAL_DMA_Abort_IT
                0x0000000008005b90       0x44 ./Drivers/STM32F4xx_HAL_Driver/Src/stm32f4xx_hal_dma.o
                0x0000000008005b90                HAL_DMA_Abort_IT
 .text.HAL_DMA_IRQHandler
                0x0000000008005bd4      0x314 ./Drivers/STM32F4xx_HAL_Driver/Src/stm32f4xx_hal_dma.o
                0x0000000008005bd4                HAL_DMA_IRQHandler
 .text.HAL_DMA_GetError
                0x0000000008005ee8       0x18 ./Drivers/STM32F4xx_HAL_Driver/Src/stm32f4xx_hal_dma.o
                0x0000000008005ee8                HAL_DMA_GetError
 .text.DMA_SetConfig
                0x0000000008005f00       0x5c ./Drivers/STM32F4xx_HAL_Driver/Src/stm32f4xx_hal_dma.o
 .text.DMA_CalcBaseAndBitshift
                0x0000000008005f5c       0x6c ./Drivers/STM32F4xx_HAL_Driver/Src/stm32f4xx_hal_dma.o
 .text.DMA_CheckFifoParam
                0x0000000008005fc8       0xf8 ./Drivers/STM32F4xx_HAL_Driver/Src/stm32f4xx_hal_dma.o
 .text.HAL_GPIO_Init
                0x00000000080060c0      0x308 ./Drivers/STM32F4xx_HAL_Driver/Src/stm32f4xx_hal_gpio.o
                0x00000000080060c0                HAL_GPIO_Init
 .text.HAL_GPIO_ReadPin
                0x00000000080063c8       0x30 ./Drivers/STM32F4xx_HAL_Driver/Src/stm32f4xx_hal_gpio.o
                0x00000000080063c8                HAL_GPIO_ReadPin
 .text.HAL_GPIO_WritePin
                0x00000000080063f8       0x32 ./Drivers/STM32F4xx_HAL_Driver/Src/stm32f4xx_hal_gpio.o
                0x00000000080063f8                HAL_GPIO_WritePin
 *fill*         0x000000000800642a        0x2 
 .text.HAL_GPIO_EXTI_IRQHandler
                0x000000000800642c       0x30 ./Drivers/STM32F4xx_HAL_Driver/Src/stm32f4xx_hal_gpio.o
                0x000000000800642c                HAL_GPIO_EXTI_IRQHandler
 .text.HAL_GPIO_EXTI_Callback
                0x000000000800645c       0x16 ./Drivers/STM32F4xx_HAL_Driver/Src/stm32f4xx_hal_gpio.o
                0x000000000800645c                HAL_GPIO_EXTI_Callback
 *fill*         0x0000000008006472        0x2 
 .text.HAL_I2C_Init
                0x0000000008006474      0x288 ./Drivers/STM32F4xx_HAL_Driver/Src/stm32f4xx_hal_i2c.o
                0x0000000008006474                HAL_I2C_Init
 .text.HAL_RCC_OscConfig
                0x00000000080066fc      0x4f0 ./Drivers/STM32F4xx_HAL_Driver/Src/stm32f4xx_hal_rcc.o
                0x00000000080066fc                HAL_RCC_OscConfig
 .text.HAL_RCC_ClockConfig
                0x0000000008006bec      0x1cc ./Drivers/STM32F4xx_HAL_Driver/Src/stm32f4xx_hal_rcc.o
                0x0000000008006bec                HAL_RCC_ClockConfig
 .text.HAL_RCC_GetSysClockFreq
                0x0000000008006db8      0x20c ./Drivers/STM32F4xx_HAL_Driver/Src/stm32f4xx_hal_rcc.o
                0x0000000008006db8                HAL_RCC_GetSysClockFreq
 .text.HAL_RCC_GetHCLKFreq
                0x0000000008006fc4       0x18 ./Drivers/STM32F4xx_HAL_Driver/Src/stm32f4xx_hal_rcc.o
                0x0000000008006fc4                HAL_RCC_GetHCLKFreq
 .text.HAL_RCC_GetPCLK1Freq
                0x0000000008006fdc       0x28 ./Drivers/STM32F4xx_HAL_Driver/Src/stm32f4xx_hal_rcc.o
                0x0000000008006fdc                HAL_RCC_GetPCLK1Freq
 .text.HAL_RCC_GetPCLK2Freq
                0x0000000008007004       0x28 ./Drivers/STM32F4xx_HAL_Driver/Src/stm32f4xx_hal_rcc.o
                0x0000000008007004                HAL_RCC_GetPCLK2Freq
 .text.HAL_TIM_Base_Init
                0x000000000800702c       0xb8 ./Drivers/STM32F4xx_HAL_Driver/Src/stm32f4xx_hal_tim.o
                0x000000000800702c                HAL_TIM_Base_Init
 .text.HAL_TIM_Base_Start
                0x00000000080070e4       0xb4 ./Drivers/STM32F4xx_HAL_Driver/Src/stm32f4xx_hal_tim.o
                0x00000000080070e4                HAL_TIM_Base_Start
 .text.HAL_TIM_Base_Start_IT
                0x0000000008007198       0xc4 ./Drivers/STM32F4xx_HAL_Driver/Src/stm32f4xx_hal_tim.o
                0x0000000008007198                HAL_TIM_Base_Start_IT
 .text.HAL_TIM_OC_Init
                0x000000000800725c       0xb8 ./Drivers/STM32F4xx_HAL_Driver/Src/stm32f4xx_hal_tim.o
                0x000000000800725c                HAL_TIM_OC_Init
 .text.HAL_TIM_OC_MspInit
                0x0000000008007314       0x14 ./Drivers/STM32F4xx_HAL_Driver/Src/stm32f4xx_hal_tim.o
                0x0000000008007314                HAL_TIM_OC_MspInit
 .text.HAL_TIM_PWM_Init
                0x0000000008007328       0xb8 ./Drivers/STM32F4xx_HAL_Driver/Src/stm32f4xx_hal_tim.o
                0x0000000008007328                HAL_TIM_PWM_Init
 .text.HAL_TIM_PWM_MspInit
                0x00000000080073e0       0x14 ./Drivers/STM32F4xx_HAL_Driver/Src/stm32f4xx_hal_tim.o
                0x00000000080073e0                HAL_TIM_PWM_MspInit
 .text.HAL_TIM_PWM_Start
                0x00000000080073f4      0x160 ./Drivers/STM32F4xx_HAL_Driver/Src/stm32f4xx_hal_tim.o
                0x00000000080073f4                HAL_TIM_PWM_Start
 .text.HAL_TIM_OnePulse_Init
                0x0000000008007554       0xbc ./Drivers/STM32F4xx_HAL_Driver/Src/stm32f4xx_hal_tim.o
                0x0000000008007554                HAL_TIM_OnePulse_Init
 .text.HAL_TIM_OnePulse_MspInit
                0x0000000008007610       0x14 ./Drivers/STM32F4xx_HAL_Driver/Src/stm32f4xx_hal_tim.o
                0x0000000008007610                HAL_TIM_OnePulse_MspInit
 .text.HAL_TIM_OnePulse_Start_IT
                0x0000000008007624       0xcc ./Drivers/STM32F4xx_HAL_Driver/Src/stm32f4xx_hal_tim.o
                0x0000000008007624                HAL_TIM_OnePulse_Start_IT
 .text.HAL_TIM_Encoder_Init
                0x00000000080076f0      0x168 ./Drivers/STM32F4xx_HAL_Driver/Src/stm32f4xx_hal_tim.o
                0x00000000080076f0                HAL_TIM_Encoder_Init
 .text.HAL_TIM_Encoder_Start
                0x0000000008007858      0x11c ./Drivers/STM32F4xx_HAL_Driver/Src/stm32f4xx_hal_tim.o
                0x0000000008007858                HAL_TIM_Encoder_Start
 .text.HAL_TIM_IRQHandler
                0x0000000008007974      0x250 ./Drivers/STM32F4xx_HAL_Driver/Src/stm32f4xx_hal_tim.o
                0x0000000008007974                HAL_TIM_IRQHandler
 .text.HAL_TIM_OC_ConfigChannel
                0x0000000008007bc4       0xb8 ./Drivers/STM32F4xx_HAL_Driver/Src/stm32f4xx_hal_tim.o
                0x0000000008007bc4                HAL_TIM_OC_ConfigChannel
 .text.HAL_TIM_PWM_ConfigChannel
                0x0000000008007c7c      0x184 ./Drivers/STM32F4xx_HAL_Driver/Src/stm32f4xx_hal_tim.o
                0x0000000008007c7c                HAL_TIM_PWM_ConfigChannel
 .text.HAL_TIM_ConfigClockSource
                0x0000000008007e00      0x18e ./Drivers/STM32F4xx_HAL_Driver/Src/stm32f4xx_hal_tim.o
                0x0000000008007e00                HAL_TIM_ConfigClockSource
 .text.HAL_TIM_PeriodElapsedHalfCpltCallback
                0x0000000008007f8e       0x14 ./Drivers/STM32F4xx_HAL_Driver/Src/stm32f4xx_hal_tim.o
                0x0000000008007f8e                HAL_TIM_PeriodElapsedHalfCpltCallback
 .text.HAL_TIM_OC_DelayElapsedCallback
                0x0000000008007fa2       0x14 ./Drivers/STM32F4xx_HAL_Driver/Src/stm32f4xx_hal_tim.o
                0x0000000008007fa2                HAL_TIM_OC_DelayElapsedCallback
 .text.HAL_TIM_IC_CaptureCallback
                0x0000000008007fb6       0x14 ./Drivers/STM32F4xx_HAL_Driver/Src/stm32f4xx_hal_tim.o
                0x0000000008007fb6                HAL_TIM_IC_CaptureCallback
 .text.HAL_TIM_IC_CaptureHalfCpltCallback
                0x0000000008007fca       0x14 ./Drivers/STM32F4xx_HAL_Driver/Src/stm32f4xx_hal_tim.o
                0x0000000008007fca                HAL_TIM_IC_CaptureHalfCpltCallback
 .text.HAL_TIM_PWM_PulseFinishedCallback
                0x0000000008007fde       0x14 ./Drivers/STM32F4xx_HAL_Driver/Src/stm32f4xx_hal_tim.o
                0x0000000008007fde                HAL_TIM_PWM_PulseFinishedCallback
 .text.HAL_TIM_PWM_PulseFinishedHalfCpltCallback
                0x0000000008007ff2       0x14 ./Drivers/STM32F4xx_HAL_Driver/Src/stm32f4xx_hal_tim.o
                0x0000000008007ff2                HAL_TIM_PWM_PulseFinishedHalfCpltCallback
 .text.HAL_TIM_TriggerCallback
                0x0000000008008006       0x14 ./Drivers/STM32F4xx_HAL_Driver/Src/stm32f4xx_hal_tim.o
                0x0000000008008006                HAL_TIM_TriggerCallback
 .text.HAL_TIM_TriggerHalfCpltCallback
                0x000000000800801a       0x14 ./Drivers/STM32F4xx_HAL_Driver/Src/stm32f4xx_hal_tim.o
                0x000000000800801a                HAL_TIM_TriggerHalfCpltCallback
 .text.HAL_TIM_ErrorCallback
                0x000000000800802e       0x14 ./Drivers/STM32F4xx_HAL_Driver/Src/stm32f4xx_hal_tim.o
                0x000000000800802e                HAL_TIM_ErrorCallback
 *fill*         0x0000000008008042        0x2 
 .text.HAL_TIM_RegisterCallback
                0x0000000008008044      0x294 ./Drivers/STM32F4xx_HAL_Driver/Src/stm32f4xx_hal_tim.o
                0x0000000008008044                HAL_TIM_RegisterCallback
 .text.TIM_Base_SetConfig
                0x00000000080082d8      0x100 ./Drivers/STM32F4xx_HAL_Driver/Src/stm32f4xx_hal_tim.o
                0x00000000080082d8                TIM_Base_SetConfig
 .text.TIM_OC1_SetConfig
                0x00000000080083d8       0xcc ./Drivers/STM32F4xx_HAL_Driver/Src/stm32f4xx_hal_tim.o
 .text.TIM_OC2_SetConfig
                0x00000000080084a4       0xd8 ./Drivers/STM32F4xx_HAL_Driver/Src/stm32f4xx_hal_tim.o
                0x00000000080084a4                TIM_OC2_SetConfig
 .text.TIM_OC3_SetConfig
                0x000000000800857c       0xd4 ./Drivers/STM32F4xx_HAL_Driver/Src/stm32f4xx_hal_tim.o
 .text.TIM_OC4_SetConfig
                0x0000000008008650       0xa0 ./Drivers/STM32F4xx_HAL_Driver/Src/stm32f4xx_hal_tim.o
 .text.TIM_TI1_ConfigInputStage
                0x00000000080086f0       0x5e ./Drivers/STM32F4xx_HAL_Driver/Src/stm32f4xx_hal_tim.o
 .text.TIM_TI2_ConfigInputStage
                0x000000000800874e       0x60 ./Drivers/STM32F4xx_HAL_Driver/Src/stm32f4xx_hal_tim.o
 .text.TIM_ITRx_SetConfig
                0x00000000080087ae       0x36 ./Drivers/STM32F4xx_HAL_Driver/Src/stm32f4xx_hal_tim.o
 .text.TIM_ETR_SetConfig
                0x00000000080087e4       0x40 ./Drivers/STM32F4xx_HAL_Driver/Src/stm32f4xx_hal_tim.o
                0x00000000080087e4                TIM_ETR_SetConfig
 .text.TIM_CCxChannelCmd
                0x0000000008008824       0x4a ./Drivers/STM32F4xx_HAL_Driver/Src/stm32f4xx_hal_tim.o
                0x0000000008008824                TIM_CCxChannelCmd
 *fill*         0x000000000800886e        0x2 
 .text.TIM_ResetCallback
                0x0000000008008870       0xb0 ./Drivers/STM32F4xx_HAL_Driver/Src/stm32f4xx_hal_tim.o
                0x0000000008008870                TIM_ResetCallback
 .text.HAL_TIMEx_MasterConfigSynchronization
                0x0000000008008920       0xdc ./Drivers/STM32F4xx_HAL_Driver/Src/stm32f4xx_hal_tim_ex.o
                0x0000000008008920                HAL_TIMEx_MasterConfigSynchronization
 .text.HAL_TIMEx_CommutCallback
                0x00000000080089fc       0x14 ./Drivers/STM32F4xx_HAL_Driver/Src/stm32f4xx_hal_tim_ex.o
                0x00000000080089fc                HAL_TIMEx_CommutCallback
 .text.HAL_TIMEx_CommutHalfCpltCallback
                0x0000000008008a10       0x14 ./Drivers/STM32F4xx_HAL_Driver/Src/stm32f4xx_hal_tim_ex.o
                0x0000000008008a10                HAL_TIMEx_CommutHalfCpltCallback
 .text.HAL_TIMEx_BreakCallback
                0x0000000008008a24       0x14 ./Drivers/STM32F4xx_HAL_Driver/Src/stm32f4xx_hal_tim_ex.o
                0x0000000008008a24                HAL_TIMEx_BreakCallback
 .text.HAL_UART_Init
                0x0000000008008a38       0xb4 ./Drivers/STM32F4xx_HAL_Driver/Src/stm32f4xx_hal_uart.o
                0x0000000008008a38                HAL_UART_Init
 .text.HAL_UART_RegisterCallback
                0x0000000008008aec      0x150 ./Drivers/STM32F4xx_HAL_Driver/Src/stm32f4xx_hal_uart.o
                0x0000000008008aec                HAL_UART_RegisterCallback
 .text.HAL_UART_Receive_IT
                0x0000000008008c3c       0x60 ./Drivers/STM32F4xx_HAL_Driver/Src/stm32f4xx_hal_uart.o
                0x0000000008008c3c                HAL_UART_Receive_IT
 .text.HAL_UART_Transmit_DMA
                0x0000000008008c9c       0xfc ./Drivers/STM32F4xx_HAL_Driver/Src/stm32f4xx_hal_uart.o
                0x0000000008008c9c                HAL_UART_Transmit_DMA
 .text.HAL_UART_AbortReceive
                0x0000000008008d98      0x146 ./Drivers/STM32F4xx_HAL_Driver/Src/stm32f4xx_hal_uart.o
                0x0000000008008d98                HAL_UART_AbortReceive
 *fill*         0x0000000008008ede        0x2 
 .text.HAL_UART_IRQHandler
                0x0000000008008ee0      0x524 ./Drivers/STM32F4xx_HAL_Driver/Src/stm32f4xx_hal_uart.o
                0x0000000008008ee0                HAL_UART_IRQHandler
 .text.HAL_UART_TxCpltCallback
                0x0000000008009404       0x14 ./Drivers/STM32F4xx_HAL_Driver/Src/stm32f4xx_hal_uart.o
                0x0000000008009404                HAL_UART_TxCpltCallback
 .text.HAL_UART_TxHalfCpltCallback
                0x0000000008009418       0x14 ./Drivers/STM32F4xx_HAL_Driver/Src/stm32f4xx_hal_uart.o
                0x0000000008009418                HAL_UART_TxHalfCpltCallback
 .text.HAL_UART_RxCpltCallback
                0x000000000800942c       0x14 ./Drivers/STM32F4xx_HAL_Driver/Src/stm32f4xx_hal_uart.o
                0x000000000800942c                HAL_UART_RxCpltCallback
 .text.HAL_UART_RxHalfCpltCallback
                0x0000000008009440       0x14 ./Drivers/STM32F4xx_HAL_Driver/Src/stm32f4xx_hal_uart.o
                0x0000000008009440                HAL_UART_RxHalfCpltCallback
 .text.HAL_UART_ErrorCallback
                0x0000000008009454       0x14 ./Drivers/STM32F4xx_HAL_Driver/Src/stm32f4xx_hal_uart.o
                0x0000000008009454                HAL_UART_ErrorCallback
 .text.HAL_UART_AbortCpltCallback
                0x0000000008009468       0x14 ./Drivers/STM32F4xx_HAL_Driver/Src/stm32f4xx_hal_uart.o
                0x0000000008009468                HAL_UART_AbortCpltCallback
 .text.HAL_UART_AbortTransmitCpltCallback
                0x000000000800947c       0x14 ./Drivers/STM32F4xx_HAL_Driver/Src/stm32f4xx_hal_uart.o
                0x000000000800947c                HAL_UART_AbortTransmitCpltCallback
 .text.HAL_UART_AbortReceiveCpltCallback
                0x0000000008009490       0x14 ./Drivers/STM32F4xx_HAL_Driver/Src/stm32f4xx_hal_uart.o
                0x0000000008009490                HAL_UART_AbortReceiveCpltCallback
 .text.HAL_UARTEx_RxEventCallback
                0x00000000080094a4       0x18 ./Drivers/STM32F4xx_HAL_Driver/Src/stm32f4xx_hal_uart.o
                0x00000000080094a4                HAL_UARTEx_RxEventCallback
 .text.UART_InitCallbacksToDefault
                0x00000000080094bc       0x70 ./Drivers/STM32F4xx_HAL_Driver/Src/stm32f4xx_hal_uart.o
                0x00000000080094bc                UART_InitCallbacksToDefault
 .text.UART_DMATransmitCplt
                0x000000000800952c       0x9c ./Drivers/STM32F4xx_HAL_Driver/Src/stm32f4xx_hal_uart.o
 .text.UART_DMATxHalfCplt
                0x00000000080095c8       0x1e ./Drivers/STM32F4xx_HAL_Driver/Src/stm32f4xx_hal_uart.o
 .text.UART_DMAError
                0x00000000080095e6       0x96 ./Drivers/STM32F4xx_HAL_Driver/Src/stm32f4xx_hal_uart.o
 .text.UART_Start_Receive_IT
                0x000000000800967c       0x7c ./Drivers/STM32F4xx_HAL_Driver/Src/stm32f4xx_hal_uart.o
                0x000000000800967c                UART_Start_Receive_IT
 .text.UART_EndTxTransfer
                0x00000000080096f8       0x50 ./Drivers/STM32F4xx_HAL_Driver/Src/stm32f4xx_hal_uart.o
 .text.UART_EndRxTransfer
                0x0000000008009748       0xc6 ./Drivers/STM32F4xx_HAL_Driver/Src/stm32f4xx_hal_uart.o
 .text.UART_DMAAbortOnError
                0x000000000800980e       0x2a ./Drivers/STM32F4xx_HAL_Driver/Src/stm32f4xx_hal_uart.o
 .text.UART_Transmit_IT
                0x0000000008009838       0xa0 ./Drivers/STM32F4xx_HAL_Driver/Src/stm32f4xx_hal_uart.o
 .text.UART_EndTransmit_IT
                0x00000000080098d8       0x32 ./Drivers/STM32F4xx_HAL_Driver/Src/stm32f4xx_hal_uart.o
 .text.UART_Receive_IT
                0x000000000800990a      0x17a ./Drivers/STM32F4xx_HAL_Driver/Src/stm32f4xx_hal_uart.o
 .text.UART_SetConfig
                0x0000000008009a84      0x4e8 ./Drivers/STM32F4xx_HAL_Driver/Src/stm32f4xx_hal_uart.o
 .text.calloc   0x0000000008009f6c       0x10 c:/st/stm32cubeide_1.11.0/stm32cubeide/plugins/com.st.stm32cube.ide.mcu.externaltools.gnu-tools-for-stm32.10.3-2021.10.win32_1.0.200.202301161003/tools/bin/../lib/gcc/arm-none-eabi/10.3.1/../../../../arm-none-eabi/lib/thumb/v7e-m+fp/hard\libc_nano.a(lib_a-calloc.o)
                0x0000000008009f6c                calloc
 .text.__errno  0x0000000008009f7c        0xc c:/st/stm32cubeide_1.11.0/stm32cubeide/plugins/com.st.stm32cube.ide.mcu.externaltools.gnu-tools-for-stm32.10.3-2021.10.win32_1.0.200.202301161003/tools/bin/../lib/gcc/arm-none-eabi/10.3.1/../../../../arm-none-eabi/lib/thumb/v7e-m+fp/hard\libc_nano.a(lib_a-errno.o)
                0x0000000008009f7c                __errno
 .text.__libc_init_array
                0x0000000008009f88       0x48 c:/st/stm32cubeide_1.11.0/stm32cubeide/plugins/com.st.stm32cube.ide.mcu.externaltools.gnu-tools-for-stm32.10.3-2021.10.win32_1.0.200.202301161003/tools/bin/../lib/gcc/arm-none-eabi/10.3.1/../../../../arm-none-eabi/lib/thumb/v7e-m+fp/hard\libc_nano.a(lib_a-init.o)
                0x0000000008009f88                __libc_init_array
 .text.malloc   0x0000000008009fd0       0x10 c:/st/stm32cubeide_1.11.0/stm32cubeide/plugins/com.st.stm32cube.ide.mcu.externaltools.gnu-tools-for-stm32.10.3-2021.10.win32_1.0.200.202301161003/tools/bin/../lib/gcc/arm-none-eabi/10.3.1/../../../../arm-none-eabi/lib/thumb/v7e-m+fp/hard\libc_nano.a(lib_a-malloc.o)
                0x0000000008009fd0                malloc
 .text.free     0x0000000008009fe0       0x10 c:/st/stm32cubeide_1.11.0/stm32cubeide/plugins/com.st.stm32cube.ide.mcu.externaltools.gnu-tools-for-stm32.10.3-2021.10.win32_1.0.200.202301161003/tools/bin/../lib/gcc/arm-none-eabi/10.3.1/../../../../arm-none-eabi/lib/thumb/v7e-m+fp/hard\libc_nano.a(lib_a-malloc.o)
                0x0000000008009fe0                free
 .text.memcpy   0x0000000008009ff0       0x1c c:/st/stm32cubeide_1.11.0/stm32cubeide/plugins/com.st.stm32cube.ide.mcu.externaltools.gnu-tools-for-stm32.10.3-2021.10.win32_1.0.200.202301161003/tools/bin/../lib/gcc/arm-none-eabi/10.3.1/../../../../arm-none-eabi/lib/thumb/v7e-m+fp/hard\libc_nano.a(lib_a-memcpy-stub.o)
                0x0000000008009ff0                memcpy
 .text.memset   0x000000000800a00c       0x10 c:/st/stm32cubeide_1.11.0/stm32cubeide/plugins/com.st.stm32cube.ide.mcu.externaltools.gnu-tools-for-stm32.10.3-2021.10.win32_1.0.200.202301161003/tools/bin/../lib/gcc/arm-none-eabi/10.3.1/../../../../arm-none-eabi/lib/thumb/v7e-m+fp/hard\libc_nano.a(lib_a-memset.o)
                0x000000000800a00c                memset
 .text._calloc_r
                0x000000000800a01c       0x2c c:/st/stm32cubeide_1.11.0/stm32cubeide/plugins/com.st.stm32cube.ide.mcu.externaltools.gnu-tools-for-stm32.10.3-2021.10.win32_1.0.200.202301161003/tools/bin/../lib/gcc/arm-none-eabi/10.3.1/../../../../arm-none-eabi/lib/thumb/v7e-m+fp/hard\libc_nano.a(lib_a-nano-callocr.o)
                0x000000000800a01c                _calloc_r
 .text._free_r  0x000000000800a048       0x98 c:/st/stm32cubeide_1.11.0/stm32cubeide/plugins/com.st.stm32cube.ide.mcu.externaltools.gnu-tools-for-stm32.10.3-2021.10.win32_1.0.200.202301161003/tools/bin/../lib/gcc/arm-none-eabi/10.3.1/../../../../arm-none-eabi/lib/thumb/v7e-m+fp/hard\libc_nano.a(lib_a-nano-freer.o)
                0x000000000800a048                _free_r
 .text.sbrk_aligned
                0x000000000800a0e0       0x40 c:/st/stm32cubeide_1.11.0/stm32cubeide/plugins/com.st.stm32cube.ide.mcu.externaltools.gnu-tools-for-stm32.10.3-2021.10.win32_1.0.200.202301161003/tools/bin/../lib/gcc/arm-none-eabi/10.3.1/../../../../arm-none-eabi/lib/thumb/v7e-m+fp/hard\libc_nano.a(lib_a-nano-mallocr.o)
 .text._malloc_r
                0x000000000800a120       0xe8 c:/st/stm32cubeide_1.11.0/stm32cubeide/plugins/com.st.stm32cube.ide.mcu.externaltools.gnu-tools-for-stm32.10.3-2021.10.win32_1.0.200.202301161003/tools/bin/../lib/gcc/arm-none-eabi/10.3.1/../../../../arm-none-eabi/lib/thumb/v7e-m+fp/hard\libc_nano.a(lib_a-nano-mallocr.o)
                0x000000000800a120                _malloc_r
 .text._sbrk_r  0x000000000800a208       0x20 c:/st/stm32cubeide_1.11.0/stm32cubeide/plugins/com.st.stm32cube.ide.mcu.externaltools.gnu-tools-for-stm32.10.3-2021.10.win32_1.0.200.202301161003/tools/bin/../lib/gcc/arm-none-eabi/10.3.1/../../../../arm-none-eabi/lib/thumb/v7e-m+fp/hard\libc_nano.a(lib_a-sbrkr.o)
                0x000000000800a208                _sbrk_r
 .text.__malloc_lock
                0x000000000800a228        0xc c:/st/stm32cubeide_1.11.0/stm32cubeide/plugins/com.st.stm32cube.ide.mcu.externaltools.gnu-tools-for-stm32.10.3-2021.10.win32_1.0.200.202301161003/tools/bin/../lib/gcc/arm-none-eabi/10.3.1/../../../../arm-none-eabi/lib/thumb/v7e-m+fp/hard\libc_nano.a(lib_a-mlock.o)
                0x000000000800a228                __malloc_lock
 .text.__malloc_unlock
                0x000000000800a234        0xc c:/st/stm32cubeide_1.11.0/stm32cubeide/plugins/com.st.stm32cube.ide.mcu.externaltools.gnu-tools-for-stm32.10.3-2021.10.win32_1.0.200.202301161003/tools/bin/../lib/gcc/arm-none-eabi/10.3.1/../../../../arm-none-eabi/lib/thumb/v7e-m+fp/hard\libc_nano.a(lib_a-mlock.o)
                0x000000000800a234                __malloc_unlock
 .text.__retarget_lock_acquire_recursive
                0x000000000800a240        0x2 c:/st/stm32cubeide_1.11.0/stm32cubeide/plugins/com.st.stm32cube.ide.mcu.externaltools.gnu-tools-for-stm32.10.3-2021.10.win32_1.0.200.202301161003/tools/bin/../lib/gcc/arm-none-eabi/10.3.1/../../../../arm-none-eabi/lib/thumb/v7e-m+fp/hard\libc_nano.a(lib_a-lock.o)
                0x000000000800a240                __retarget_lock_acquire_recursive
 .text.__retarget_lock_release_recursive
                0x000000000800a242        0x2 c:/st/stm32cubeide_1.11.0/stm32cubeide/plugins/com.st.stm32cube.ide.mcu.externaltools.gnu-tools-for-stm32.10.3-2021.10.win32_1.0.200.202301161003/tools/bin/../lib/gcc/arm-none-eabi/10.3.1/../../../../arm-none-eabi/lib/thumb/v7e-m+fp/hard\libc_nano.a(lib_a-lock.o)
                0x000000000800a242                __retarget_lock_release_recursive
 *fill*         0x000000000800a244        0x4 
 .text.cos      0x000000000800a248       0xa8 c:/st/stm32cubeide_1.11.0/stm32cubeide/plugins/com.st.stm32cube.ide.mcu.externaltools.gnu-tools-for-stm32.10.3-2021.10.win32_1.0.200.202301161003/tools/bin/../lib/gcc/arm-none-eabi/10.3.1/../../../../arm-none-eabi/lib/thumb/v7e-m+fp/hard\libm.a(lib_a-s_cos.o)
                0x000000000800a248                cos
 .text.floor    0x000000000800a2f0      0x100 c:/st/stm32cubeide_1.11.0/stm32cubeide/plugins/com.st.stm32cube.ide.mcu.externaltools.gnu-tools-for-stm32.10.3-2021.10.win32_1.0.200.202301161003/tools/bin/../lib/gcc/arm-none-eabi/10.3.1/../../../../arm-none-eabi/lib/thumb/v7e-m+fp/hard\libm.a(lib_a-s_floor.o)
                0x000000000800a2f0                floor
 .text.sin      0x000000000800a3f0       0xb0 c:/st/stm32cubeide_1.11.0/stm32cubeide/plugins/com.st.stm32cube.ide.mcu.externaltools.gnu-tools-for-stm32.10.3-2021.10.win32_1.0.200.202301161003/tools/bin/../lib/gcc/arm-none-eabi/10.3.1/../../../../arm-none-eabi/lib/thumb/v7e-m+fp/hard\libm.a(lib_a-s_sin.o)
                0x000000000800a3f0                sin
 .text.acos     0x000000000800a4a0       0x68 c:/st/stm32cubeide_1.11.0/stm32cubeide/plugins/com.st.stm32cube.ide.mcu.externaltools.gnu-tools-for-stm32.10.3-2021.10.win32_1.0.200.202301161003/tools/bin/../lib/gcc/arm-none-eabi/10.3.1/../../../../arm-none-eabi/lib/thumb/v7e-m+fp/hard\libm.a(lib_a-w_acos.o)
                0x000000000800a4a0                acos
 .text.pow      0x000000000800a508       0xe0 c:/st/stm32cubeide_1.11.0/stm32cubeide/plugins/com.st.stm32cube.ide.mcu.externaltools.gnu-tools-for-stm32.10.3-2021.10.win32_1.0.200.202301161003/tools/bin/../lib/gcc/arm-none-eabi/10.3.1/../../../../arm-none-eabi/lib/thumb/v7e-m+fp/hard\libm.a(lib_a-w_pow.o)
                0x000000000800a508                pow
 .text.sqrt     0x000000000800a5e8       0x58 c:/st/stm32cubeide_1.11.0/stm32cubeide/plugins/com.st.stm32cube.ide.mcu.externaltools.gnu-tools-for-stm32.10.3-2021.10.win32_1.0.200.202301161003/tools/bin/../lib/gcc/arm-none-eabi/10.3.1/../../../../arm-none-eabi/lib/thumb/v7e-m+fp/hard\libm.a(lib_a-w_sqrt.o)
                0x000000000800a5e8                sqrt
 .text.__ieee754_acos
                0x000000000800a640      0x4c0 c:/st/stm32cubeide_1.11.0/stm32cubeide/plugins/com.st.stm32cube.ide.mcu.externaltools.gnu-tools-for-stm32.10.3-2021.10.win32_1.0.200.202301161003/tools/bin/../lib/gcc/arm-none-eabi/10.3.1/../../../../arm-none-eabi/lib/thumb/v7e-m+fp/hard\libm.a(lib_a-e_acos.o)
                0x000000000800a640                __ieee754_acos
 .text.__ieee754_pow
                0x000000000800ab00      0xa5c c:/st/stm32cubeide_1.11.0/stm32cubeide/plugins/com.st.stm32cube.ide.mcu.externaltools.gnu-tools-for-stm32.10.3-2021.10.win32_1.0.200.202301161003/tools/bin/../lib/gcc/arm-none-eabi/10.3.1/../../../../arm-none-eabi/lib/thumb/v7e-m+fp/hard\libm.a(lib_a-e_pow.o)
                0x000000000800ab00                __ieee754_pow
 *fill*         0x000000000800b55c        0x4 
 .text.__ieee754_rem_pio2
                0x000000000800b560      0x418 c:/st/stm32cubeide_1.11.0/stm32cubeide/plugins/com.st.stm32cube.ide.mcu.externaltools.gnu-tools-for-stm32.10.3-2021.10.win32_1.0.200.202301161003/tools/bin/../lib/gcc/arm-none-eabi/10.3.1/../../../../arm-none-eabi/lib/thumb/v7e-m+fp/hard\libm.a(lib_a-e_rem_pio2.o)
                0x000000000800b560                __ieee754_rem_pio2
 .text.__ieee754_sqrt
                0x000000000800b978      0x164 c:/st/stm32cubeide_1.11.0/stm32cubeide/plugins/com.st.stm32cube.ide.mcu.externaltools.gnu-tools-for-stm32.10.3-2021.10.win32_1.0.200.202301161003/tools/bin/../lib/gcc/arm-none-eabi/10.3.1/../../../../arm-none-eabi/lib/thumb/v7e-m+fp/hard\libm.a(lib_a-e_sqrt.o)
                0x000000000800b978                __ieee754_sqrt
 *fill*         0x000000000800badc        0x4 
 .text.__kernel_cos
                0x000000000800bae0      0x18c c:/st/stm32cubeide_1.11.0/stm32cubeide/plugins/com.st.stm32cube.ide.mcu.externaltools.gnu-tools-for-stm32.10.3-2021.10.win32_1.0.200.202301161003/tools/bin/../lib/gcc/arm-none-eabi/10.3.1/../../../../arm-none-eabi/lib/thumb/v7e-m+fp/hard\libm.a(lib_a-k_cos.o)
                0x000000000800bae0                __kernel_cos
 *fill*         0x000000000800bc6c        0x4 
 .text.__kernel_rem_pio2
                0x000000000800bc70      0x69c c:/st/stm32cubeide_1.11.0/stm32cubeide/plugins/com.st.stm32cube.ide.mcu.externaltools.gnu-tools-for-stm32.10.3-2021.10.win32_1.0.200.202301161003/tools/bin/../lib/gcc/arm-none-eabi/10.3.1/../../../../arm-none-eabi/lib/thumb/v7e-m+fp/hard\libm.a(lib_a-k_rem_pio2.o)
                0x000000000800bc70                __kernel_rem_pio2
 *fill*         0x000000000800c30c        0x4 
 .text.__kernel_sin
                0x000000000800c310      0x17c c:/st/stm32cubeide_1.11.0/stm32cubeide/plugins/com.st.stm32cube.ide.mcu.externaltools.gnu-tools-for-stm32.10.3-2021.10.win32_1.0.200.202301161003/tools/bin/../lib/gcc/arm-none-eabi/10.3.1/../../../../arm-none-eabi/lib/thumb/v7e-m+fp/hard\libm.a(lib_a-k_sin.o)
                0x000000000800c310                __kernel_sin
 .text.with_errno
                0x000000000800c48c       0x14 c:/st/stm32cubeide_1.11.0/stm32cubeide/plugins/com.st.stm32cube.ide.mcu.externaltools.gnu-tools-for-stm32.10.3-2021.10.win32_1.0.200.202301161003/tools/bin/../lib/gcc/arm-none-eabi/10.3.1/../../../../arm-none-eabi/lib/thumb/v7e-m+fp/hard\libm.a(lib_a-math_err.o)
 .text.xflow    0x000000000800c4a0       0x28 c:/st/stm32cubeide_1.11.0/stm32cubeide/plugins/com.st.stm32cube.ide.mcu.externaltools.gnu-tools-for-stm32.10.3-2021.10.win32_1.0.200.202301161003/tools/bin/../lib/gcc/arm-none-eabi/10.3.1/../../../../arm-none-eabi/lib/thumb/v7e-m+fp/hard\libm.a(lib_a-math_err.o)
 .text.__math_uflow
                0x000000000800c4c8       0x12 c:/st/stm32cubeide_1.11.0/stm32cubeide/plugins/com.st.stm32cube.ide.mcu.externaltools.gnu-tools-for-stm32.10.3-2021.10.win32_1.0.200.202301161003/tools/bin/../lib/gcc/arm-none-eabi/10.3.1/../../../../arm-none-eabi/lib/thumb/v7e-m+fp/hard\libm.a(lib_a-math_err.o)
                0x000000000800c4c8                __math_uflow
 .text.__math_oflow
                0x000000000800c4da       0x12 c:/st/stm32cubeide_1.11.0/stm32cubeide/plugins/com.st.stm32cube.ide.mcu.externaltools.gnu-tools-for-stm32.10.3-2021.10.win32_1.0.200.202301161003/tools/bin/../lib/gcc/arm-none-eabi/10.3.1/../../../../arm-none-eabi/lib/thumb/v7e-m+fp/hard\libm.a(lib_a-math_err.o)
                0x000000000800c4da                __math_oflow
 .text.fabs     0x000000000800c4ec       0x12 c:/st/stm32cubeide_1.11.0/stm32cubeide/plugins/com.st.stm32cube.ide.mcu.externaltools.gnu-tools-for-stm32.10.3-2021.10.win32_1.0.200.202301161003/tools/bin/../lib/gcc/arm-none-eabi/10.3.1/../../../../arm-none-eabi/lib/thumb/v7e-m+fp/hard\libm.a(lib_a-s_fabs.o)
                0x000000000800c4ec                fabs
 .text.finite   0x000000000800c4fe       0x16 c:/st/stm32cubeide_1.11.0/stm32cubeide/plugins/com.st.stm32cube.ide.mcu.externaltools.gnu-tools-for-stm32.10.3-2021.10.win32_1.0.200.202301161003/tools/bin/../lib/gcc/arm-none-eabi/10.3.1/../../../../arm-none-eabi/lib/thumb/v7e-m+fp/hard\libm.a(lib_a-s_finite.o)
                0x000000000800c4fe                finite
 *fill*         0x000000000800c514        0x4 
 .text.nan      0x000000000800c518       0x10 c:/st/stm32cubeide_1.11.0/stm32cubeide/plugins/com.st.stm32cube.ide.mcu.externaltools.gnu-tools-for-stm32.10.3-2021.10.win32_1.0.200.202301161003/tools/bin/../lib/gcc/arm-none-eabi/10.3.1/../../../../arm-none-eabi/lib/thumb/v7e-m+fp/hard\libm.a(lib_a-s_nan.o)
                0x000000000800c518                nan
 .text.scalbn   0x000000000800c528      0x10c c:/st/stm32cubeide_1.11.0/stm32cubeide/plugins/com.st.stm32cube.ide.mcu.externaltools.gnu-tools-for-stm32.10.3-2021.10.win32_1.0.200.202301161003/tools/bin/../lib/gcc/arm-none-eabi/10.3.1/../../../../arm-none-eabi/lib/thumb/v7e-m+fp/hard\libm.a(lib_a-s_scalbn.o)
                0x000000000800c528                scalbn
 *(.glue_7)
 .glue_7        0x000000000800c634        0x0 linker stubs
 *(.glue_7t)
 .glue_7t       0x000000000800c634        0x0 linker stubs
 *(.eh_frame)
 .eh_frame      0x000000000800c634        0x0 c:/st/stm32cubeide_1.11.0/stm32cubeide/plugins/com.st.stm32cube.ide.mcu.externaltools.gnu-tools-for-stm32.10.3-2021.10.win32_1.0.200.202301161003/tools/bin/../lib/gcc/arm-none-eabi/10.3.1/thumb/v7e-m+fp/hard/crtbegin.o
 *(.init)
 .init          0x000000000800c634        0x4 c:/st/stm32cubeide_1.11.0/stm32cubeide/plugins/com.st.stm32cube.ide.mcu.externaltools.gnu-tools-for-stm32.10.3-2021.10.win32_1.0.200.202301161003/tools/bin/../lib/gcc/arm-none-eabi/10.3.1/thumb/v7e-m+fp/hard/crti.o
                0x000000000800c634                _init
 .init          0x000000000800c638        0x8 c:/st/stm32cubeide_1.11.0/stm32cubeide/plugins/com.st.stm32cube.ide.mcu.externaltools.gnu-tools-for-stm32.10.3-2021.10.win32_1.0.200.202301161003/tools/bin/../lib/gcc/arm-none-eabi/10.3.1/thumb/v7e-m+fp/hard/crtn.o
 *(.fini)
 .fini          0x000000000800c640        0x4 c:/st/stm32cubeide_1.11.0/stm32cubeide/plugins/com.st.stm32cube.ide.mcu.externaltools.gnu-tools-for-stm32.10.3-2021.10.win32_1.0.200.202301161003/tools/bin/../lib/gcc/arm-none-eabi/10.3.1/thumb/v7e-m+fp/hard/crti.o
                0x000000000800c640                _fini
 .fini          0x000000000800c644        0x8 c:/st/stm32cubeide_1.11.0/stm32cubeide/plugins/com.st.stm32cube.ide.mcu.externaltools.gnu-tools-for-stm32.10.3-2021.10.win32_1.0.200.202301161003/tools/bin/../lib/gcc/arm-none-eabi/10.3.1/thumb/v7e-m+fp/hard/crtn.o
                0x000000000800c64c                . = ALIGN (0x4)
                0x000000000800c64c                _etext = .

.vfp11_veneer   0x000000000800c64c        0x0
 .vfp11_veneer  0x000000000800c64c        0x0 linker stubs

.v4_bx          0x000000000800c64c        0x0
 .v4_bx         0x000000000800c64c        0x0 linker stubs

.iplt           0x000000000800c64c        0x0
 .iplt          0x000000000800c64c        0x0 c:/st/stm32cubeide_1.11.0/stm32cubeide/plugins/com.st.stm32cube.ide.mcu.externaltools.gnu-tools-for-stm32.10.3-2021.10.win32_1.0.200.202301161003/tools/bin/../lib/gcc/arm-none-eabi/10.3.1/thumb/v7e-m+fp/hard/crtbegin.o

.rodata         0x000000000800c650      0x230
                0x000000000800c650                . = ALIGN (0x4)
 *(.rodata)
 *(.rodata*)
 .rodata.AHBPrescTable
                0x000000000800c650       0x10 ./Core/Src/system_stm32f4xx.o
                0x000000000800c650                AHBPrescTable
 .rodata.APBPrescTable
                0x000000000800c660        0x8 ./Core/Src/system_stm32f4xx.o
                0x000000000800c660                APBPrescTable
 .rodata.flagBitshiftOffset.0
                0x000000000800c668        0x8 ./Drivers/STM32F4xx_HAL_Driver/Src/stm32f4xx_hal_dma.o
 .rodata.acos.str1.1
                0x000000000800c670        0x1 c:/st/stm32cubeide_1.11.0/stm32cubeide/plugins/com.st.stm32cube.ide.mcu.externaltools.gnu-tools-for-stm32.10.3-2021.10.win32_1.0.200.202301161003/tools/bin/../lib/gcc/arm-none-eabi/10.3.1/../../../../arm-none-eabi/lib/thumb/v7e-m+fp/hard\libm.a(lib_a-w_acos.o)
 *fill*         0x000000000800c671        0x7 
 .rodata.bp     0x000000000800c678       0x10 c:/st/stm32cubeide_1.11.0/stm32cubeide/plugins/com.st.stm32cube.ide.mcu.externaltools.gnu-tools-for-stm32.10.3-2021.10.win32_1.0.200.202301161003/tools/bin/../lib/gcc/arm-none-eabi/10.3.1/../../../../arm-none-eabi/lib/thumb/v7e-m+fp/hard\libm.a(lib_a-e_pow.o)
 .rodata.dp_h   0x000000000800c688       0x10 c:/st/stm32cubeide_1.11.0/stm32cubeide/plugins/com.st.stm32cube.ide.mcu.externaltools.gnu-tools-for-stm32.10.3-2021.10.win32_1.0.200.202301161003/tools/bin/../lib/gcc/arm-none-eabi/10.3.1/../../../../arm-none-eabi/lib/thumb/v7e-m+fp/hard\libm.a(lib_a-e_pow.o)
 .rodata.dp_l   0x000000000800c698       0x10 c:/st/stm32cubeide_1.11.0/stm32cubeide/plugins/com.st.stm32cube.ide.mcu.externaltools.gnu-tools-for-stm32.10.3-2021.10.win32_1.0.200.202301161003/tools/bin/../lib/gcc/arm-none-eabi/10.3.1/../../../../arm-none-eabi/lib/thumb/v7e-m+fp/hard\libm.a(lib_a-e_pow.o)
 .rodata.npio2_hw
                0x000000000800c6a8       0x80 c:/st/stm32cubeide_1.11.0/stm32cubeide/plugins/com.st.stm32cube.ide.mcu.externaltools.gnu-tools-for-stm32.10.3-2021.10.win32_1.0.200.202301161003/tools/bin/../lib/gcc/arm-none-eabi/10.3.1/../../../../arm-none-eabi/lib/thumb/v7e-m+fp/hard\libm.a(lib_a-e_rem_pio2.o)
 .rodata.two_over_pi
                0x000000000800c728      0x108 c:/st/stm32cubeide_1.11.0/stm32cubeide/plugins/com.st.stm32cube.ide.mcu.externaltools.gnu-tools-for-stm32.10.3-2021.10.win32_1.0.200.202301161003/tools/bin/../lib/gcc/arm-none-eabi/10.3.1/../../../../arm-none-eabi/lib/thumb/v7e-m+fp/hard\libm.a(lib_a-e_rem_pio2.o)
 .rodata.PIo2   0x000000000800c830       0x40 c:/st/stm32cubeide_1.11.0/stm32cubeide/plugins/com.st.stm32cube.ide.mcu.externaltools.gnu-tools-for-stm32.10.3-2021.10.win32_1.0.200.202301161003/tools/bin/../lib/gcc/arm-none-eabi/10.3.1/../../../../arm-none-eabi/lib/thumb/v7e-m+fp/hard\libm.a(lib_a-k_rem_pio2.o)
 .rodata.init_jk
                0x000000000800c870       0x10 c:/st/stm32cubeide_1.11.0/stm32cubeide/plugins/com.st.stm32cube.ide.mcu.externaltools.gnu-tools-for-stm32.10.3-2021.10.win32_1.0.200.202301161003/tools/bin/../lib/gcc/arm-none-eabi/10.3.1/../../../../arm-none-eabi/lib/thumb/v7e-m+fp/hard\libm.a(lib_a-k_rem_pio2.o)
                0x000000000800c880                . = ALIGN (0x4)

.ARM.extab      0x000000000800c880        0x0
                0x000000000800c880                . = ALIGN (0x4)
 *(.ARM.extab* .gnu.linkonce.armextab.*)
                0x000000000800c880                . = ALIGN (0x4)

.ARM            0x000000000800c880        0x8
                0x000000000800c880                . = ALIGN (0x4)
                0x000000000800c880                __exidx_start = .
 *(.ARM.exidx*)
 .ARM.exidx     0x000000000800c880        0x8 c:/st/stm32cubeide_1.11.0/stm32cubeide/plugins/com.st.stm32cube.ide.mcu.externaltools.gnu-tools-for-stm32.10.3-2021.10.win32_1.0.200.202301161003/tools/bin/../lib/gcc/arm-none-eabi/10.3.1/thumb/v7e-m+fp/hard\libgcc.a(_udivmoddi4.o)
                0x000000000800c888                __exidx_end = .
                0x000000000800c888                . = ALIGN (0x4)

.rel.dyn        0x000000000800c888        0x0
 .rel.iplt      0x000000000800c888        0x0 c:/st/stm32cubeide_1.11.0/stm32cubeide/plugins/com.st.stm32cube.ide.mcu.externaltools.gnu-tools-for-stm32.10.3-2021.10.win32_1.0.200.202301161003/tools/bin/../lib/gcc/arm-none-eabi/10.3.1/thumb/v7e-m+fp/hard/crtbegin.o

.preinit_array  0x000000000800c888        0x0
                0x000000000800c888                . = ALIGN (0x4)
                0x000000000800c888                PROVIDE (__preinit_array_start = .)
 *(.preinit_array*)
                0x000000000800c888                PROVIDE (__preinit_array_end = .)
                0x000000000800c888                . = ALIGN (0x4)

.init_array     0x000000000800c888        0x4
                0x000000000800c888                . = ALIGN (0x4)
                0x000000000800c888                PROVIDE (__init_array_start = .)
 *(SORT_BY_NAME(.init_array.*))
 *(.init_array*)
 .init_array    0x000000000800c888        0x4 c:/st/stm32cubeide_1.11.0/stm32cubeide/plugins/com.st.stm32cube.ide.mcu.externaltools.gnu-tools-for-stm32.10.3-2021.10.win32_1.0.200.202301161003/tools/bin/../lib/gcc/arm-none-eabi/10.3.1/thumb/v7e-m+fp/hard/crtbegin.o
                0x000000000800c88c                PROVIDE (__init_array_end = .)
                0x000000000800c88c                . = ALIGN (0x4)

.fini_array     0x000000000800c88c        0x4
                0x000000000800c88c                . = ALIGN (0x4)
                [!provide]                        PROVIDE (__fini_array_start = .)
 *(SORT_BY_NAME(.fini_array.*))
 *(.fini_array*)
 .fini_array    0x000000000800c88c        0x4 c:/st/stm32cubeide_1.11.0/stm32cubeide/plugins/com.st.stm32cube.ide.mcu.externaltools.gnu-tools-for-stm32.10.3-2021.10.win32_1.0.200.202301161003/tools/bin/../lib/gcc/arm-none-eabi/10.3.1/thumb/v7e-m+fp/hard/crtbegin.o
                [!provide]                        PROVIDE (__fini_array_end = .)
                0x000000000800c890                . = ALIGN (0x4)
                0x000000000800c890                _sidata = LOADADDR (.data)

.data           0x0000000020000000      0x378 load address 0x000000000800c890
                0x0000000020000000                . = ALIGN (0x4)
                0x0000000020000000                _sdata = .
 *(.data)
 *(.data*)
 .data.auchCRCLo
                0x0000000020000000      0x100 ./Core/Src/ModBusRTU.o
 .data.auchCRCHi
                0x0000000020000100      0x100 ./Core/Src/ModBusRTU.o
 .data.rectangle
                0x0000000020000200       0x28 ./Core/Src/main.o
                0x0000000020000200                rectangle
 .data.points   0x0000000020000228       0x48 ./Core/Src/main.o
                0x0000000020000228                points
 .data.vectorsize
                0x0000000020000270        0x4 ./Core/Src/main.o
                0x0000000020000270                vectorsize
 .data.rectangle2
                0x0000000020000274       0x28 ./Core/Src/main.o
                0x0000000020000274                rectangle2
 .data.points2  0x000000002000029c       0x48 ./Core/Src/main.o
                0x000000002000029c                points2
 .data.vectorsize2
                0x00000000200002e4        0x4 ./Core/Src/main.o
                0x00000000200002e4                vectorsize2
 .data.Joystick_Control
                0x00000000200002e8        0x4 ./Core/Src/main.o
                0x00000000200002e8                Joystick_Control
 .data.JoystickSpeed
                0x00000000200002ec        0x1 ./Core/Src/main.o
                0x00000000200002ec                JoystickSpeed
 *fill*         0x00000000200002ed        0x3 
 .data.K_I      0x00000000200002f0        0x4 ./Core/Src/main.o
                0x00000000200002f0                K_I
 .data.K_Ivelo  0x00000000200002f4        0x4 ./Core/Src/main.o
                0x00000000200002f4                K_Ivelo
 .data.rtNaN    0x00000000200002f8        0x8 ./Core/Src/rt_nonfinite.o
                0x00000000200002f8                rtNaN
 .data.rtInf    0x0000000020000300        0x8 ./Core/Src/rt_nonfinite.o
                0x0000000020000300                rtInf
 .data.SystemCoreClock
                0x0000000020000308        0x4 ./Core/Src/system_stm32f4xx.o
                0x0000000020000308                SystemCoreClock
 .data.uwTickPrio
                0x000000002000030c        0x4 ./Drivers/STM32F4xx_HAL_Driver/Src/stm32f4xx_hal.o
                0x000000002000030c                uwTickPrio
 .data.uwTickFreq
                0x0000000020000310        0x1 ./Drivers/STM32F4xx_HAL_Driver/Src/stm32f4xx_hal.o
                0x0000000020000310                uwTickFreq
 *fill*         0x0000000020000311        0x3 
 .data._impure_ptr
                0x0000000020000314        0x4 c:/st/stm32cubeide_1.11.0/stm32cubeide/plugins/com.st.stm32cube.ide.mcu.externaltools.gnu-tools-for-stm32.10.3-2021.10.win32_1.0.200.202301161003/tools/bin/../lib/gcc/arm-none-eabi/10.3.1/../../../../arm-none-eabi/lib/thumb/v7e-m+fp/hard\libc_nano.a(lib_a-impure.o)
                0x0000000020000314                _impure_ptr
 .data.impure_data
                0x0000000020000318       0x60 c:/st/stm32cubeide_1.11.0/stm32cubeide/plugins/com.st.stm32cube.ide.mcu.externaltools.gnu-tools-for-stm32.10.3-2021.10.win32_1.0.200.202301161003/tools/bin/../lib/gcc/arm-none-eabi/10.3.1/../../../../arm-none-eabi/lib/thumb/v7e-m+fp/hard\libc_nano.a(lib_a-impure.o)
 *(.RamFunc)
 *(.RamFunc*)
                0x0000000020000378                . = ALIGN (0x4)
                0x0000000020000378                _edata = .

.igot.plt       0x0000000020000378        0x0 load address 0x000000000800cc08
 .igot.plt      0x0000000020000378        0x0 c:/st/stm32cubeide_1.11.0/stm32cubeide/plugins/com.st.stm32cube.ide.mcu.externaltools.gnu-tools-for-stm32.10.3-2021.10.win32_1.0.200.202301161003/tools/bin/../lib/gcc/arm-none-eabi/10.3.1/thumb/v7e-m+fp/hard/crtbegin.o
                0x0000000020000378                . = ALIGN (0x4)

.bss            0x0000000020000378      0xfd0 load address 0x000000000800cc08
                0x0000000020000378                _sbss = .
                0x0000000020000378                __bss_start__ = _sbss
 *(.bss)
 .bss           0x0000000020000378       0x1c c:/st/stm32cubeide_1.11.0/stm32cubeide/plugins/com.st.stm32cube.ide.mcu.externaltools.gnu-tools-for-stm32.10.3-2021.10.win32_1.0.200.202301161003/tools/bin/../lib/gcc/arm-none-eabi/10.3.1/thumb/v7e-m+fp/hard/crtbegin.o
 *(.bss*)
 .bss.hModbus   0x0000000020000394        0x4 ./Core/Src/ModBusRTU.o
                0x0000000020000394                hModbus
 .bss.hadc1     0x0000000020000398       0x48 ./Core/Src/main.o
                0x0000000020000398                hadc1
 .bss.hdma_adc1
                0x00000000200003e0       0x60 ./Core/Src/main.o
                0x00000000200003e0                hdma_adc1
 .bss.hi2c1     0x0000000020000440       0x54 ./Core/Src/main.o
                0x0000000020000440                hi2c1
 .bss.htim2     0x0000000020000494       0xb4 ./Core/Src/main.o
                0x0000000020000494                htim2
 .bss.htim3     0x0000000020000548       0xb4 ./Core/Src/main.o
                0x0000000020000548                htim3
 .bss.htim4     0x00000000200005fc       0xb4 ./Core/Src/main.o
                0x00000000200005fc                htim4
 .bss.htim5     0x00000000200006b0       0xb4 ./Core/Src/main.o
                0x00000000200006b0                htim5
 .bss.htim11    0x0000000020000764       0xb4 ./Core/Src/main.o
                0x0000000020000764                htim11
 .bss.huart2    0x0000000020000818       0x74 ./Core/Src/main.o
                0x0000000020000818                huart2
 .bss.hdma_usart2_tx
                0x000000002000088c       0x60 ./Core/Src/main.o
                0x000000002000088c                hdma_usart2_tx
 .bss.choice    0x00000000200008ec        0x4 ./Core/Src/main.o
                0x00000000200008ec                choice
 .bss.starttray
                0x00000000200008f0        0x1 ./Core/Src/main.o
                0x00000000200008f0                starttray
 .bss.lastButtonState
                0x00000000200008f1        0x1 ./Core/Src/main.o
                0x00000000200008f1                lastButtonState
 .bss.buttonState
                0x00000000200008f2        0x1 ./Core/Src/main.o
                0x00000000200008f2                buttonState
 *fill*         0x00000000200008f3        0x1 
 .bss.start_p   0x00000000200008f4        0x4 ./Core/Src/main.o
                0x00000000200008f4                start_p
 .bss.stop_p    0x00000000200008f8        0x4 ./Core/Src/main.o
                0x00000000200008f8                stop_p
 .bss.start_v   0x00000000200008fc        0x4 ./Core/Src/main.o
                0x00000000200008fc                start_v
 .bss.stop_v    0x0000000020000900        0x4 ./Core/Src/main.o
                0x0000000020000900                stop_v
 .bss.posx      0x0000000020000904        0x4 ./Core/Src/main.o
                0x0000000020000904                posx
 .bss.orenationtray
                0x0000000020000908        0x4 ./Core/Src/main.o
                0x0000000020000908                orenationtray
 .bss.point_x   0x000000002000090c       0x50 ./Core/Src/main.o
                0x000000002000090c                point_x
 .bss.point_y   0x000000002000095c       0x50 ./Core/Src/main.o
                0x000000002000095c                point_y
 .bss.T_rotation
                0x00000000200009ac       0x10 ./Core/Src/main.o
                0x00000000200009ac                T_rotation
 .bss.translation
                0x00000000200009bc        0x8 ./Core/Src/main.o
                0x00000000200009bc                translation
 .bss.T         0x00000000200009c4       0x24 ./Core/Src/main.o
                0x00000000200009c4                T
 .bss.homogeneousRectangle
                0x00000000200009e8       0x3c ./Core/Src/main.o
                0x00000000200009e8                homogeneousRectangle
 .bss.transformedRectangle
                0x0000000020000a24       0x3c ./Core/Src/main.o
                0x0000000020000a24                transformedRectangle
 .bss.homogeneousPoints
                0x0000000020000a60       0x6c ./Core/Src/main.o
                0x0000000020000a60                homogeneousPoints
 .bss.transformedPoints
                0x0000000020000acc       0x6c ./Core/Src/main.o
                0x0000000020000acc                transformedPoints
 .bss.dot_product
                0x0000000020000b38        0x4 ./Core/Src/main.o
                0x0000000020000b38                dot_product
 .bss.theta     0x0000000020000b3c        0x4 ./Core/Src/main.o
                0x0000000020000b3c                theta
 .bss.in_theta  0x0000000020000b40        0x4 ./Core/Src/main.o
                0x0000000020000b40                in_theta
 .bss.bottom_left_jog
                0x0000000020000b44        0x8 ./Core/Src/main.o
                0x0000000020000b44                bottom_left_jog
 .bss.bottom_right_jog
                0x0000000020000b4c        0x8 ./Core/Src/main.o
                0x0000000020000b4c                bottom_right_jog
 .bss.T_rotation2
                0x0000000020000b54       0x10 ./Core/Src/main.o
                0x0000000020000b54                T_rotation2
 .bss.translation2
                0x0000000020000b64        0x8 ./Core/Src/main.o
                0x0000000020000b64                translation2
 .bss.T2        0x0000000020000b6c       0x24 ./Core/Src/main.o
                0x0000000020000b6c                T2
 .bss.homogeneousRectangle2
                0x0000000020000b90       0x3c ./Core/Src/main.o
                0x0000000020000b90                homogeneousRectangle2
 .bss.transformedRectangle2
                0x0000000020000bcc       0x3c ./Core/Src/main.o
                0x0000000020000bcc                transformedRectangle2
 .bss.homogeneousPoints2
                0x0000000020000c08       0x6c ./Core/Src/main.o
                0x0000000020000c08                homogeneousPoints2
 .bss.transformedPoints2
                0x0000000020000c74       0x6c ./Core/Src/main.o
                0x0000000020000c74                transformedPoints2
 .bss.dot_product2
                0x0000000020000ce0        0x4 ./Core/Src/main.o
                0x0000000020000ce0                dot_product2
 .bss.theta2    0x0000000020000ce4        0x4 ./Core/Src/main.o
                0x0000000020000ce4                theta2
 .bss.in_theta2
                0x0000000020000ce8        0x4 ./Core/Src/main.o
                0x0000000020000ce8                in_theta2
 .bss.bottom_left_jog2
                0x0000000020000cec        0x8 ./Core/Src/main.o
                0x0000000020000cec                bottom_left_jog2
 .bss.bottom_right_jog2
                0x0000000020000cf4        0x8 ./Core/Src/main.o
                0x0000000020000cf4                bottom_right_jog2
 .bss.Mobus     0x0000000020000cfc        0x1 ./Core/Src/main.o
                0x0000000020000cfc                Mobus
 *fill*         0x0000000020000cfd        0x3 
 .bss.hmodbus   0x0000000020000d00      0x4d8 ./Core/Src/main.o
                0x0000000020000d00                hmodbus
 .bss.registerFrame
                0x00000000200011d8       0x8c ./Core/Src/main.o
                0x00000000200011d8                registerFrame
 .bss.SoftReset
                0x0000000020001264        0x4 ./Core/Src/main.o
                0x0000000020001264                SoftReset
 .bss.speed     0x0000000020001268        0x4 ./Core/Src/main.o
                0x0000000020001268                speed
 .bss.acceleration
                0x000000002000126c        0x4 ./Core/Src/main.o
                0x000000002000126c                acceleration
 .bss.path      0x0000000020001270        0x4 ./Core/Src/main.o
                0x0000000020001270                path
 .bss.QEIReadRaw
                0x0000000020001274        0x4 ./Core/Src/main.o
                0x0000000020001274                QEIReadRaw
 .bss.positionTraject
                0x0000000020001278        0x4 ./Core/Src/main.o
                0x0000000020001278                positionTraject
 .bss.velocityTraject
                0x000000002000127c        0x4 ./Core/Src/main.o
                0x000000002000127c                velocityTraject
 .bss.Joystick_position
                0x0000000020001280        0x8 ./Core/Src/main.o
                0x0000000020001280                Joystick_position
 .bss.CheckTray
                0x0000000020001288        0x1 ./Core/Src/main.o
                0x0000000020001288                CheckTray
 *fill*         0x0000000020001289        0x3 
 .bss.QEIData   0x000000002000128c       0x18 ./Core/Src/main.o
                0x000000002000128c                QEIData
 .bss.QEIAcc    0x00000000200012a4       0x18 ./Core/Src/main.o
                0x00000000200012a4                QEIAcc
 *fill*         0x00000000200012bc        0x4 
 .bss._micros   0x00000000200012c0        0x8 ./Core/Src/main.o
                0x00000000200012c0                _micros
 .bss.q_velocityN
                0x00000000200012c8        0x4 ./Core/Src/main.o
                0x00000000200012c8                q_velocityN
 .bss.q_positionN
                0x00000000200012cc        0x4 ./Core/Src/main.o
                0x00000000200012cc                q_positionN
 .bss.q_accN    0x00000000200012d0        0x4 ./Core/Src/main.o
                0x00000000200012d0                q_accN
 .bss.indexposition
                0x00000000200012d4        0x4 ./Core/Src/main.o
                0x00000000200012d4                indexposition
 .bss.u         0x00000000200012d8        0x4 ./Core/Src/main.o
                0x00000000200012d8                u
 .bss.p         0x00000000200012dc        0x4 ./Core/Src/main.o
                0x00000000200012dc                p
 .bss.s         0x00000000200012e0        0x4 ./Core/Src/main.o
                0x00000000200012e0                s
 .bss.u2        0x00000000200012e4        0x4 ./Core/Src/main.o
                0x00000000200012e4                u2
 .bss.p2        0x00000000200012e8        0x4 ./Core/Src/main.o
                0x00000000200012e8                p2
 .bss.s2        0x00000000200012ec        0x4 ./Core/Src/main.o
                0x00000000200012ec                s2
 .bss.error2    0x00000000200012f0        0x4 ./Core/Src/main.o
                0x00000000200012f0                error2
 .bss.K_P       0x00000000200012f4        0x4 ./Core/Src/main.o
                0x00000000200012f4                K_P
 .bss.K_D       0x00000000200012f8        0x4 ./Core/Src/main.o
                0x00000000200012f8                K_D
 .bss.K_Pvelo   0x00000000200012fc        0x4 ./Core/Src/main.o
                0x00000000200012fc                K_Pvelo
 .bss.K_Dvelo   0x0000000020001300        0x4 ./Core/Src/main.o
                0x0000000020001300                K_Dvelo
 .bss.SetVelocity
                0x0000000020001304        0x4 ./Core/Src/main.o
                0x0000000020001304                SetVelocity
 .bss.ReadDegree
                0x0000000020001308        0x4 ./Core/Src/main.o
                0x0000000020001308                ReadDegree
 .bss.SetDegree
                0x000000002000130c        0x4 ./Core/Src/main.o
                0x000000002000130c                SetDegree
 .bss.DegreeFeedback
                0x0000000020001310        0x4 ./Core/Src/main.o
                0x0000000020001310                DegreeFeedback
 .bss.error     0x0000000020001314        0x4 ./Core/Src/main.o
                0x0000000020001314                error
 .bss.timemodbus.9
                0x0000000020001318        0x8 ./Core/Src/main.o
 .bss.timestampTrajact.8
                0x0000000020001320        0x8 ./Core/Src/main.o
 .bss.timestamp.7
                0x0000000020001328        0x8 ./Core/Src/main.o
 .bss.__sbrk_heap_end
                0x0000000020001330        0x4 ./Core/Src/sysmem.o
 .bss.uwTick    0x0000000020001334        0x4 ./Drivers/STM32F4xx_HAL_Driver/Src/stm32f4xx_hal.o
                0x0000000020001334                uwTick
 .bss.__malloc_free_list
                0x0000000020001338        0x4 c:/st/stm32cubeide_1.11.0/stm32cubeide/plugins/com.st.stm32cube.ide.mcu.externaltools.gnu-tools-for-stm32.10.3-2021.10.win32_1.0.200.202301161003/tools/bin/../lib/gcc/arm-none-eabi/10.3.1/../../../../arm-none-eabi/lib/thumb/v7e-m+fp/hard\libc_nano.a(lib_a-nano-mallocr.o)
                0x0000000020001338                __malloc_free_list
 .bss.__malloc_sbrk_start
                0x000000002000133c        0x4 c:/st/stm32cubeide_1.11.0/stm32cubeide/plugins/com.st.stm32cube.ide.mcu.externaltools.gnu-tools-for-stm32.10.3-2021.10.win32_1.0.200.202301161003/tools/bin/../lib/gcc/arm-none-eabi/10.3.1/../../../../arm-none-eabi/lib/thumb/v7e-m+fp/hard\libc_nano.a(lib_a-nano-mallocr.o)
                0x000000002000133c                __malloc_sbrk_start
 .bss.errno     0x0000000020001340        0x4 c:/st/stm32cubeide_1.11.0/stm32cubeide/plugins/com.st.stm32cube.ide.mcu.externaltools.gnu-tools-for-stm32.10.3-2021.10.win32_1.0.200.202301161003/tools/bin/../lib/gcc/arm-none-eabi/10.3.1/../../../../arm-none-eabi/lib/thumb/v7e-m+fp/hard\libc_nano.a(lib_a-reent.o)
                0x0000000020001340                errno
 .bss.__lock___malloc_recursive_mutex
                0x0000000020001344        0x1 c:/st/stm32cubeide_1.11.0/stm32cubeide/plugins/com.st.stm32cube.ide.mcu.externaltools.gnu-tools-for-stm32.10.3-2021.10.win32_1.0.200.202301161003/tools/bin/../lib/gcc/arm-none-eabi/10.3.1/../../../../arm-none-eabi/lib/thumb/v7e-m+fp/hard\libc_nano.a(lib_a-lock.o)
                0x0000000020001344                __lock___malloc_recursive_mutex
 *(COMMON)
                0x0000000020001348                . = ALIGN (0x4)
 *fill*         0x0000000020001345        0x3 
                0x0000000020001348                _ebss = .
                0x0000000020001348                __bss_end__ = _ebss

._user_heap_stack
                0x0000000020001348      0x600 load address 0x000000000800cc08
                0x0000000020001348                . = ALIGN (0x8)
                [!provide]                        PROVIDE (end = .)
                0x0000000020001348                PROVIDE (_end = .)
                0x0000000020001548                . = (. + _Min_Heap_Size)
 *fill*         0x0000000020001348      0x200 
                0x0000000020001948                . = (. + _Min_Stack_Size)
 *fill*         0x0000000020001548      0x400 
                0x0000000020001948                . = ALIGN (0x8)

/DISCARD/
 libc.a(*)
 libm.a(*)
 libgcc.a(*)

.ARM.attributes
                0x0000000000000000       0x30
 *(.ARM.attributes)
 .ARM.attributes
                0x0000000000000000       0x1e c:/st/stm32cubeide_1.11.0/stm32cubeide/plugins/com.st.stm32cube.ide.mcu.externaltools.gnu-tools-for-stm32.10.3-2021.10.win32_1.0.200.202301161003/tools/bin/../lib/gcc/arm-none-eabi/10.3.1/thumb/v7e-m+fp/hard/crti.o
 .ARM.attributes
                0x000000000000001e       0x34 c:/st/stm32cubeide_1.11.0/stm32cubeide/plugins/com.st.stm32cube.ide.mcu.externaltools.gnu-tools-for-stm32.10.3-2021.10.win32_1.0.200.202301161003/tools/bin/../lib/gcc/arm-none-eabi/10.3.1/thumb/v7e-m+fp/hard/crtbegin.o
 .ARM.attributes
                0x0000000000000052       0x34 ./Core/Src/ModBusRTU.o
 .ARM.attributes
                0x0000000000000086       0x34 ./Core/Src/Qubic.o
 .ARM.attributes
                0x00000000000000ba       0x34 ./Core/Src/Qubic_emxAPI.o
 .ARM.attributes
                0x00000000000000ee       0x34 ./Core/Src/Qubic_emxutil.o
 .ARM.attributes
                0x0000000000000122       0x34 ./Core/Src/main.o
 .ARM.attributes
                0x0000000000000156       0x34 ./Core/Src/rt_nonfinite.o
 .ARM.attributes
                0x000000000000018a       0x34 ./Core/Src/stm32f4xx_hal_msp.o
 .ARM.attributes
                0x00000000000001be       0x34 ./Core/Src/stm32f4xx_it.o
 .ARM.attributes
                0x00000000000001f2       0x34 ./Core/Src/sysmem.o
 .ARM.attributes
                0x0000000000000226       0x34 ./Core/Src/system_stm32f4xx.o
 .ARM.attributes
                0x000000000000025a       0x21 ./Core/Startup/startup_stm32f411retx.o
 .ARM.attributes
                0x000000000000027b       0x34 ./Drivers/STM32F4xx_HAL_Driver/Src/stm32f4xx_hal.o
 .ARM.attributes
                0x00000000000002af       0x34 ./Drivers/STM32F4xx_HAL_Driver/Src/stm32f4xx_hal_adc.o
 .ARM.attributes
                0x00000000000002e3       0x34 ./Drivers/STM32F4xx_HAL_Driver/Src/stm32f4xx_hal_cortex.o
 .ARM.attributes
                0x0000000000000317       0x34 ./Drivers/STM32F4xx_HAL_Driver/Src/stm32f4xx_hal_dma.o
 .ARM.attributes
                0x000000000000034b       0x34 ./Drivers/STM32F4xx_HAL_Driver/Src/stm32f4xx_hal_gpio.o
 .ARM.attributes
                0x000000000000037f       0x34 ./Drivers/STM32F4xx_HAL_Driver/Src/stm32f4xx_hal_i2c.o
 .ARM.attributes
                0x00000000000003b3       0x34 ./Drivers/STM32F4xx_HAL_Driver/Src/stm32f4xx_hal_rcc.o
 .ARM.attributes
                0x00000000000003e7       0x34 ./Drivers/STM32F4xx_HAL_Driver/Src/stm32f4xx_hal_tim.o
 .ARM.attributes
                0x000000000000041b       0x34 ./Drivers/STM32F4xx_HAL_Driver/Src/stm32f4xx_hal_tim_ex.o
 .ARM.attributes
                0x000000000000044f       0x34 ./Drivers/STM32F4xx_HAL_Driver/Src/stm32f4xx_hal_uart.o
 .ARM.attributes
                0x0000000000000483       0x34 c:/st/stm32cubeide_1.11.0/stm32cubeide/plugins/com.st.stm32cube.ide.mcu.externaltools.gnu-tools-for-stm32.10.3-2021.10.win32_1.0.200.202301161003/tools/bin/../lib/gcc/arm-none-eabi/10.3.1/../../../../arm-none-eabi/lib/thumb/v7e-m+fp/hard\libc_nano.a(lib_a-calloc.o)
 .ARM.attributes
                0x00000000000004b7       0x34 c:/st/stm32cubeide_1.11.0/stm32cubeide/plugins/com.st.stm32cube.ide.mcu.externaltools.gnu-tools-for-stm32.10.3-2021.10.win32_1.0.200.202301161003/tools/bin/../lib/gcc/arm-none-eabi/10.3.1/../../../../arm-none-eabi/lib/thumb/v7e-m+fp/hard\libc_nano.a(lib_a-errno.o)
 .ARM.attributes
                0x00000000000004eb       0x34 c:/st/stm32cubeide_1.11.0/stm32cubeide/plugins/com.st.stm32cube.ide.mcu.externaltools.gnu-tools-for-stm32.10.3-2021.10.win32_1.0.200.202301161003/tools/bin/../lib/gcc/arm-none-eabi/10.3.1/../../../../arm-none-eabi/lib/thumb/v7e-m+fp/hard\libc_nano.a(lib_a-impure.o)
 .ARM.attributes
                0x000000000000051f       0x34 c:/st/stm32cubeide_1.11.0/stm32cubeide/plugins/com.st.stm32cube.ide.mcu.externaltools.gnu-tools-for-stm32.10.3-2021.10.win32_1.0.200.202301161003/tools/bin/../lib/gcc/arm-none-eabi/10.3.1/../../../../arm-none-eabi/lib/thumb/v7e-m+fp/hard\libc_nano.a(lib_a-init.o)
 .ARM.attributes
                0x0000000000000553       0x34 c:/st/stm32cubeide_1.11.0/stm32cubeide/plugins/com.st.stm32cube.ide.mcu.externaltools.gnu-tools-for-stm32.10.3-2021.10.win32_1.0.200.202301161003/tools/bin/../lib/gcc/arm-none-eabi/10.3.1/../../../../arm-none-eabi/lib/thumb/v7e-m+fp/hard\libc_nano.a(lib_a-malloc.o)
 .ARM.attributes
                0x0000000000000587       0x34 c:/st/stm32cubeide_1.11.0/stm32cubeide/plugins/com.st.stm32cube.ide.mcu.externaltools.gnu-tools-for-stm32.10.3-2021.10.win32_1.0.200.202301161003/tools/bin/../lib/gcc/arm-none-eabi/10.3.1/../../../../arm-none-eabi/lib/thumb/v7e-m+fp/hard\libc_nano.a(lib_a-memcpy-stub.o)
 .ARM.attributes
                0x00000000000005bb       0x34 c:/st/stm32cubeide_1.11.0/stm32cubeide/plugins/com.st.stm32cube.ide.mcu.externaltools.gnu-tools-for-stm32.10.3-2021.10.win32_1.0.200.202301161003/tools/bin/../lib/gcc/arm-none-eabi/10.3.1/../../../../arm-none-eabi/lib/thumb/v7e-m+fp/hard\libc_nano.a(lib_a-memset.o)
 .ARM.attributes