Archive member included to satisfy reference by file (symbol)

c:/st/stm32cubeide_1.11.0/stm32cubeide/plugins/com.st.stm32cube.ide.mcu.externaltools.gnu-tools-for-stm32.10.3-2021.10.win32_1.0.200.202301161003/tools/bin/../lib/gcc/arm-none-eabi/10.3.1/../../../../arm-none-eabi/lib/thumb/v7e-m+fp/hard\libc_nano.a(lib_a-calloc.o)
                              ./Core/Src/Qubic_emxAPI.o (calloc)
c:/st/stm32cubeide_1.11.0/stm32cubeide/plugins/com.st.stm32cube.ide.mcu.externaltools.gnu-tools-for-stm32.10.3-2021.10.win32_1.0.200.202301161003/tools/bin/../lib/gcc/arm-none-eabi/10.3.1/../../../../arm-none-eabi/lib/thumb/v7e-m+fp/hard\libc_nano.a(lib_a-errno.o)
                              ./Core/Src/syscalls.o (__errno)
c:/st/stm32cubeide_1.11.0/stm32cubeide/plugins/com.st.stm32cube.ide.mcu.externaltools.gnu-tools-for-stm32.10.3-2021.10.win32_1.0.200.202301161003/tools/bin/../lib/gcc/arm-none-eabi/10.3.1/../../../../arm-none-eabi/lib/thumb/v7e-m+fp/hard\libc_nano.a(lib_a-exit.o)
                              c:/st/stm32cubeide_1.11.0/stm32cubeide/plugins/com.st.stm32cube.ide.mcu.externaltools.gnu-tools-for-stm32.10.3-2021.10.win32_1.0.200.202301161003/tools/bin/../lib/gcc/arm-none-eabi/10.3.1/../../../../arm-none-eabi/lib/thumb/v7e-m+fp/hard/crt0.o (exit)
c:/st/stm32cubeide_1.11.0/stm32cubeide/plugins/com.st.stm32cube.ide.mcu.externaltools.gnu-tools-for-stm32.10.3-2021.10.win32_1.0.200.202301161003/tools/bin/../lib/gcc/arm-none-eabi/10.3.1/../../../../arm-none-eabi/lib/thumb/v7e-m+fp/hard\libc_nano.a(lib_a-impure.o)
                              c:/st/stm32cubeide_1.11.0/stm32cubeide/plugins/com.st.stm32cube.ide.mcu.externaltools.gnu-tools-for-stm32.10.3-2021.10.win32_1.0.200.202301161003/tools/bin/../lib/gcc/arm-none-eabi/10.3.1/../../../../arm-none-eabi/lib/thumb/v7e-m+fp/hard\libc_nano.a(lib_a-exit.o) (_global_impure_ptr)
c:/st/stm32cubeide_1.11.0/stm32cubeide/plugins/com.st.stm32cube.ide.mcu.externaltools.gnu-tools-for-stm32.10.3-2021.10.win32_1.0.200.202301161003/tools/bin/../lib/gcc/arm-none-eabi/10.3.1/../../../../arm-none-eabi/lib/thumb/v7e-m+fp/hard\libc_nano.a(lib_a-init.o)
                              c:/st/stm32cubeide_1.11.0/stm32cubeide/plugins/com.st.stm32cube.ide.mcu.externaltools.gnu-tools-for-stm32.10.3-2021.10.win32_1.0.200.202301161003/tools/bin/../lib/gcc/arm-none-eabi/10.3.1/../../../../arm-none-eabi/lib/thumb/v7e-m+fp/hard/crt0.o (__libc_init_array)
c:/st/stm32cubeide_1.11.0/stm32cubeide/plugins/com.st.stm32cube.ide.mcu.externaltools.gnu-tools-for-stm32.10.3-2021.10.win32_1.0.200.202301161003/tools/bin/../lib/gcc/arm-none-eabi/10.3.1/../../../../arm-none-eabi/lib/thumb/v7e-m+fp/hard\libc_nano.a(lib_a-malloc.o)
                              ./Core/Src/Qubic_emxutil.o (malloc)
c:/st/stm32cubeide_1.11.0/stm32cubeide/plugins/com.st.stm32cube.ide.mcu.externaltools.gnu-tools-for-stm32.10.3-2021.10.win32_1.0.200.202301161003/tools/bin/../lib/gcc/arm-none-eabi/10.3.1/../../../../arm-none-eabi/lib/thumb/v7e-m+fp/hard\libc_nano.a(lib_a-memcpy-stub.o)
                              ./Core/Src/ModBusRTU.o (memcpy)
c:/st/stm32cubeide_1.11.0/stm32cubeide/plugins/com.st.stm32cube.ide.mcu.externaltools.gnu-tools-for-stm32.10.3-2021.10.win32_1.0.200.202301161003/tools/bin/../lib/gcc/arm-none-eabi/10.3.1/../../../../arm-none-eabi/lib/thumb/v7e-m+fp/hard\libc_nano.a(lib_a-memset.o)
                              c:/st/stm32cubeide_1.11.0/stm32cubeide/plugins/com.st.stm32cube.ide.mcu.externaltools.gnu-tools-for-stm32.10.3-2021.10.win32_1.0.200.202301161003/tools/bin/../lib/gcc/arm-none-eabi/10.3.1/../../../../arm-none-eabi/lib/thumb/v7e-m+fp/hard/crt0.o (memset)
c:/st/stm32cubeide_1.11.0/stm32cubeide/plugins/com.st.stm32cube.ide.mcu.externaltools.gnu-tools-for-stm32.10.3-2021.10.win32_1.0.200.202301161003/tools/bin/../lib/gcc/arm-none-eabi/10.3.1/../../../../arm-none-eabi/lib/thumb/v7e-m+fp/hard\libc_nano.a(lib_a-nano-callocr.o)
                              c:/st/stm32cubeide_1.11.0/stm32cubeide/plugins/com.st.stm32cube.ide.mcu.externaltools.gnu-tools-for-stm32.10.3-2021.10.win32_1.0.200.202301161003/tools/bin/../lib/gcc/arm-none-eabi/10.3.1/../../../../arm-none-eabi/lib/thumb/v7e-m+fp/hard\libc_nano.a(lib_a-calloc.o) (_calloc_r)
c:/st/stm32cubeide_1.11.0/stm32cubeide/plugins/com.st.stm32cube.ide.mcu.externaltools.gnu-tools-for-stm32.10.3-2021.10.win32_1.0.200.202301161003/tools/bin/../lib/gcc/arm-none-eabi/10.3.1/../../../../arm-none-eabi/lib/thumb/v7e-m+fp/hard\libc_nano.a(lib_a-nano-freer.o)
                              c:/st/stm32cubeide_1.11.0/stm32cubeide/plugins/com.st.stm32cube.ide.mcu.externaltools.gnu-tools-for-stm32.10.3-2021.10.win32_1.0.200.202301161003/tools/bin/../lib/gcc/arm-none-eabi/10.3.1/../../../../arm-none-eabi/lib/thumb/v7e-m+fp/hard\libc_nano.a(lib_a-malloc.o) (_free_r)
[...]
Memory Configuration

Name             Origin             Length             Attributes
RAM              0x0000000020000000 0x0000000000020000 xrw
FLASH            0x0000000008000000 0x0000000000080000 xr
*default*        0x0000000000000000 0xffffffffffffffff

Linker script and memory map

LOAD c:/st/stm32cubeide_1.11.0/stm32cubeide/plugins/com.st.stm32cube.ide.mcu.externaltools.gnu-tools-for-stm32.10.3-2021.10.win32_1.0.200.202301161003/tools/bin/../lib/gcc/arm-none-eabi/10.3.1/thumb/v7e-m+fp/hard/crti.o
LOAD c:/st/stm32cubeide_1.11.0/stm32cubeide/plugins/com.st.stm32cube.ide.mcu.externaltools.gnu-tools-for-stm32.10.3-2021.10.win32_1.0.200.202301161003/tools/bin/../lib/gcc/arm-none-eabi/10.3.1/thumb/v7e-m+fp/hard/crtbegin.o
LOAD c:/st/stm32cubeide_1.11.0/stm32cubeide/plugins/com.st.stm32cube.ide.mcu.externaltools.gnu-tools-for-stm32.10.3-2021.10.win32_1.0.200.202301161003/tools/bin/../lib/gcc/arm-none-eabi/10.3.1/../../../../arm-none-eabi/lib/thumb/v7e-m+fp/hard/crt0.o
LOAD ./Core/Src/ModBusRTU.o
LOAD ./Core/Src/Qubic.o
LOAD ./Core/Src/Qubic_emxAPI.o
LOAD ./Core/Src/Qubic_emxutil.o
LOAD ./Core/Src/Qubic_initialize.o
LOAD ./Core/Src/Qubic_terminate.o
LOAD ./Core/Src/main.o
LOAD ./Core/Src/rtGetInf.o
LOAD ./Core/Src/rtGetNaN.o
LOAD ./Core/Src/rt_nonfinite.o
LOAD ./Core/Src/stm32f4xx_hal_msp.o
LOAD ./Core/Src/stm32f4xx_it.o
LOAD ./Core/Src/syscalls.o
LOAD ./Core/Src/sysmem.o
LOAD ./Core/Src/system_stm32f4xx.o
LOAD ./Core/Startup/startup_stm32f411retx.o
LOAD ./Drivers/STM32F4xx_HAL_Driver/Src/stm32f4xx_hal.o
LOAD ./Drivers/STM32F4xx_HAL_Driver/Src/stm32f4xx_hal_adc.o
LOAD ./Drivers/STM32F4xx_HAL_Driver/Src/stm32f4xx_hal_adc_ex.o
LOAD ./Drivers/STM32F4xx_HAL_Driver/Src/stm32f4xx_hal_cortex.o
LOAD ./Drivers/STM32F4xx_HAL_Driver/Src/stm32f4xx_hal_dma.o
LOAD ./Drivers/STM32F4xx_HAL_Driver/Src/stm32f4xx_hal_dma_ex.o
LOAD ./Drivers/STM32F4xx_HAL_Driver/Src/stm32f4xx_hal_exti.o
LOAD ./Drivers/STM32F4xx_HAL_Driver/Src/stm32f4xx_hal_flash.o
LOAD ./Drivers/STM32F4xx_HAL_Driver/Src/stm32f4xx_hal_flash_ex.o
LOAD ./Drivers/STM32F4xx_HAL_Driver/Src/stm32f4xx_hal_flash_ramfunc.o
LOAD ./Drivers/STM32F4xx_HAL_Driver/Src/stm32f4xx_hal_gpio.o
LOAD ./Drivers/STM32F4xx_HAL_Driver/Src/stm32f4xx_hal_i2c.o
LOAD ./Drivers/STM32F4xx_HAL_Driver/Src/stm32f4xx_hal_i2c_ex.o
LOAD ./Drivers/STM32F4xx_HAL_Driver/Src/stm32f4xx_hal_pwr.o
LOAD ./Drivers/STM32F4xx_HAL_Driver/Src/stm32f4xx_hal_pwr_ex.o
LOAD ./Drivers/STM32F4xx_HAL_Driver/Src/stm32f4xx_hal_rcc.o
LOAD ./Drivers/STM32F4xx_HAL_Driver/Src/stm32f4xx_hal_rcc_ex.o
LOAD ./Drivers/STM32F4xx_HAL_Driver/Src/stm32f4xx_hal_tim.o
LOAD ./Drivers/STM32F4xx_HAL_Driver/Src/stm32f4xx_hal_tim_ex.o
LOAD ./Drivers/STM32F4xx_HAL_Driver/Src/stm32f4xx_hal_uart.o
LOAD ./Drivers/STM32F4xx_HAL_Driver/Src/stm32f4xx_ll_adc.o
LOAD ../Middlewares/Third_Party/ARM_CMSIS/CMSIS/DSP/Lib/GCC\libarm_cortexM4lf_math.a
START GROUP
LOAD c:/st/stm32cubeide_1.11.0/stm32cubeide/plugins/com.st.stm32cube.ide.mcu.externaltools.gnu-tools-for-stm32.10.3-2021.10.win32_1.0.200.202301161003/tools/bin/../lib/gcc/arm-none-eabi/10.3.1/../../../../arm-none-eabi/lib/thumb/v7e-m+fp/hard\libc_nano.a
LOAD c:/st/stm32cubeide_1.11.0/stm32cubeide/plugins/com.st.stm32cube.ide.mcu.externaltools.gnu-tools-for-stm32.10.3-2021.10.win32_1.0.200.202301161003/tools/bin/../lib/gcc/arm-none-eabi/10.3.1/../../../../arm-none-eabi/lib/thumb/v7e-m+fp/hard\libm.a
END GROUP
START GROUP
LOAD c:/st/stm32cubeide_1.11.0/stm32cubeide/plugins/com.st.stm32cube.ide.mcu.externaltools.gnu-tools-for-stm32.10.3-2021.10.win32_1.0.200.202301161003/tools/bin/../lib/gcc/arm-none-eabi/10.3.1/thumb/v7e-m+fp/hard\libgcc.a
LOAD c:/st/stm32cubeide_1.11.0/stm32cubeide/plugins/com.st.stm32cube.ide.mcu.externaltools.gnu-tools-for-stm32.10.3-2021.10.win32_1.0.200.202301161003/tools/bin/../lib/gcc/arm-none-eabi/10.3.1/../../../../arm-none-eabi/lib/thumb/v7e-m+fp/hard\libc_nano.a
END GROUP
START GROUP
LOAD c:/st/stm32cubeide_1.11.0/stm32cubeide/plugins/com.st.stm32cube.ide.mcu.externaltools.gnu-tools-for-stm32.10.3-2021.10.win32_1.0.200.202301161003/tools/bin/../lib/gcc/arm-none-eabi/10.3.1/thumb/v7e-m+fp/hard\libgcc.a
LOAD c:/st/stm32cubeide_1.11.0/stm32cubeide/plugins/com.st.stm32cube.ide.mcu.externaltools.gnu-tools-for-stm32.10.3-2021.10.win32_1.0.200.202301161003/tools/bin/../lib/gcc/arm-none-eabi/10.3.1/../../../../arm-none-eabi/lib/thumb/v7e-m+fp/hard\libc_nano.a
LOAD c:/st/stm32cubeide_1.11.0/stm32cubeide/plugins/com.st.stm32cube.ide.mcu.externaltools.gnu-tools-for-stm32.10.3-2021.10.win32_1.0.200.202301161003/tools/bin/../lib/gcc/arm-none-eabi/10.3.1/../../../../arm-none-eabi/lib/thumb/v7e-m+fp/hard\libnosys.a
END GROUP
START GROUP
LOAD c:/st/stm32cubeide_1.11.0/stm32cubeide/plugins/com.st.stm32cube.ide.mcu.externaltools.gnu-tools-for-stm32.10.3-2021.10.win32_1.0.200.202301161003/tools/bin/../lib/gcc/arm-none-eabi/10.3.1/thumb/v7e-m+fp/hard\libgcc.a
LOAD c:/st/stm32cubeide_1.11.0/stm32cubeide/plugins/com.st.stm32cube.ide.mcu.externaltools.gnu-tools-for-stm32.10.3-2021.10.win32_1.0.200.202301161003/tools/bin/../lib/gcc/arm-none-eabi/10.3.1/../../../../arm-none-eabi/lib/thumb/v7e-m+fp/hard\libc_nano.a
LOAD c:/st/stm32cubeide_1.11.0/stm32cubeide/plugins/com.st.stm32cube.ide.mcu.externaltools.gnu-tools-for-stm32.10.3-2021.10.win32_1.0.200.202301161003/tools/bin/../lib/gcc/arm-none-eabi/10.3.1/../../../../arm-none-eabi/lib/thumb/v7e-m+fp/hard\libnosys.a
END GROUP
LOAD c:/st/stm32cubeide_1.11.0/stm32cubeide/plugins/com.st.stm32cube.ide.mcu.externaltools.gnu-tools-for-stm32.10.3-2021.10.win32_1.0.200.202301161003/tools/bin/../lib/gcc/arm-none-eabi/10.3.1/thumb/v7e-m+fp/hard/crtend.o
LOAD c:/st/stm32cubeide_1.11.0/stm32cubeide/plugins/com.st.stm32cube.ide.mcu.externaltools.gnu-tools-for-stm32.10.3-2021.10.win32_1.0.200.202301161003/tools/bin/../lib/gcc/arm-none-eabi/10.3.1/thumb/v7e-m+fp/hard/crtn.o
                0x0000000020020000                _estack = (ORIGIN (RAM) + LENGTH (RAM))
                0x0000000000000200                _Min_Heap_Size = 0x200
                0x0000000000000400                _Min_Stack_Size = 0x400

.isr_vector     0x0000000008000000      0x198
                0x0000000008000000                . = ALIGN (0x4)
 *(.isr_vector)
 .isr_vector    0x0000000008000000      0x198 ./Core/Startup/startup_stm32f411retx.o
                0x0000000008000000                g_pfnVectors
                0x0000000008000198                . = ALIGN (0x4)

.text           0x0000000008000198     0xc64c
                0x0000000008000198                . = ALIGN (0x4)
 *(.text)
 .text          0x0000000008000198       0x40 c:/st/stm32cubeide_1.11.0/stm32cubeide/plugins/com.st.stm32cube.ide.mcu.externaltools.gnu-tools-for-stm32.10.3-2021.10.win32_1.0.200.202301161003/tools/bin/../lib/gcc/arm-none-eabi/10.3.1/thumb/v7e-m+fp/hard/crtbegin.o
 .text          0x00000000080001d8      0x378 c:/st/stm32cubeide_1.11.0/stm32cubeide/plugins/com.st.stm32cube.ide.mcu.externaltools.gnu-tools-for-stm32.10.3-2021.10.win32_1.0.200.202301161003/tools/bin/../lib/gcc/arm-none-eabi/10.3.1/thumb/v7e-m+fp/hard\libgcc.a(_arm_addsubdf3.o)
                0x00000000080001d8                __aeabi_drsub
                0x00000000080001e0                __aeabi_dsub
                0x00000000080001e0                __subdf3
                0x00000000080001e4                __aeabi_dadd
                0x00000000080001e4                __adddf3
                0x000000000800045c                __floatunsidf
                0x000000000800045c                __aeabi_ui2d
                0x000000000800047c                __floatsidf
                0x000000000800047c                __aeabi_i2d
                0x00000000080004a0                __aeabi_f2d
                0x00000000080004a0                __extendsfdf2
                0x00000000080004e4                __floatundidf
                0x00000000080004e4                __aeabi_ul2d
                0x00000000080004f4                __floatdidf
                0x00000000080004f4                __aeabi_l2d
 .text          0x0000000008000550      0x424 c:/st/stm32cubeide_1.11.0/stm32cubeide/plugins/com.st.stm32cube.ide.mcu.externaltools.gnu-tools-for-stm32.10.3-2021.10.win32_1.0.200.202301161003/tools/bin/../lib/gcc/arm-none-eabi/10.3.1/thumb/v7e-m+fp/hard\libgcc.a(_arm_muldivdf3.o)
                0x0000000008000550                __aeabi_dmul
                0x0000000008000550                __muldf3
                0x00000000080007a4                __divdf3
                0x00000000080007a4                __aeabi_ddiv
 .text          0x0000000008000974      0x110 c:/st/stm32cubeide_1.11.0/stm32cubeide/plugins/com.st.stm32cube.ide.mcu.externaltools.gnu-tools-for-stm32.10.3-2021.10.win32_1.0.200.202301161003/tools/bin/../lib/gcc/arm-none-eabi/10.3.1/thumb/v7e-m+fp/hard\libgcc.a(_arm_cmpdf2.o)
                0x0000000008000974                __gtdf2
                0x0000000008000974                __gedf2
                0x000000000800097c                __ltdf2
                0x000000000800097c                __ledf2
                0x0000000008000984                __nedf2
                0x0000000008000984                __eqdf2
                0x0000000008000984                __cmpdf2
                0x0000000008000a00                __aeabi_cdrcmple
                0x0000000008000a10                __aeabi_cdcmpeq
                0x0000000008000a10                __aeabi_cdcmple
                0x0000000008000a20                __aeabi_dcmpeq
                0x0000000008000a34                __aeabi_dcmplt
                0x0000000008000a48                __aeabi_dcmple
                0x0000000008000a5c                __aeabi_dcmpge
                0x0000000008000a70                __aeabi_dcmpgt
 .text          0x0000000008000a84       0x2c c:/st/stm32cubeide_1.11.0/stm32cubeide/plugins/com.st.stm32cube.ide.mcu.externaltools.gnu-tools-for-stm32.10.3-2021.10.win32_1.0.200.202301161003/tools/bin/../lib/gcc/arm-none-eabi/10.3.1/thumb/v7e-m+fp/hard\libgcc.a(_arm_unorddf2.o)
                0x0000000008000a84                __unorddf2
                0x0000000008000a84                __aeabi_dcmpun
 .text          0x0000000008000ab0       0x50 c:/st/stm32cubeide_1.11.0/stm32cubeide/plugins/com.st.stm32cube.ide.mcu.externaltools.gnu-tools-for-stm32.10.3-2021.10.win32_1.0.200.202301161003/tools/bin/../lib/gcc/arm-none-eabi/10.3.1/thumb/v7e-m+fp/hard\libgcc.a(_arm_fixdfsi.o)
                0x0000000008000ab0                __aeabi_d2iz
                0x0000000008000ab0                __fixdfsi
 .text          0x0000000008000b00       0xa0 c:/st/stm32cubeide_1.11.0/stm32cubeide/plugins/com.st.stm32cube.ide.mcu.externaltools.gnu-tools-for-stm32.10.3-2021.10.win32_1.0.200.202301161003/tools/bin/../lib/gcc/arm-none-eabi/10.3.1/thumb/v7e-m+fp/hard\libgcc.a(_arm_truncdfsf2.o)
                0x0000000008000b00                __truncdfsf2
                0x0000000008000b00                __aeabi_d2f
 .text          0x0000000008000ba0       0x30 c:/st/stm32cubeide_1.11.0/stm32cubeide/plugins/com.st.stm32cube.ide.mcu.externaltools.gnu-tools-for-stm32.10.3-2021.10.win32_1.0.200.202301161003/tools/bin/../lib/gcc/arm-none-eabi/10.3.1/thumb/v7e-m+fp/hard\libgcc.a(_aeabi_uldivmod.o)
                0x0000000008000ba0                __aeabi_uldivmod
 .text          0x0000000008000bd0       0x3c c:/st/stm32cubeide_1.11.0/stm32cubeide/plugins/com.st.stm32cube.ide.mcu.externaltools.gnu-tools-for-stm32.10.3-2021.10.win32_1.0.200.202301161003/tools/bin/../lib/gcc/arm-none-eabi/10.3.1/thumb/v7e-m+fp/hard\libgcc.a(_fixunsdfdi.o)
                0x0000000008000bd0                __fixunsdfdi
                0x0000000008000bd0                __aeabi_d2ulz
 .text          0x0000000008000c0c      0x2d0 c:/st/stm32cubeide_1.11.0/stm32cubeide/plugins/com.st.stm32cube.ide.mcu.externaltools.gnu-tools-for-stm32.10.3-2021.10.win32_1.0.200.202301161003/tools/bin/../lib/gcc/arm-none-eabi/10.3.1/thumb/v7e-m+fp/hard\libgcc.a(_udivmoddi4.o)
                0x0000000008000c0c                __udivmoddi4
 .text          0x0000000008000edc        0x4 c:/st/stm32cubeide_1.11.0/stm32cubeide/plugins/com.st.stm32cube.ide.mcu.externaltools.gnu-tools-for-stm32.10.3-2021.10.win32_1.0.200.202301161003/tools/bin/../lib/gcc/arm-none-eabi/10.3.1/thumb/v7e-m+fp/hard\libgcc.a(_dvmd_tls.o)
                0x0000000008000edc                __aeabi_idiv0
                0x0000000008000edc                __aeabi_ldiv0
 .text          0x0000000008000ee0       0x40 c:/st/stm32cubeide_1.11.0/stm32cubeide/plugins/com.st.stm32cube.ide.mcu.externaltools.gnu-tools-for-stm32.10.3-2021.10.win32_1.0.200.202301161003/tools/bin/../lib/gcc/arm-none-eabi/10.3.1/thumb/v7e-m+fp/hard\libgcc.a(_arm_fixunsdfsi.o)
                0x0000000008000ee0                __aeabi_d2uiz
                0x0000000008000ee0                __fixunsdfsi
 *(.text*)
 .text.modbus_1t5_Timeout
                0x0000000008000f20       0x20 ./Core/Src/ModBusRTU.o
                0x0000000008000f20                modbus_1t5_Timeout
 .text.modbus_3t5_Timeout
                0x0000000008000f40       0x20 ./Core/Src/ModBusRTU.o
                0x0000000008000f40                modbus_3t5_Timeout
 .text.modbus_UART_Recived
                0x0000000008000f60       0x64 ./Core/Src/ModBusRTU.o
                0x0000000008000f60                modbus_UART_Recived
 .text.Modbus_init
                0x0000000008000fc4       0xac ./Core/Src/ModBusRTU.o
                0x0000000008000fc4                Modbus_init
 .text.CRC16    0x0000000008001070       0x6c ./Core/Src/ModBusRTU.o
                0x0000000008001070                CRC16
 .text.Modbus_Protocal_Worker
                0x00000000080010dc      0x210 ./Core/Src/ModBusRTU.o
                0x00000000080010dc                Modbus_Protocal_Worker
 .text.modbusWrite1Register
                0x00000000080012ec       0x84 ./Core/Src/ModBusRTU.o
                0x00000000080012ec                modbusWrite1Register
 .text.modbusRead1Register
                0x0000000008001370       0xf4 ./Core/Src/ModBusRTU.o
                0x0000000008001370                modbusRead1Register
 .text.ModbusErrorReply
                0x0000000008001464       0x44 ./Core/Src/ModBusRTU.o
                0x0000000008001464                ModbusErrorReply
 .text.Modbus_frame_response
                0x00000000080014a8       0x30 ./Core/Src/ModBusRTU.o
                0x00000000080014a8                Modbus_frame_response
 .text.Modbus_Emission
                0x00000000080014d8      0x100 ./Core/Src/ModBusRTU.o
                0x00000000080014d8                Modbus_Emission
 .text.rt_powd_snf
                0x00000000080015d8      0x23c ./Core/Src/Qubic.o
 *fill*         0x0000000008001814        0x4 
 .text.Qubic    0x0000000008001818      0x708 ./Core/Src/Qubic.o
                0x0000000008001818                Qubic
 .text.emxDestroyArray_real_T
                0x0000000008001f20       0x18 ./Core/Src/Qubic_emxAPI.o
                0x0000000008001f20                emxDestroyArray_real_T
 .text.emxInitArray_real_T
                0x0000000008001f38       0x1a ./Core/Src/Qubic_emxAPI.o
                0x0000000008001f38                emxInitArray_real_T
 .text.emxEnsureCapacity_real_T
                0x0000000008001f52       0xce ./Core/Src/Qubic_emxutil.o
                0x0000000008001f52                emxEnsureCapacity_real_T
 .text.emxFree_real_T
                0x0000000008002020       0x54 ./Core/Src/Qubic_emxutil.o
                0x0000000008002020                emxFree_real_T
 .text.emxInit_real_T
                0x0000000008002074       0x74 ./Core/Src/Qubic_emxutil.o
                0x0000000008002074                emxInit_real_T
 .text.__NVIC_SystemReset
                0x00000000080020e8       0x2c ./Core/Src/main.o
 .text.argInit_real_T
                0x0000000008002114       0x20 ./Core/Src/main.o
 *fill*         0x0000000008002134        0x4 
 .text.main     0x0000000008002138      0x608 ./Core/Src/main.o
                0x0000000008002138                main
 .text.SystemClock_Config
                0x0000000008002740       0xd0 ./Core/Src/main.o
                0x0000000008002740                SystemClock_Config
 .text.MX_ADC1_Init
                0x0000000008002810       0xc0 ./Core/Src/main.o
 .text.MX_I2C1_Init
                0x00000000080028d0       0x5c ./Core/Src/main.o
 .text.MX_TIM2_Init
                0x000000000800292c       0xa8 ./Core/Src/main.o
 .text.MX_TIM3_Init
                0x00000000080029d4       0x9c ./Core/Src/main.o
 .text.MX_TIM4_Init
                0x0000000008002a70       0xec ./Core/Src/main.o
 .text.MX_TIM5_Init
                0x0000000008002b5c       0x9c ./Core/Src/main.o
 .text.MX_TIM11_Init
                0x0000000008002bf8       0xa8 ./Core/Src/main.o
 .text.MX_USART2_UART_Init
                0x0000000008002ca0       0x58 ./Core/Src/main.o
 .text.MX_DMA_Init
                0x0000000008002cf8       0x6c ./Core/Src/main.o
 .text.MX_GPIO_Init
                0x0000000008002d64      0x13c ./Core/Src/main.o
 .text.transformRectangleAndPointsPick
                0x0000000008002ea0      0x500 ./Core/Src/main.o
                0x0000000008002ea0                transformRectangleAndPointsPick
 .text.transformRectangleAndPointsPlace
                0x00000000080033a0      0x500 ./Core/Src/main.o
                0x00000000080033a0                transformRectangleAndPointsPlace
 .text.flowmodbus
                0x00000000080038a0      0xabc ./Core/Src/main.o
                0x00000000080038a0                flowmodbus
 .text.control_interrupt
                0x000000000800435c      0x1a8 ./Core/Src/main.o
                0x000000000800435c                control_interrupt
 .text.velocity
                0x0000000008004504       0xd0 ./Core/Src/main.o
                0x0000000008004504                velocity
 .text.accelerate
                0x00000000080045d4       0x94 ./Core/Src/main.o
                0x00000000080045d4                accelerate
 .text.HAL_TIM_PeriodElapsedCallback
                0x0000000008004668       0x34 ./Core/Src/main.o
                0x0000000008004668                HAL_TIM_PeriodElapsedCallback
 .text.micros   0x000000000800469c       0x34 ./Core/Src/main.o
                0x000000000800469c                micros
 .text.main_Qubic
                0x00000000080046d0      0x10c ./Core/Src/main.o
                0x00000000080046d0                main_Qubic
 .text.Error_Handler
                0x00000000080047dc        0xa ./Core/Src/main.o
                0x00000000080047dc                Error_Handler
 *fill*         0x00000000080047e6        0x2 
 .text.rtIsInf  0x00000000080047e8       0x5c ./Core/Src/rt_nonfinite.o
                0x00000000080047e8                rtIsInf
 .text.rtIsNaN  0x0000000008004844       0x2a ./Core/Src/rt_nonfinite.o
                0x0000000008004844                rtIsNaN
 *fill*         0x000000000800486e        0x2 
 .text.HAL_MspInit
                0x0000000008004870       0x50 ./Core/Src/stm32f4xx_hal_msp.o
                0x0000000008004870                HAL_MspInit
 .text.HAL_ADC_MspInit
                0x00000000080048c0      0x128 ./Core/Src/stm32f4xx_hal_msp.o
                0x00000000080048c0                HAL_ADC_MspInit
 .text.HAL_I2C_MspInit
                0x00000000080049e8       0x90 ./Core/Src/stm32f4xx_hal_msp.o
                0x00000000080049e8                HAL_I2C_MspInit
 .text.HAL_TIM_Encoder_MspInit
                0x0000000008004a78       0x8c ./Core/Src/stm32f4xx_hal_msp.o
                0x0000000008004a78                HAL_TIM_Encoder_MspInit
 .text.HAL_TIM_Base_MspInit
                0x0000000008004b04       0xf4 ./Core/Src/stm32f4xx_hal_msp.o
                0x0000000008004b04                HAL_TIM_Base_MspInit
 .text.HAL_TIM_MspPostInit
                0x0000000008004bf8       0x74 ./Core/Src/stm32f4xx_hal_msp.o
                0x0000000008004bf8                HAL_TIM_MspPostInit
 .text.HAL_UART_MspInit
                0x0000000008004c6c      0x104 ./Core/Src/stm32f4xx_hal_msp.o
                0x0000000008004c6c                HAL_UART_MspInit
 .text.NMI_Handler
                0x0000000008004d70        0x6 ./Core/Src/stm32f4xx_it.o
                0x0000000008004d70                NMI_Handler
 .text.HardFault_Handler
                0x0000000008004d76        0x6 ./Core/Src/stm32f4xx_it.o
                0x0000000008004d76                HardFault_Handler
 .text.MemManage_Handler
                0x0000000008004d7c        0x6 ./Core/Src/stm32f4xx_it.o
                0x0000000008004d7c                MemManage_Handler
 .text.BusFault_Handler
                0x0000000008004d82        0x6 ./Core/Src/stm32f4xx_it.o
                0x0000000008004d82                BusFault_Handler
 .text.UsageFault_Handler
                0x0000000008004d88        0x6 ./Core/Src/stm32f4xx_it.o
                0x0000000008004d88                UsageFault_Handler
 .text.SVC_Handler
                0x0000000008004d8e        0xe ./Core/Src/stm32f4xx_it.o
                0x0000000008004d8e                SVC_Handler
 .text.DebugMon_Handler
                0x0000000008004d9c        0xe ./Core/Src/stm32f4xx_it.o
                0x0000000008004d9c                DebugMon_Handler
 .text.PendSV_Handler
                0x0000000008004daa        0xe ./Core/Src/stm32f4xx_it.o
                0x0000000008004daa                PendSV_Handler
 .text.SysTick_Handler
                0x0000000008004db8        0xc ./Core/Src/stm32f4xx_it.o
                0x0000000008004db8                SysTick_Handler
 .text.DMA1_Stream6_IRQHandler
                0x0000000008004dc4       0x14 ./Core/Src/stm32f4xx_it.o
                0x0000000008004dc4                DMA1_Stream6_IRQHandler
 .text.TIM1_TRG_COM_TIM11_IRQHandler
                0x0000000008004dd8       0x14 ./Core/Src/stm32f4xx_it.o
                0x0000000008004dd8                TIM1_TRG_COM_TIM11_IRQHandler
 .text.TIM3_IRQHandler
                0x0000000008004dec       0x14 ./Core/Src/stm32f4xx_it.o
                0x0000000008004dec                TIM3_IRQHandler
 .text.TIM4_IRQHandler
                0x0000000008004e00       0x14 ./Core/Src/stm32f4xx_it.o
                0x0000000008004e00                TIM4_IRQHandler
 .text.USART2_IRQHandler
                0x0000000008004e14       0x14 ./Core/Src/stm32f4xx_it.o
                0x0000000008004e14                USART2_IRQHandler
 .text.EXTI15_10_IRQHandler
                0x0000000008004e28       0x10 ./Core/Src/stm32f4xx_it.o
                0x0000000008004e28                EXTI15_10_IRQHandler
 .text.DMA2_Stream0_IRQHandler
                0x0000000008004e38       0x14 ./Core/Src/stm32f4xx_it.o
                0x0000000008004e38                DMA2_Stream0_IRQHandler
 .text._sbrk    0x0000000008004e4c       0x6c ./Core/Src/sysmem.o
                0x0000000008004e4c                _sbrk
 .text.SystemInit
                0x0000000008004eb8       0x24 ./Core/Src/system_stm32f4xx.o
                0x0000000008004eb8                SystemInit
 .text.Reset_Handler
                0x0000000008004edc       0x50 ./Core/Startup/startup_stm32f411retx.o
                0x0000000008004edc                Reset_Handler
 .text.Default_Handler
                0x0000000008004f2c        0x2 ./Core/Startup/startup_stm32f411retx.o
                0x0000000008004f2c                RTC_Alarm_IRQHandler
                0x0000000008004f2c                EXTI2_IRQHandler
                0x0000000008004f2c                SPI4_IRQHandler
                0x0000000008004f2c                TIM1_CC_IRQHandler
                0x0000000008004f2c                DMA2_Stream5_IRQHandler
                0x0000000008004f2c                DMA1_Stream5_IRQHandler
                0x0000000008004f2c                PVD_IRQHandler
                0x0000000008004f2c                SDIO_IRQHandler
                0x0000000008004f2c                TAMP_STAMP_IRQHandler
                0x0000000008004f2c                EXTI3_IRQHandler
                0x0000000008004f2c                TIM1_UP_TIM10_IRQHandler
                0x0000000008004f2c                I2C3_ER_IRQHandler
                0x0000000008004f2c                EXTI0_IRQHandler
                0x0000000008004f2c                I2C2_EV_IRQHandler
                0x0000000008004f2c                DMA1_Stream2_IRQHandler
                0x0000000008004f2c                FPU_IRQHandler
                0x0000000008004f2c                DMA2_Stream2_IRQHandler
                0x0000000008004f2c                SPI1_IRQHandler
                0x0000000008004f2c                TIM1_BRK_TIM9_IRQHandler
                0x0000000008004f2c                DMA2_Stream3_IRQHandler
                0x0000000008004f2c                USART6_IRQHandler
                0x0000000008004f2c                I2C1_EV_IRQHandler
                0x0000000008004f2c                DMA1_Stream1_IRQHandler
                0x0000000008004f2c                RCC_IRQHandler
                0x0000000008004f2c                Default_Handler
                0x0000000008004f2c                ADC_IRQHandler
                0x0000000008004f2c                DMA1_Stream7_IRQHandler
                0x0000000008004f2c                SPI5_IRQHandler
                0x0000000008004f2c                TIM5_IRQHandler
                0x0000000008004f2c                DMA2_Stream7_IRQHandler
                0x0000000008004f2c                I2C3_EV_IRQHandler
                0x0000000008004f2c                EXTI9_5_IRQHandler
                0x0000000008004f2c                RTC_WKUP_IRQHandler
                0x0000000008004f2c                SPI2_IRQHandler
                0x0000000008004f2c                DMA1_Stream0_IRQHandler
                0x0000000008004f2c                EXTI4_IRQHandler
                0x0000000008004f2c                WWDG_IRQHandler
                0x0000000008004f2c                TIM2_IRQHandler
                0x0000000008004f2c                OTG_FS_WKUP_IRQHandler
                0x0000000008004f2c                EXTI1_IRQHandler
                0x0000000008004f2c                I2C2_ER_IRQHandler
                0x0000000008004f2c                DMA2_Stream1_IRQHandler
                0x0000000008004f2c                FLASH_IRQHandler
                0x0000000008004f2c                DMA2_Stream4_IRQHandler
                0x0000000008004f2c                USART1_IRQHandler
                0x0000000008004f2c                OTG_FS_IRQHandler
                0x0000000008004f2c                SPI3_IRQHandler
                0x0000000008004f2c                DMA1_Stream4_IRQHandler
                0x0000000008004f2c                I2C1_ER_IRQHandler
                0x0000000008004f2c                DMA2_Stream6_IRQHandler
                0x0000000008004f2c                DMA1_Stream3_IRQHandler
 *fill*         0x0000000008004f2e        0x2 
 .text.HAL_Init
                0x0000000008004f30       0x44 ./Drivers/STM32F4xx_HAL_Driver/Src/stm32f4xx_hal.o
                0x0000000008004f30                HAL_Init
 .text.HAL_InitTick
                0x0000000008004f74       0x60 ./Drivers/STM32F4xx_HAL_Driver/Src/stm32f4xx_hal.o
                0x0000000008004f74                HAL_InitTick
 .text.HAL_IncTick
                0x0000000008004fd4       0x28 ./Drivers/STM32F4xx_HAL_Driver/Src/stm32f4xx_hal.o
                0x0000000008004fd4                HAL_IncTick
 .text.HAL_GetTick
                0x0000000008004ffc       0x18 ./Drivers/STM32F4xx_HAL_Driver/Src/stm32f4xx_hal.o
                0x0000000008004ffc                HAL_GetTick
 .text.HAL_ADC_Init
                0x0000000008005014       0x86 ./Drivers/STM32F4xx_HAL_Driver/Src/stm32f4xx_hal_adc.o
                0x0000000008005014                HAL_ADC_Init
 *fill*         0x000000000800509a        0x2 
 .text.HAL_ADC_Start_DMA
                0x000000000800509c      0x1e0 ./Drivers/STM32F4xx_HAL_Driver/Src/stm32f4xx_hal_adc.o
                0x000000000800509c                HAL_ADC_Start_DMA
 .text.HAL_ADC_ConvCpltCallback
                0x000000000800527c       0x14 ./Drivers/STM32F4xx_HAL_Driver/Src/stm32f4xx_hal_adc.o
                0x000000000800527c                HAL_ADC_ConvCpltCallback
 .text.HAL_ADC_ConvHalfCpltCallback
                0x0000000008005290       0x14 ./Drivers/STM32F4xx_HAL_Driver/Src/stm32f4xx_hal_adc.o
                0x0000000008005290                HAL_ADC_ConvHalfCpltCallback
 .text.HAL_ADC_ErrorCallback
                0x00000000080052a4       0x14 ./Drivers/STM32F4xx_HAL_Driver/Src/stm32f4xx_hal_adc.o
                0x00000000080052a4                HAL_ADC_ErrorCallback
 .text.HAL_ADC_ConfigChannel
                0x00000000080052b8      0x264 ./Drivers/STM32F4xx_HAL_Driver/Src/stm32f4xx_hal_adc.o
                0x00000000080052b8                HAL_ADC_ConfigChannel
 .text.ADC_Init
                0x000000000800551c      0x1f8 ./Drivers/STM32F4xx_HAL_Driver/Src/stm32f4xx_hal_adc.o
 .text.ADC_DMAConvCplt
                0x0000000008005714       0xba ./Drivers/STM32F4xx_HAL_Driver/Src/stm32f4xx_hal_adc.o
 .text.ADC_DMAHalfConvCplt
                0x00000000080057ce       0x1c ./Drivers/STM32F4xx_HAL_Driver/Src/stm32f4xx_hal_adc.o
 .text.ADC_DMAError
                0x00000000080057ea       0x2e ./Drivers/STM32F4xx_HAL_Driver/Src/stm32f4xx_hal_adc.o
 .text.__NVIC_SetPriorityGrouping
                0x0000000008005818       0x48 ./Drivers/STM32F4xx_HAL_Driver/Src/stm32f4xx_hal_cortex.o
 .text.__NVIC_GetPriorityGrouping
                0x0000000008005860       0x1c ./Drivers/STM32F4xx_HAL_Driver/Src/stm32f4xx_hal_cortex.o
 .text.__NVIC_EnableIRQ
                0x000000000800587c       0x3c ./Drivers/STM32F4xx_HAL_Driver/Src/stm32f4xx_hal_cortex.o
 .text.__NVIC_SetPriority
                0x00000000080058b8       0x54 ./Drivers/STM32F4xx_HAL_Driver/Src/stm32f4xx_hal_cortex.o
 .text.NVIC_EncodePriority
                0x000000000800590c       0x66 ./Drivers/STM32F4xx_HAL_Driver/Src/stm32f4xx_hal_cortex.o
 *fill*         0x0000000008005972        0x2 
 .text.SysTick_Config
                0x0000000008005974       0x44 ./Drivers/STM32F4xx_HAL_Driver/Src/stm32f4xx_hal_cortex.o
 .text.HAL_NVIC_SetPriorityGrouping
                0x00000000080059b8       0x16 ./Drivers/STM32F4xx_HAL_Driver/Src/stm32f4xx_hal_cortex.o
                0x00000000080059b8                HAL_NVIC_SetPriorityGrouping
 .text.HAL_NVIC_SetPriority
                0x00000000080059ce       0x38 ./Drivers/STM32F4xx_HAL_Driver/Src/stm32f4xx_hal_cortex.o
                0x00000000080059ce                HAL_NVIC_SetPriority
 .text.HAL_NVIC_EnableIRQ
                0x0000000008005a06       0x1c ./Drivers/STM32F4xx_HAL_Driver/Src/stm32f4xx_hal_cortex.o
                0x0000000008005a06                HAL_NVIC_EnableIRQ
 .text.HAL_SYSTICK_Config
                0x0000000008005a22       0x18 ./Drivers/STM32F4xx_HAL_Driver/Src/stm32f4xx_hal_cortex.o
                0x0000000008005a22                HAL_SYSTICK_Config
 *fill*         0x0000000008005a3a        0x2 
 .text.HAL_DMA_Init
                0x0000000008005a3c      0x15c ./Drivers/STM32F4xx_HAL_Driver/Src/stm32f4xx_hal_dma.o
                0x0000000008005a3c                HAL_DMA_Init
 .text.HAL_DMA_Start_IT
                0x0000000008005b98       0xb0 ./Drivers/STM32F4xx_HAL_Driver/Src/stm32f4xx_hal_dma.o
                0x0000000008005b98                HAL_DMA_Start_IT
 .text.HAL_DMA_Abort
                0x0000000008005c48       0xe0 ./Drivers/STM32F4xx_HAL_Driver/Src/stm32f4xx_hal_dma.o
                0x0000000008005c48                HAL_DMA_Abort
 .text.HAL_DMA_Abort_IT
                0x0000000008005d28       0x44 ./Drivers/STM32F4xx_HAL_Driver/Src/stm32f4xx_hal_dma.o
                0x0000000008005d28                HAL_DMA_Abort_IT
 .text.HAL_DMA_IRQHandler
                0x0000000008005d6c      0x314 ./Drivers/STM32F4xx_HAL_Driver/Src/stm32f4xx_hal_dma.o
                0x0000000008005d6c                HAL_DMA_IRQHandler
 .text.HAL_DMA_GetError
                0x0000000008006080       0x18 ./Drivers/STM32F4xx_HAL_Driver/Src/stm32f4xx_hal_dma.o
                0x0000000008006080                HAL_DMA_GetError
 .text.DMA_SetConfig
                0x0000000008006098       0x5c ./Drivers/STM32F4xx_HAL_Driver/Src/stm32f4xx_hal_dma.o
 .text.DMA_CalcBaseAndBitshift
                0x00000000080060f4       0x6c ./Drivers/STM32F4xx_HAL_Driver/Src/stm32f4xx_hal_dma.o
 .text.DMA_CheckFifoParam
                0x0000000008006160       0xf8 ./Drivers/STM32F4xx_HAL_Driver/Src/stm32f4xx_hal_dma.o
 .text.HAL_GPIO_Init
                0x0000000008006258      0x308 ./Drivers/STM32F4xx_HAL_Driver/Src/stm32f4xx_hal_gpio.o
                0x0000000008006258                HAL_GPIO_Init
 .text.HAL_GPIO_ReadPin
                0x0000000008006560       0x30 ./Drivers/STM32F4xx_HAL_Driver/Src/stm32f4xx_hal_gpio.o
                0x0000000008006560                HAL_GPIO_ReadPin
 .text.HAL_GPIO_WritePin
                0x0000000008006590       0x32 ./Drivers/STM32F4xx_HAL_Driver/Src/stm32f4xx_hal_gpio.o
                0x0000000008006590                HAL_GPIO_WritePin
 *fill*         0x00000000080065c2        0x2 
 .text.HAL_GPIO_EXTI_IRQHandler
                0x00000000080065c4       0x30 ./Drivers/STM32F4xx_HAL_Driver/Src/stm32f4xx_hal_gpio.o
                0x00000000080065c4                HAL_GPIO_EXTI_IRQHandler
 .text.HAL_GPIO_EXTI_Callback
                0x00000000080065f4       0x16 ./Drivers/STM32F4xx_HAL_Driver/Src/stm32f4xx_hal_gpio.o
                0x00000000080065f4                HAL_GPIO_EXTI_Callback
 *fill*         0x000000000800660a        0x2 
 .text.HAL_I2C_Init
                0x000000000800660c      0x288 ./Drivers/STM32F4xx_HAL_Driver/Src/stm32f4xx_hal_i2c.o
                0x000000000800660c                HAL_I2C_Init
 .text.HAL_RCC_OscConfig
                0x0000000008006894      0x4f0 ./Drivers/STM32F4xx_HAL_Driver/Src/stm32f4xx_hal_rcc.o
                0x0000000008006894                HAL_RCC_OscConfig
 .text.HAL_RCC_ClockConfig
                0x0000000008006d84      0x1cc ./Drivers/STM32F4xx_HAL_Driver/Src/stm32f4xx_hal_rcc.o
                0x0000000008006d84                HAL_RCC_ClockConfig
 .text.HAL_RCC_GetSysClockFreq
                0x0000000008006f50      0x20c ./Drivers/STM32F4xx_HAL_Driver/Src/stm32f4xx_hal_rcc.o
                0x0000000008006f50                HAL_RCC_GetSysClockFreq
 .text.HAL_RCC_GetHCLKFreq
                0x000000000800715c       0x18 ./Drivers/STM32F4xx_HAL_Driver/Src/stm32f4xx_hal_rcc.o
                0x000000000800715c                HAL_RCC_GetHCLKFreq
 .text.HAL_RCC_GetPCLK1Freq
                0x0000000008007174       0x28 ./Drivers/STM32F4xx_HAL_Driver/Src/stm32f4xx_hal_rcc.o
                0x0000000008007174                HAL_RCC_GetPCLK1Freq
 .text.HAL_RCC_GetPCLK2Freq
                0x000000000800719c       0x28 ./Drivers/STM32F4xx_HAL_Driver/Src/stm32f4xx_hal_rcc.o
                0x000000000800719c                HAL_RCC_GetPCLK2Freq
 .text.HAL_TIM_Base_Init
                0x00000000080071c4       0xb8 ./Drivers/STM32F4xx_HAL_Driver/Src/stm32f4xx_hal_tim.o
                0x00000000080071c4                HAL_TIM_Base_Init
 .text.HAL_TIM_Base_Start
                0x000000000800727c       0xb4 ./Drivers/STM32F4xx_HAL_Driver/Src/stm32f4xx_hal_tim.o
                0x000000000800727c                HAL_TIM_Base_Start
 .text.HAL_TIM_Base_Start_IT
                0x0000000008007330       0xc4 ./Drivers/STM32F4xx_HAL_Driver/Src/stm32f4xx_hal_tim.o
                0x0000000008007330                HAL_TIM_Base_Start_IT
 .text.HAL_TIM_OC_Init
                0x00000000080073f4       0xb8 ./Drivers/STM32F4xx_HAL_Driver/Src/stm32f4xx_hal_tim.o
                0x00000000080073f4                HAL_TIM_OC_Init
 .text.HAL_TIM_OC_MspInit
                0x00000000080074ac       0x14 ./Drivers/STM32F4xx_HAL_Driver/Src/stm32f4xx_hal_tim.o
                0x00000000080074ac                HAL_TIM_OC_MspInit
 .text.HAL_TIM_PWM_Init
                0x00000000080074c0       0xb8 ./Drivers/STM32F4xx_HAL_Driver/Src/stm32f4xx_hal_tim.o
                0x00000000080074c0                HAL_TIM_PWM_Init
 .text.HAL_TIM_PWM_MspInit
                0x0000000008007578       0x14 ./Drivers/STM32F4xx_HAL_Driver/Src/stm32f4xx_hal_tim.o
                0x0000000008007578                HAL_TIM_PWM_MspInit
 .text.HAL_TIM_PWM_Start
                0x000000000800758c      0x160 ./Drivers/STM32F4xx_HAL_Driver/Src/stm32f4xx_hal_tim.o
                0x000000000800758c                HAL_TIM_PWM_Start
 .text.HAL_TIM_OnePulse_Init
                0x00000000080076ec       0xbc ./Drivers/STM32F4xx_HAL_Driver/Src/stm32f4xx_hal_tim.o
                0x00000000080076ec                HAL_TIM_OnePulse_Init
 .text.HAL_TIM_OnePulse_MspInit
                0x00000000080077a8       0x14 ./Drivers/STM32F4xx_HAL_Driver/Src/stm32f4xx_hal_tim.o
                0x00000000080077a8                HAL_TIM_OnePulse_MspInit
 .text.HAL_TIM_OnePulse_Start_IT
                0x00000000080077bc       0xcc ./Drivers/STM32F4xx_HAL_Driver/Src/stm32f4xx_hal_tim.o
                0x00000000080077bc                HAL_TIM_OnePulse_Start_IT
 .text.HAL_TIM_Encoder_Init
                0x0000000008007888      0x168 ./Drivers/STM32F4xx_HAL_Driver/Src/stm32f4xx_hal_tim.o
                0x0000000008007888                HAL_TIM_Encoder_Init
 .text.HAL_TIM_Encoder_Start
                0x00000000080079f0      0x11c ./Drivers/STM32F4xx_HAL_Driver/Src/stm32f4xx_hal_tim.o
                0x00000000080079f0                HAL_TIM_Encoder_Start
 .text.HAL_TIM_IRQHandler
                0x0000000008007b0c      0x250 ./Drivers/STM32F4xx_HAL_Driver/Src/stm32f4xx_hal_tim.o
                0x0000000008007b0c                HAL_TIM_IRQHandler
 .text.HAL_TIM_OC_ConfigChannel
                0x0000000008007d5c       0xb8 ./Drivers/STM32F4xx_HAL_Driver/Src/stm32f4xx_hal_tim.o
                0x0000000008007d5c                HAL_TIM_OC_ConfigChannel
 .text.HAL_TIM_PWM_ConfigChannel
                0x0000000008007e14      0x184 ./Drivers/STM32F4xx_HAL_Driver/Src/stm32f4xx_hal_tim.o
                0x0000000008007e14                HAL_TIM_PWM_ConfigChannel
 .text.HAL_TIM_ConfigClockSource
                0x0000000008007f98      0x18e ./Drivers/STM32F4xx_HAL_Driver/Src/stm32f4xx_hal_tim.o
                0x0000000008007f98                HAL_TIM_ConfigClockSource
 .text.HAL_TIM_PeriodElapsedHalfCpltCallback
                0x0000000008008126       0x14 ./Drivers/STM32F4xx_HAL_Driver/Src/stm32f4xx_hal_tim.o
                0x0000000008008126                HAL_TIM_PeriodElapsedHalfCpltCallback
 .text.HAL_TIM_OC_DelayElapsedCallback
                0x000000000800813a       0x14 ./Drivers/STM32F4xx_HAL_Driver/Src/stm32f4xx_hal_tim.o
                0x000000000800813a                HAL_TIM_OC_DelayElapsedCallback
 .text.HAL_TIM_IC_CaptureCallback
                0x000000000800814e       0x14 ./Drivers/STM32F4xx_HAL_Driver/Src/stm32f4xx_hal_tim.o
                0x000000000800814e                HAL_TIM_IC_CaptureCallback
 .text.HAL_TIM_IC_CaptureHalfCpltCallback
                0x0000000008008162       0x14 ./Drivers/STM32F4xx_HAL_Driver/Src/stm32f4xx_hal_tim.o
                0x0000000008008162                HAL_TIM_IC_CaptureHalfCpltCallback
 .text.HAL_TIM_PWM_PulseFinishedCallback
                0x0000000008008176       0x14 ./Drivers/STM32F4xx_HAL_Driver/Src/stm32f4xx_hal_tim.o
                0x0000000008008176                HAL_TIM_PWM_PulseFinishedCallback
 .text.HAL_TIM_PWM_PulseFinishedHalfCpltCallback
                0x000000000800818a       0x14 ./Drivers/STM32F4xx_HAL_Driver/Src/stm32f4xx_hal_tim.o
                0x000000000800818a                HAL_TIM_PWM_PulseFinishedHalfCpltCallback
 .text.HAL_TIM_TriggerCallback
                0x000000000800819e       0x14 ./Drivers/STM32F4xx_HAL_Driver/Src/stm32f4xx_hal_tim.o
                0x000000000800819e                HAL_TIM_TriggerCallback
 .text.HAL_TIM_TriggerHalfCpltCallback
                0x00000000080081b2       0x14 ./Drivers/STM32F4xx_HAL_Driver/Src/stm32f4xx_hal_tim.o
                0x00000000080081b2                HAL_TIM_TriggerHalfCpltCallback
 .text.HAL_TIM_ErrorCallback
                0x00000000080081c6       0x14 ./Drivers/STM32F4xx_HAL_Driver/Src/stm32f4xx_hal_tim.o
                0x00000000080081c6                HAL_TIM_ErrorCallback
 *fill*         0x00000000080081da        0x2 
 .text.HAL_TIM_RegisterCallback
                0x00000000080081dc      0x294 ./Drivers/STM32F4xx_HAL_Driver/Src/stm32f4xx_hal_tim.o
                0x00000000080081dc                HAL_TIM_RegisterCallback
 .text.TIM_Base_SetConfig
                0x0000000008008470      0x100 ./Drivers/STM32F4xx_HAL_Driver/Src/stm32f4xx_hal_tim.o
                0x0000000008008470                TIM_Base_SetConfig
 .text.TIM_OC1_SetConfig
                0x0000000008008570       0xcc ./Drivers/STM32F4xx_HAL_Driver/Src/stm32f4xx_hal_tim.o
 .text.TIM_OC2_SetConfig
                0x000000000800863c       0xd8 ./Drivers/STM32F4xx_HAL_Driver/Src/stm32f4xx_hal_tim.o
                0x000000000800863c                TIM_OC2_SetConfig
 .text.TIM_OC3_SetConfig
                0x0000000008008714       0xd4 ./Drivers/STM32F4xx_HAL_Driver/Src/stm32f4xx_hal_tim.o
 .text.TIM_OC4_SetConfig
                0x00000000080087e8       0xa0 ./Drivers/STM32F4xx_HAL_Driver/Src/stm32f4xx_hal_tim.o
 .text.TIM_TI1_ConfigInputStage
                0x0000000008008888       0x5e ./Drivers/STM32F4xx_HAL_Driver/Src/stm32f4xx_hal_tim.o
 .text.TIM_TI2_ConfigInputStage
                0x00000000080088e6       0x60 ./Drivers/STM32F4xx_HAL_Driver/Src/stm32f4xx_hal_tim.o
 .text.TIM_ITRx_SetConfig
                0x0000000008008946       0x36 ./Drivers/STM32F4xx_HAL_Driver/Src/stm32f4xx_hal_tim.o
 .text.TIM_ETR_SetConfig
                0x000000000800897c       0x40 ./Drivers/STM32F4xx_HAL_Driver/Src/stm32f4xx_hal_tim.o
                0x000000000800897c                TIM_ETR_SetConfig
 .text.TIM_CCxChannelCmd
                0x00000000080089bc       0x4a ./Drivers/STM32F4xx_HAL_Driver/Src/stm32f4xx_hal_tim.o
                0x00000000080089bc                TIM_CCxChannelCmd
 *fill*         0x0000000008008a06        0x2 
 .text.TIM_ResetCallback
                0x0000000008008a08       0xb0 ./Drivers/STM32F4xx_HAL_Driver/Src/stm32f4xx_hal_tim.o
                0x0000000008008a08                TIM_ResetCallback
 .text.HAL_TIMEx_MasterConfigSynchronization
                0x0000000008008ab8       0xdc ./Drivers/STM32F4xx_HAL_Driver/Src/stm32f4xx_hal_tim_ex.o
                0x0000000008008ab8                HAL_TIMEx_MasterConfigSynchronization
 .text.HAL_TIMEx_CommutCallback
                0x0000000008008b94       0x14 ./Drivers/STM32F4xx_HAL_Driver/Src/stm32f4xx_hal_tim_ex.o
                0x0000000008008b94                HAL_TIMEx_CommutCallback
 .text.HAL_TIMEx_CommutHalfCpltCallback
                0x0000000008008ba8       0x14 ./Drivers/STM32F4xx_HAL_Driver/Src/stm32f4xx_hal_tim_ex.o
                0x0000000008008ba8                HAL_TIMEx_CommutHalfCpltCallback
 .text.HAL_TIMEx_BreakCallback
                0x0000000008008bbc       0x14 ./Drivers/STM32F4xx_HAL_Driver/Src/stm32f4xx_hal_tim_ex.o
                0x0000000008008bbc                HAL_TIMEx_BreakCallback
 .text.HAL_UART_Init
                0x0000000008008bd0       0xb4 ./Drivers/STM32F4xx_HAL_Driver/Src/stm32f4xx_hal_uart.o
                0x0000000008008bd0                HAL_UART_Init
 .text.HAL_UART_RegisterCallback
                0x0000000008008c84      0x150 ./Drivers/STM32F4xx_HAL_Driver/Src/stm32f4xx_hal_uart.o
                0x0000000008008c84                HAL_UART_RegisterCallback
 .text.HAL_UART_Receive_IT
                0x0000000008008dd4       0x60 ./Drivers/STM32F4xx_HAL_Driver/Src/stm32f4xx_hal_uart.o
                0x0000000008008dd4                HAL_UART_Receive_IT
 .text.HAL_UART_Transmit_DMA
                0x0000000008008e34       0xfc ./Drivers/STM32F4xx_HAL_Driver/Src/stm32f4xx_hal_uart.o
                0x0000000008008e34                HAL_UART_Transmit_DMA
 .text.HAL_UART_AbortReceive
                0x0000000008008f30      0x146 ./Drivers/STM32F4xx_HAL_Driver/Src/stm32f4xx_hal_uart.o
                0x0000000008008f30                HAL_UART_AbortReceive
 *fill*         0x0000000008009076        0x2 
 .text.HAL_UART_IRQHandler
                0x0000000008009078      0x524 ./Drivers/STM32F4xx_HAL_Driver/Src/stm32f4xx_hal_uart.o
                0x0000000008009078                HAL_UART_IRQHandler
 .text.HAL_UART_TxCpltCallback
                0x000000000800959c       0x14 ./Drivers/STM32F4xx_HAL_Driver/Src/stm32f4xx_hal_uart.o
                0x000000000800959c                HAL_UART_TxCpltCallback
 .text.HAL_UART_TxHalfCpltCallback
                0x00000000080095b0       0x14 ./Drivers/STM32F4xx_HAL_Driver/Src/stm32f4xx_hal_uart.o
                0x00000000080095b0                HAL_UART_TxHalfCpltCallback
 .text.HAL_UART_RxCpltCallback
                0x00000000080095c4       0x14 ./Drivers/STM32F4xx_HAL_Driver/Src/stm32f4xx_hal_uart.o
                0x00000000080095c4                HAL_UART_RxCpltCallback
 .text.HAL_UART_RxHalfCpltCallback
                0x00000000080095d8       0x14 ./Drivers/STM32F4xx_HAL_Driver/Src/stm32f4xx_hal_uart.o
                0x00000000080095d8                HAL_UART_RxHalfCpltCallback
 .text.HAL_UART_ErrorCallback
                0x00000000080095ec       0x14 ./Drivers/STM32F4xx_HAL_Driver/Src/stm32f4xx_hal_uart.o
                0x00000000080095ec                HAL_UART_ErrorCallback
 .text.HAL_UART_AbortCpltCallback
                0x0000000008009600       0x14 ./Drivers/STM32F4xx_HAL_Driver/Src/stm32f4xx_hal_uart.o
                0x0000000008009600                HAL_UART_AbortCpltCallback
 .text.HAL_UART_AbortTransmitCpltCallback
                0x0000000008009614       0x14 ./Drivers/STM32F4xx_HAL_Driver/Src/stm32f4xx_hal_uart.o
                0x0000000008009614                HAL_UART_AbortTransmitCpltCallback
 .text.HAL_UART_AbortReceiveCpltCallback
                0x0000000008009628       0x14 ./Drivers/STM32F4xx_HAL_Driver/Src/stm32f4xx_hal_uart.o
                0x0000000008009628                HAL_UART_AbortReceiveCpltCallback
 .text.HAL_UARTEx_RxEventCallback
                0x000000000800963c       0x18 ./Drivers/STM32F4xx_HAL_Driver/Src/stm32f4xx_hal_uart.o
                0x000000000800963c                HAL_UARTEx_RxEventCallback
 .text.UART_InitCallbacksToDefault
                0x0000000008009654       0x70 ./Drivers/STM32F4xx_HAL_Driver/Src/stm32f4xx_hal_uart.o
                0x0000000008009654                UART_InitCallbacksToDefault
 .text.UART_DMATransmitCplt
                0x00000000080096c4       0x9c ./Drivers/STM32F4xx_HAL_Driver/Src/stm32f4xx_hal_uart.o
 .text.UART_DMATxHalfCplt
                0x0000000008009760       0x1e ./Drivers/STM32F4xx_HAL_Driver/Src/stm32f4xx_hal_uart.o
 .text.UART_DMAError
                0x000000000800977e       0x96 ./Drivers/STM32F4xx_HAL_Driver/Src/stm32f4xx_hal_uart.o
 .text.UART_Start_Receive_IT
                0x0000000008009814       0x7c ./Drivers/STM32F4xx_HAL_Driver/Src/stm32f4xx_hal_uart.o
                0x0000000008009814                UART_Start_Receive_IT
 .text.UART_EndTxTransfer
                0x0000000008009890       0x50 ./Drivers/STM32F4xx_HAL_Driver/Src/stm32f4xx_hal_uart.o
 .text.UART_EndRxTransfer
                0x00000000080098e0       0xc6 ./Drivers/STM32F4xx_HAL_Driver/Src/stm32f4xx_hal_uart.o
 .text.UART_DMAAbortOnError
                0x00000000080099a6       0x2a ./Drivers/STM32F4xx_HAL_Driver/Src/stm32f4xx_hal_uart.o
 .text.UART_Transmit_IT
                0x00000000080099d0       0xa0 ./Drivers/STM32F4xx_HAL_Driver/Src/stm32f4xx_hal_uart.o
 .text.UART_EndTransmit_IT
                0x0000000008009a70       0x32 ./Drivers/STM32F4xx_HAL_Driver/Src/stm32f4xx_hal_uart.o
 .text.UART_Receive_IT
                0x0000000008009aa2      0x17a ./Drivers/STM32F4xx_HAL_Driver/Src/stm32f4xx_hal_uart.o
 .text.UART_SetConfig
                0x0000000008009c1c      0x4e8 ./Drivers/STM32F4xx_HAL_Driver/Src/stm32f4xx_hal_uart.o
 .text.calloc   0x000000000800a104       0x10 c:/st/stm32cubeide_1.11.0/stm32cubeide/plugins/com.st.stm32cube.ide.mcu.externaltools.gnu-tools-for-stm32.10.3-2021.10.win32_1.0.200.202301161003/tools/bin/../lib/gcc/arm-none-eabi/10.3.1/../../../../arm-none-eabi/lib/thumb/v7e-m+fp/hard\libc_nano.a(lib_a-calloc.o)
                0x000000000800a104                calloc
 .text.__errno  0x000000000800a114        0xc c:/st/stm32cubeide_1.11.0/stm32cubeide/plugins/com.st.stm32cube.ide.mcu.externaltools.gnu-tools-for-stm32.10.3-2021.10.win32_1.0.200.202301161003/tools/bin/../lib/gcc/arm-none-eabi/10.3.1/../../../../arm-none-eabi/lib/thumb/v7e-m+fp/hard\libc_nano.a(lib_a-errno.o)
                0x000000000800a114                __errno
 .text.__libc_init_array
                0x000000000800a120       0x48 c:/st/stm32cubeide_1.11.0/stm32cubeide/plugins/com.st.stm32cube.ide.mcu.externaltools.gnu-tools-for-stm32.10.3-2021.10.win32_1.0.200.202301161003/tools/bin/../lib/gcc/arm-none-eabi/10.3.1/../../../../arm-none-eabi/lib/thumb/v7e-m+fp/hard\libc_nano.a(lib_a-init.o)
                0x000000000800a120                __libc_init_array
 .text.malloc   0x000000000800a168       0x10 c:/st/stm32cubeide_1.11.0/stm32cubeide/plugins/com.st.stm32cube.ide.mcu.externaltools.gnu-tools-for-stm32.10.3-2021.10.win32_1.0.200.202301161003/tools/bin/../lib/gcc/arm-none-eabi/10.3.1/../../../../arm-none-eabi/lib/thumb/v7e-m+fp/hard\libc_nano.a(lib_a-malloc.o)
                0x000000000800a168                malloc
 .text.free     0x000000000800a178       0x10 c:/st/stm32cubeide_1.11.0/stm32cubeide/plugins/com.st.stm32cube.ide.mcu.externaltools.gnu-tools-for-stm32.10.3-2021.10.win32_1.0.200.202301161003/tools/bin/../lib/gcc/arm-none-eabi/10.3.1/../../../../arm-none-eabi/lib/thumb/v7e-m+fp/hard\libc_nano.a(lib_a-malloc.o)
                0x000000000800a178                free
 .text.memcpy   0x000000000800a188       0x1c c:/st/stm32cubeide_1.11.0/stm32cubeide/plugins/com.st.stm32cube.ide.mcu.externaltools.gnu-tools-for-stm32.10.3-2021.10.win32_1.0.200.202301161003/tools/bin/../lib/gcc/arm-none-eabi/10.3.1/../../../../arm-none-eabi/lib/thumb/v7e-m+fp/hard\libc_nano.a(lib_a-memcpy-stub.o)
                0x000000000800a188                memcpy
 .text.memset   0x000000000800a1a4       0x10 c:/st/stm32cubeide_1.11.0/stm32cubeide/plugins/com.st.stm32cube.ide.mcu.externaltools.gnu-tools-for-stm32.10.3-2021.10.win32_1.0.200.202301161003/tools/bin/../lib/gcc/arm-none-eabi/10.3.1/../../../../arm-none-eabi/lib/thumb/v7e-m+fp/hard\libc_nano.a(lib_a-memset.o)
                0x000000000800a1a4                memset
 .text._calloc_r
                0x000000000800a1b4       0x2c c:/st/stm32cubeide_1.11.0/stm32cubeide/plugins/com.st.stm32cube.ide.mcu.externaltools.gnu-tools-for-stm32.10.3-2021.10.win32_1.0.200.202301161003/tools/bin/../lib/gcc/arm-none-eabi/10.3.1/../../../../arm-none-eabi/lib/thumb/v7e-m+fp/hard\libc_nano.a(lib_a-nano-callocr.o)
                0x000000000800a1b4                _calloc_r
 .text._free_r  0x000000000800a1e0       0x98 c:/st/stm32cubeide_1.11.0/stm32cubeide/plugins/com.st.stm32cube.ide.mcu.externaltools.gnu-tools-for-stm32.10.3-2021.10.win32_1.0.200.202301161003/tools/bin/../lib/gcc/arm-none-eabi/10.3.1/../../../../arm-none-eabi/lib/thumb/v7e-m+fp/hard\libc_nano.a(lib_a-nano-freer.o)
                0x000000000800a1e0                _free_r
 .text.sbrk_aligned
                0x000000000800a278       0x40 c:/st/stm32cubeide_1.11.0/stm32cubeide/plugins/com.st.stm32cube.ide.mcu.externaltools.gnu-tools-for-stm32.10.3-2021.10.win32_1.0.200.202301161003/tools/bin/../lib/gcc/arm-none-eabi/10.3.1/../../../../arm-none-eabi/lib/thumb/v7e-m+fp/hard\libc_nano.a(lib_a-nano-mallocr.o)
 .text._malloc_r
                0x000000000800a2b8       0xe8 c:/st/stm32cubeide_1.11.0/stm32cubeide/plugins/com.st.stm32cube.ide.mcu.externaltools.gnu-tools-for-stm32.10.3-2021.10.win32_1.0.200.202301161003/tools/bin/../lib/gcc/arm-none-eabi/10.3.1/../../../../arm-none-eabi/lib/thumb/v7e-m+fp/hard\libc_nano.a(lib_a-nano-mallocr.o)
                0x000000000800a2b8                _malloc_r
 .text._sbrk_r  0x000000000800a3a0       0x20 c:/st/stm32cubeide_1.11.0/stm32cubeide/plugins/com.st.stm32cube.ide.mcu.externaltools.gnu-tools-for-stm32.10.3-2021.10.win32_1.0.200.202301161003/tools/bin/../lib/gcc/arm-none-eabi/10.3.1/../../../../arm-none-eabi/lib/thumb/v7e-m+fp/hard\libc_nano.a(lib_a-sbrkr.o)
                0x000000000800a3a0                _sbrk_r
 .text.__malloc_lock
                0x000000000800a3c0        0xc c:/st/stm32cubeide_1.11.0/stm32cubeide/plugins/com.st.stm32cube.ide.mcu.externaltools.gnu-tools-for-stm32.10.3-2021.10.win32_1.0.200.202301161003/tools/bin/../lib/gcc/arm-none-eabi/10.3.1/../../../../arm-none-eabi/lib/thumb/v7e-m+fp/hard\libc_nano.a(lib_a-mlock.o)
                0x000000000800a3c0                __malloc_lock
 .text.__malloc_unlock
                0x000000000800a3cc        0xc c:/st/stm32cubeide_1.11.0/stm32cubeide/plugins/com.st.stm32cube.ide.mcu.externaltools.gnu-tools-for-stm32.10.3-2021.10.win32_1.0.200.202301161003/tools/bin/../lib/gcc/arm-none-eabi/10.3.1/../../../../arm-none-eabi/lib/thumb/v7e-m+fp/hard\libc_nano.a(lib_a-mlock.o)
                0x000000000800a3cc                __malloc_unlock
 .text.__retarget_lock_acquire_recursive
                0x000000000800a3d8        0x2 c:/st/stm32cubeide_1.11.0/stm32cubeide/plugins/com.st.stm32cube.ide.mcu.externaltools.gnu-tools-for-stm32.10.3-2021.10.win32_1.0.200.202301161003/tools/bin/../lib/gcc/arm-none-eabi/10.3.1/../../../../arm-none-eabi/lib/thumb/v7e-m+fp/hard\libc_nano.a(lib_a-lock.o)
                0x000000000800a3d8                __retarget_lock_acquire_recursive
 .text.__retarget_lock_release_recursive
                0x000000000800a3da        0x2 c:/st/stm32cubeide_1.11.0/stm32cubeide/plugins/com.st.stm32cube.ide.mcu.externaltools.gnu-tools-for-stm32.10.3-2021.10.win32_1.0.200.202301161003/tools/bin/../lib/gcc/arm-none-eabi/10.3.1/../../../../arm-none-eabi/lib/thumb/v7e-m+fp/hard\libc_nano.a(lib_a-lock.o)
                0x000000000800a3da                __retarget_lock_release_recursive
 *fill*         0x000000000800a3dc        0x4 
 .text.cos      0x000000000800a3e0       0xa8 c:/st/stm32cubeide_1.11.0/stm32cubeide/plugins/com.st.stm32cube.ide.mcu.externaltools.gnu-tools-for-stm32.10.3-2021.10.win32_1.0.200.202301161003/tools/bin/../lib/gcc/arm-none-eabi/10.3.1/../../../../arm-none-eabi/lib/thumb/v7e-m+fp/hard\libm.a(lib_a-s_cos.o)
                0x000000000800a3e0                cos
 .text.floor    0x000000000800a488      0x100 c:/st/stm32cubeide_1.11.0/stm32cubeide/plugins/com.st.stm32cube.ide.mcu.externaltools.gnu-tools-for-stm32.10.3-2021.10.win32_1.0.200.202301161003/tools/bin/../lib/gcc/arm-none-eabi/10.3.1/../../../../arm-none-eabi/lib/thumb/v7e-m+fp/hard\libm.a(lib_a-s_floor.o)
                0x000000000800a488                floor
 .text.sin      0x000000000800a588       0xb0 c:/st/stm32cubeide_1.11.0/stm32cubeide/plugins/com.st.stm32cube.ide.mcu.externaltools.gnu-tools-for-stm32.10.3-2021.10.win32_1.0.200.202301161003/tools/bin/../lib/gcc/arm-none-eabi/10.3.1/../../../../arm-none-eabi/lib/thumb/v7e-m+fp/hard\libm.a(lib_a-s_sin.o)
                0x000000000800a588                sin
 .text.acos     0x000000000800a638       0x68 c:/st/stm32cubeide_1.11.0/stm32cubeide/plugins/com.st.stm32cube.ide.mcu.externaltools.gnu-tools-for-stm32.10.3-2021.10.win32_1.0.200.202301161003/tools/bin/../lib/gcc/arm-none-eabi/10.3.1/../../../../arm-none-eabi/lib/thumb/v7e-m+fp/hard\libm.a(lib_a-w_acos.o)
                0x000000000800a638                acos
 .text.pow      0x000000000800a6a0       0xe0 c:/st/stm32cubeide_1.11.0/stm32cubeide/plugins/com.st.stm32cube.ide.mcu.externaltools.gnu-tools-for-stm32.10.3-2021.10.win32_1.0.200.202301161003/tools/bin/../lib/gcc/arm-none-eabi/10.3.1/../../../../arm-none-eabi/lib/thumb/v7e-m+fp/hard\libm.a(lib_a-w_pow.o)
                0x000000000800a6a0                pow
 .text.sqrt     0x000000000800a780       0x58 c:/st/stm32cubeide_1.11.0/stm32cubeide/plugins/com.st.stm32cube.ide.mcu.externaltools.gnu-tools-for-stm32.10.3-2021.10.win32_1.0.200.202301161003/tools/bin/../lib/gcc/arm-none-eabi/10.3.1/../../../../arm-none-eabi/lib/thumb/v7e-m+fp/hard\libm.a(lib_a-w_sqrt.o)
                0x000000000800a780                sqrt
 .text.__ieee754_acos
                0x000000000800a7d8      0x4c0 c:/st/stm32cubeide_1.11.0/stm32cubeide/plugins/com.st.stm32cube.ide.mcu.externaltools.gnu-tools-for-stm32.10.3-2021.10.win32_1.0.200.202301161003/tools/bin/../lib/gcc/arm-none-eabi/10.3.1/../../../../arm-none-eabi/lib/thumb/v7e-m+fp/hard\libm.a(lib_a-e_acos.o)
                0x000000000800a7d8                __ieee754_acos
 .text.__ieee754_pow
                0x000000000800ac98      0xa5c c:/st/stm32cubeide_1.11.0/stm32cubeide/plugins/com.st.stm32cube.ide.mcu.externaltools.gnu-tools-for-stm32.10.3-2021.10.win32_1.0.200.202301161003/tools/bin/../lib/gcc/arm-none-eabi/10.3.1/../../../../arm-none-eabi/lib/thumb/v7e-m+fp/hard\libm.a(lib_a-e_pow.o)
                0x000000000800ac98                __ieee754_pow
 *fill*         0x000000000800b6f4        0x4 
 .text.__ieee754_rem_pio2
                0x000000000800b6f8      0x418 c:/st/stm32cubeide_1.11.0/stm32cubeide/plugins/com.st.stm32cube.ide.mcu.externaltools.gnu-tools-for-stm32.10.3-2021.10.win32_1.0.200.202301161003/tools/bin/../lib/gcc/arm-none-eabi/10.3.1/../../../../arm-none-eabi/lib/thumb/v7e-m+fp/hard\libm.a(lib_a-e_rem_pio2.o)
                0x000000000800b6f8                __ieee754_rem_pio2
 .text.__ieee754_sqrt
                0x000000000800bb10      0x164 c:/st/stm32cubeide_1.11.0/stm32cubeide/plugins/com.st.stm32cube.ide.mcu.externaltools.gnu-tools-for-stm32.10.3-2021.10.win32_1.0.200.202301161003/tools/bin/../lib/gcc/arm-none-eabi/10.3.1/../../../../arm-none-eabi/lib/thumb/v7e-m+fp/hard\libm.a(lib_a-e_sqrt.o)
                0x000000000800bb10                __ieee754_sqrt
 *fill*         0x000000000800bc74        0x4 
 .text.__kernel_cos
                0x000000000800bc78      0x18c c:/st/stm32cubeide_1.11.0/stm32cubeide/plugins/com.st.stm32cube.ide.mcu.externaltools.gnu-tools-for-stm32.10.3-2021.10.win32_1.0.200.202301161003/tools/bin/../lib/gcc/arm-none-eabi/10.3.1/../../../../arm-none-eabi/lib/thumb/v7e-m+fp/hard\libm.a(lib_a-k_cos.o)
                0x000000000800bc78                __kernel_cos
 *fill*         0x000000000800be04        0x4 
 .text.__kernel_rem_pio2
                0x000000000800be08      0x69c c:/st/stm32cubeide_1.11.0/stm32cubeide/plugins/com.st.stm32cube.ide.mcu.externaltools.gnu-tools-for-stm32.10.3-2021.10.win32_1.0.200.202301161003/tools/bin/../lib/gcc/arm-none-eabi/10.3.1/../../../../arm-none-eabi/lib/thumb/v7e-m+fp/hard\libm.a(lib_a-k_rem_pio2.o)
                0x000000000800be08                __kernel_rem_pio2
 *fill*         0x000000000800c4a4        0x4 
 .text.__kernel_sin
                0x000000000800c4a8      0x17c c:/st/stm32cubeide_1.11.0/stm32cubeide/plugins/com.st.stm32cube.ide.mcu.externaltools.gnu-tools-for-stm32.10.3-2021.10.win32_1.0.200.202301161003/tools/bin/../lib/gcc/arm-none-eabi/10.3.1/../../../../arm-none-eabi/lib/thumb/v7e-m+fp/hard\libm.a(lib_a-k_sin.o)
                0x000000000800c4a8                __kernel_sin
 .text.with_errno
                0x000000000800c624       0x14 c:/st/stm32cubeide_1.11.0/stm32cubeide/plugins/com.st.stm32cube.ide.mcu.externaltools.gnu-tools-for-stm32.10.3-2021.10.win32_1.0.200.202301161003/tools/bin/../lib/gcc/arm-none-eabi/10.3.1/../../../../arm-none-eabi/lib/thumb/v7e-m+fp/hard\libm.a(lib_a-math_err.o)
 .text.xflow    0x000000000800c638       0x28 c:/st/stm32cubeide_1.11.0/stm32cubeide/plugins/com.st.stm32cube.ide.mcu.externaltools.gnu-tools-for-stm32.10.3-2021.10.win32_1.0.200.202301161003/tools/bin/../lib/gcc/arm-none-eabi/10.3.1/../../../../arm-none-eabi/lib/thumb/v7e-m+fp/hard\libm.a(lib_a-math_err.o)
 .text.__math_uflow
                0x000000000800c660       0x12 c:/st/stm32cubeide_1.11.0/stm32cubeide/plugins/com.st.stm32cube.ide.mcu.externaltools.gnu-tools-for-stm32.10.3-2021.10.win32_1.0.200.202301161003/tools/bin/../lib/gcc/arm-none-eabi/10.3.1/../../../../arm-none-eabi/lib/thumb/v7e-m+fp/hard\libm.a(lib_a-math_err.o)
                0x000000000800c660                __math_uflow
 .text.__math_oflow
                0x000000000800c672       0x12 c:/st/stm32cubeide_1.11.0/stm32cubeide/plugins/com.st.stm32cube.ide.mcu.externaltools.gnu-tools-for-stm32.10.3-2021.10.win32_1.0.200.202301161003/tools/bin/../lib/gcc/arm-none-eabi/10.3.1/../../../../arm-none-eabi/lib/thumb/v7e-m+fp/hard\libm.a(lib_a-math_err.o)
                0x000000000800c672                __math_oflow
 .text.fabs     0x000000000800c684       0x12 c:/st/stm32cubeide_1.11.0/stm32cubeide/plugins/com.st.stm32cube.ide.mcu.externaltools.gnu-tools-for-stm32.10.3-2021.10.win32_1.0.200.202301161003/tools/bin/../lib/gcc/arm-none-eabi/10.3.1/../../../../arm-none-eabi/lib/thumb/v7e-m+fp/hard\libm.a(lib_a-s_fabs.o)
                0x000000000800c684                fabs
 .text.finite   0x000000000800c696       0x16 c:/st/stm32cubeide_1.11.0/stm32cubeide/plugins/com.st.stm32cube.ide.mcu.externaltools.gnu-tools-for-stm32.10.3-2021.10.win32_1.0.200.202301161003/tools/bin/../lib/gcc/arm-none-eabi/10.3.1/../../../../arm-none-eabi/lib/thumb/v7e-m+fp/hard\libm.a(lib_a-s_finite.o)
                0x000000000800c696                finite
 *fill*         0x000000000800c6ac        0x4 
 .text.nan      0x000000000800c6b0       0x10 c:/st/stm32cubeide_1.11.0/stm32cubeide/plugins/com.st.stm32cube.ide.mcu.externaltools.gnu-tools-for-stm32.10.3-2021.10.win32_1.0.200.202301161003/tools/bin/../lib/gcc/arm-none-eabi/10.3.1/../../../../arm-none-eabi/lib/thumb/v7e-m+fp/hard\libm.a(lib_a-s_nan.o)
                0x000000000800c6b0                nan
 .text.scalbn   0x000000000800c6c0      0x10c c:/st/stm32cubeide_1.11.0/stm32cubeide/plugins/com.st.stm32cube.ide.mcu.externaltools.gnu-tools-for-stm32.10.3-2021.10.win32_1.0.200.202301161003/tools/bin/../lib/gcc/arm-none-eabi/10.3.1/../../../../arm-none-eabi/lib/thumb/v7e-m+fp/hard\libm.a(lib_a-s_scalbn.o)
                0x000000000800c6c0                scalbn
 *(.glue_7)
 .glue_7        0x000000000800c7cc        0x0 linker stubs
 *(.glue_7t)
 .glue_7t       0x000000000800c7cc        0x0 linker stubs
 *(.eh_frame)
 .eh_frame      0x000000000800c7cc        0x0 c:/st/stm32cubeide_1.11.0/stm32cubeide/plugins/com.st.stm32cube.ide.mcu.externaltools.gnu-tools-for-stm32.10.3-2021.10.win32_1.0.200.202301161003/tools/bin/../lib/gcc/arm-none-eabi/10.3.1/thumb/v7e-m+fp/hard/crtbegin.o
 *(.init)
 .init          0x000000000800c7cc        0x4 c:/st/stm32cubeide_1.11.0/stm32cubeide/plugins/com.st.stm32cube.ide.mcu.externaltools.gnu-tools-for-stm32.10.3-2021.10.win32_1.0.200.202301161003/tools/bin/../lib/gcc/arm-none-eabi/10.3.1/thumb/v7e-m+fp/hard/crti.o
                0x000000000800c7cc                _init
 .init          0x000000000800c7d0        0x8 c:/st/stm32cubeide_1.11.0/stm32cubeide/plugins/com.st.stm32cube.ide.mcu.externaltools.gnu-tools-for-stm32.10.3-2021.10.win32_1.0.200.202301161003/tools/bin/../lib/gcc/arm-none-eabi/10.3.1/thumb/v7e-m+fp/hard/crtn.o
 *(.fini)
 .fini          0x000000000800c7d8        0x4 c:/st/stm32cubeide_1.11.0/stm32cubeide/plugins/com.st.stm32cube.ide.mcu.externaltools.gnu-tools-for-stm32.10.3-2021.10.win32_1.0.200.202301161003/tools/bin/../lib/gcc/arm-none-eabi/10.3.1/thumb/v7e-m+fp/hard/crti.o
                0x000000000800c7d8                _fini
 .fini          0x000000000800c7dc        0x8 c:/st/stm32cubeide_1.11.0/stm32cubeide/plugins/com.st.stm32cube.ide.mcu.externaltools.gnu-tools-for-stm32.10.3-2021.10.win32_1.0.200.202301161003/tools/bin/../lib/gcc/arm-none-eabi/10.3.1/thumb/v7e-m+fp/hard/crtn.o
                0x000000000800c7e4                . = ALIGN (0x4)
                0x000000000800c7e4                _etext = .

.vfp11_veneer   0x000000000800c7e4        0x0
 .vfp11_veneer  0x000000000800c7e4        0x0 linker stubs

.v4_bx          0x000000000800c7e4        0x0
 .v4_bx         0x000000000800c7e4        0x0 linker stubs

.iplt           0x000000000800c7e4        0x0
 .iplt          0x000000000800c7e4        0x0 c:/st/stm32cubeide_1.11.0/stm32cubeide/plugins/com.st.stm32cube.ide.mcu.externaltools.gnu-tools-for-stm32.10.3-2021.10.win32_1.0.200.202301161003/tools/bin/../lib/gcc/arm-none-eabi/10.3.1/thumb/v7e-m+fp/hard/crtbegin.o

.rodata         0x000000000800c7e8      0x230
                0x000000000800c7e8                . = ALIGN (0x4)
 *(.rodata)
 *(.rodata*)
 .rodata.AHBPrescTable
                0x000000000800c7e8       0x10 ./Core/Src/system_stm32f4xx.o
                0x000000000800c7e8                AHBPrescTable
 .rodata.APBPrescTable
                0x000000000800c7f8        0x8 ./Core/Src/system_stm32f4xx.o
                0x000000000800c7f8                APBPrescTable
 .rodata.flagBitshiftOffset.0
                0x000000000800c800        0x8 ./Drivers/STM32F4xx_HAL_Driver/Src/stm32f4xx_hal_dma.o
 .rodata.acos.str1.1
                0x000000000800c808        0x1 c:/st/stm32cubeide_1.11.0/stm32cubeide/plugins/com.st.stm32cube.ide.mcu.externaltools.gnu-tools-for-stm32.10.3-2021.10.win32_1.0.200.202301161003/tools/bin/../lib/gcc/arm-none-eabi/10.3.1/../../../../arm-none-eabi/lib/thumb/v7e-m+fp/hard\libm.a(lib_a-w_acos.o)
 *fill*         0x000000000800c809        0x7 
 .rodata.bp     0x000000000800c810       0x10 c:/st/stm32cubeide_1.11.0/stm32cubeide/plugins/com.st.stm32cube.ide.mcu.externaltools.gnu-tools-for-stm32.10.3-2021.10.win32_1.0.200.202301161003/tools/bin/../lib/gcc/arm-none-eabi/10.3.1/../../../../arm-none-eabi/lib/thumb/v7e-m+fp/hard\libm.a(lib_a-e_pow.o)
 .rodata.dp_h   0x000000000800c820       0x10 c:/st/stm32cubeide_1.11.0/stm32cubeide/plugins/com.st.stm32cube.ide.mcu.externaltools.gnu-tools-for-stm32.10.3-2021.10.win32_1.0.200.202301161003/tools/bin/../lib/gcc/arm-none-eabi/10.3.1/../../../../arm-none-eabi/lib/thumb/v7e-m+fp/hard\libm.a(lib_a-e_pow.o)
 .rodata.dp_l   0x000000000800c830       0x10 c:/st/stm32cubeide_1.11.0/stm32cubeide/plugins/com.st.stm32cube.ide.mcu.externaltools.gnu-tools-for-stm32.10.3-2021.10.win32_1.0.200.202301161003/tools/bin/../lib/gcc/arm-none-eabi/10.3.1/../../../../arm-none-eabi/lib/thumb/v7e-m+fp/hard\libm.a(lib_a-e_pow.o)
 .rodata.npio2_hw
                0x000000000800c840       0x80 c:/st/stm32cubeide_1.11.0/stm32cubeide/plugins/com.st.stm32cube.ide.mcu.externaltools.gnu-tools-for-stm32.10.3-2021.10.win32_1.0.200.202301161003/tools/bin/../lib/gcc/arm-none-eabi/10.3.1/../../../../arm-none-eabi/lib/thumb/v7e-m+fp/hard\libm.a(lib_a-e_rem_pio2.o)
 .rodata.two_over_pi
                0x000000000800c8c0      0x108 c:/st/stm32cubeide_1.11.0/stm32cubeide/plugins/com.st.stm32cube.ide.mcu.externaltools.gnu-tools-for-stm32.10.3-2021.10.win32_1.0.200.202301161003/tools/bin/../lib/gcc/arm-none-eabi/10.3.1/../../../../arm-none-eabi/lib/thumb/v7e-m+fp/hard\libm.a(lib_a-e_rem_pio2.o)
 .rodata.PIo2   0x000000000800c9c8       0x40 c:/st/stm32cubeide_1.11.0/stm32cubeide/plugins/com.st.stm32cube.ide.mcu.externaltools.gnu-tools-for-stm32.10.3-2021.10.win32_1.0.200.202301161003/tools/bin/../lib/gcc/arm-none-eabi/10.3.1/../../../../arm-none-eabi/lib/thumb/v7e-m+fp/hard\libm.a(lib_a-k_rem_pio2.o)
 .rodata.init_jk
                0x000000000800ca08       0x10 c:/st/stm32cubeide_1.11.0/stm32cubeide/plugins/com.st.stm32cube.ide.mcu.externaltools.gnu-tools-for-stm32.10.3-2021.10.win32_1.0.200.202301161003/tools/bin/../lib/gcc/arm-none-eabi/10.3.1/../../../../arm-none-eabi/lib/thumb/v7e-m+fp/hard\libm.a(lib_a-k_rem_pio2.o)
                0x000000000800ca18                . = ALIGN (0x4)

.ARM.extab      0x000000000800ca18        0x0
                0x000000000800ca18                . = ALIGN (0x4)
 *(.ARM.extab* .gnu.linkonce.armextab.*)
                0x000000000800ca18                . = ALIGN (0x4)

.ARM            0x000000000800ca18        0x8
                0x000000000800ca18                . = ALIGN (0x4)
                0x000000000800ca18                __exidx_start = .
 *(.ARM.exidx*)
 .ARM.exidx     0x000000000800ca18        0x8 c:/st/stm32cubeide_1.11.0/stm32cubeide/plugins/com.st.stm32cube.ide.mcu.externaltools.gnu-tools-for-stm32.10.3-2021.10.win32_1.0.200.202301161003/tools/bin/../lib/gcc/arm-none-eabi/10.3.1/thumb/v7e-m+fp/hard\libgcc.a(_udivmoddi4.o)
                0x000000000800ca20                __exidx_end = .
                0x000000000800ca20                . = ALIGN (0x4)

.rel.dyn        0x000000000800ca20        0x0
 .rel.iplt      0x000000000800ca20        0x0 c:/st/stm32cubeide_1.11.0/stm32cubeide/plugins/com.st.stm32cube.ide.mcu.externaltools.gnu-tools-for-stm32.10.3-2021.10.win32_1.0.200.202301161003/tools/bin/../lib/gcc/arm-none-eabi/10.3.1/thumb/v7e-m+fp/hard/crtbegin.o

.preinit_array  0x000000000800ca20        0x0
                0x000000000800ca20                . = ALIGN (0x4)
                0x000000000800ca20                PROVIDE (__preinit_array_start = .)
 *(.preinit_array*)
                0x000000000800ca20                PROVIDE (__preinit_array_end = .)
                0x000000000800ca20                . = ALIGN (0x4)

.init_array     0x000000000800ca20        0x4
                0x000000000800ca20                . = ALIGN (0x4)
                0x000000000800ca20                PROVIDE (__init_array_start = .)
 *(SORT_BY_NAME(.init_array.*))
 *(.init_array*)
 .init_array    0x000000000800ca20        0x4 c:/st/stm32cubeide_1.11.0/stm32cubeide/plugins/com.st.stm32cube.ide.mcu.externaltools.gnu-tools-for-stm32.10.3-2021.10.win32_1.0.200.202301161003/tools/bin/../lib/gcc/arm-none-eabi/10.3.1/thumb/v7e-m+fp/hard/crtbegin.o
                0x000000000800ca24                PROVIDE (__init_array_end = .)
                0x000000000800ca24                . = ALIGN (0x4)

.fini_array     0x000000000800ca24        0x4
                0x000000000800ca24                . = ALIGN (0x4)
                [!provide]                        PROVIDE (__fini_array_start = .)
 *(SORT_BY_NAME(.fini_array.*))
 *(.fini_array*)
 .fini_array    0x000000000800ca24        0x4 c:/st/stm32cubeide_1.11.0/stm32cubeide/plugins/com.st.stm32cube.ide.mcu.externaltools.gnu-tools-for-stm32.10.3-2021.10.win32_1.0.200.202301161003/tools/bin/../lib/gcc/arm-none-eabi/10.3.1/thumb/v7e-m+fp/hard/crtbegin.o
                [!provide]                        PROVIDE (__fini_array_end = .)
                0x000000000800ca28                . = ALIGN (0x4)
                0x000000000800ca28                _sidata = LOADADDR (.data)

.data           0x0000000020000000      0x3d0 load address 0x000000000800ca28
                0x0000000020000000                . = ALIGN (0x4)
                0x0000000020000000                _sdata = .
 *(.data)
 *(.data*)
 .data.auchCRCLo
                0x0000000020000000      0x100 ./Core/Src/ModBusRTU.o
 .data.auchCRCHi
                0x0000000020000100      0x100 ./Core/Src/ModBusRTU.o
 .data.point_y  0x0000000020000200       0x48 ./Core/Src/main.o
                0x0000000020000200                point_y
 .data.rectangle
                0x0000000020000248       0x28 ./Core/Src/main.o
                0x0000000020000248                rectangle
 .data.points   0x0000000020000270       0x48 ./Core/Src/main.o
                0x0000000020000270                points
 .data.vectorsize
                0x00000000200002b8        0x4 ./Core/Src/main.o
                0x00000000200002b8                vectorsize
 .data.rectangle2
                0x00000000200002bc       0x28 ./Core/Src/main.o
                0x00000000200002bc                rectangle2
 .data.points2  0x00000000200002e4       0x48 ./Core/Src/main.o
                0x00000000200002e4                points2
 .data.vectorsize2
                0x000000002000032c        0x4 ./Core/Src/main.o
                0x000000002000032c                vectorsize2
 .data.Joystick_Control
                0x0000000020000330        0x4 ./Core/Src/main.o
                0x0000000020000330                Joystick_Control
 .data.JoystickSpeed
                0x0000000020000334        0x4 ./Core/Src/main.o
                0x0000000020000334                JoystickSpeed
 .data.K_P      0x0000000020000338        0x4 ./Core/Src/main.o
                0x0000000020000338                K_P
 .data.K_I      0x000000002000033c        0x4 ./Core/Src/main.o
                0x000000002000033c                K_I
 .data.K_Pvelo  0x0000000020000340        0x4 ./Core/Src/main.o
                0x0000000020000340                K_Pvelo
 .data.K_Ivelo  0x0000000020000344        0x4 ./Core/Src/main.o
                0x0000000020000344                K_Ivelo
 .data.SetVelocity
                0x0000000020000348        0x4 ./Core/Src/main.o
                0x0000000020000348                SetVelocity
 *fill*         0x000000002000034c        0x4 
 .data.rtNaN    0x0000000020000350        0x8 ./Core/Src/rt_nonfinite.o
                0x0000000020000350                rtNaN
 .data.rtInf    0x0000000020000358        0x8 ./Core/Src/rt_nonfinite.o
                0x0000000020000358                rtInf
 .data.SystemCoreClock
                0x0000000020000360        0x4 ./Core/Src/system_stm32f4xx.o
                0x0000000020000360                SystemCoreClock
 .data.uwTickPrio
                0x0000000020000364        0x4 ./Drivers/STM32F4xx_HAL_Driver/Src/stm32f4xx_hal.o
                0x0000000020000364                uwTickPrio
 .data.uwTickFreq
                0x0000000020000368        0x1 ./Drivers/STM32F4xx_HAL_Driver/Src/stm32f4xx_hal.o
                0x0000000020000368                uwTickFreq
 *fill*         0x0000000020000369        0x3 
 .data._impure_ptr
                0x000000002000036c        0x4 c:/st/stm32cubeide_1.11.0/stm32cubeide/plugins/com.st.stm32cube.ide.mcu.externaltools.gnu-tools-for-stm32.10.3-2021.10.win32_1.0.200.202301161003/tools/bin/../lib/gcc/arm-none-eabi/10.3.1/../../../../arm-none-eabi/lib/thumb/v7e-m+fp/hard\libc_nano.a(lib_a-impure.o)
                0x000000002000036c                _impure_ptr
 .data.impure_data
                0x0000000020000370       0x60 c:/st/stm32cubeide_1.11.0/stm32cubeide/plugins/com.st.stm32cube.ide.mcu.externaltools.gnu-tools-for-stm32.10.3-2021.10.win32_1.0.200.202301161003/tools/bin/../lib/gcc/arm-none-eabi/10.3.1/../../../../arm-none-eabi/lib/thumb/v7e-m+fp/hard\libc_nano.a(lib_a-impure.o)
 *(.RamFunc)
 *(.RamFunc*)
                0x00000000200003d0                . = ALIGN (0x4)
                0x00000000200003d0                _edata = .

.igot.plt       0x00000000200003d0        0x0 load address 0x000000000800cdf8
 .igot.plt      0x00000000200003d0        0x0 c:/st/stm32cubeide_1.11.0/stm32cubeide/plugins/com.st.stm32cube.ide.mcu.externaltools.gnu-tools-for-stm32.10.3-2021.10.win32_1.0.200.202301161003/tools/bin/../lib/gcc/arm-none-eabi/10.3.1/thumb/v7e-m+fp/hard/crtbegin.o
                0x00000000200003d0                . = ALIGN (0x4)

.bss            0x00000000200003d0      0xf88 load address 0x000000000800cdf8
                0x00000000200003d0                _sbss = .
                0x00000000200003d0                __bss_start__ = _sbss
 *(.bss)
 .bss           0x00000000200003d0       0x1c c:/st/stm32cubeide_1.11.0/stm32cubeide/plugins/com.st.stm32cube.ide.mcu.externaltools.gnu-tools-for-stm32.10.3-2021.10.win32_1.0.200.202301161003/tools/bin/../lib/gcc/arm-none-eabi/10.3.1/thumb/v7e-m+fp/hard/crtbegin.o
 *(.bss*)
 .bss.hModbus   0x00000000200003ec        0x4 ./Core/Src/ModBusRTU.o
                0x00000000200003ec                hModbus
 .bss.hadc1     0x00000000200003f0       0x48 ./Core/Src/main.o
                0x00000000200003f0                hadc1
 .bss.hdma_adc1
                0x0000000020000438       0x60 ./Core/Src/main.o
                0x0000000020000438                hdma_adc1
 .bss.hi2c1     0x0000000020000498       0x54 ./Core/Src/main.o
                0x0000000020000498                hi2c1
 .bss.htim2     0x00000000200004ec       0xb4 ./Core/Src/main.o
                0x00000000200004ec                htim2
 .bss.htim3     0x00000000200005a0       0xb4 ./Core/Src/main.o
                0x00000000200005a0                htim3
 .bss.htim4     0x0000000020000654       0xb4 ./Core/Src/main.o
                0x0000000020000654                htim4
 .bss.htim5     0x0000000020000708       0xb4 ./Core/Src/main.o
                0x0000000020000708                htim5
 .bss.htim11    0x00000000200007bc       0xb4 ./Core/Src/main.o
                0x00000000200007bc                htim11
 .bss.huart2    0x0000000020000870       0x74 ./Core/Src/main.o
                0x0000000020000870                huart2
 .bss.hdma_usart2_tx
                0x00000000200008e4       0x60 ./Core/Src/main.o
                0x00000000200008e4                hdma_usart2_tx
 .bss.plustray  0x0000000020000944        0x4 ./Core/Src/main.o
                0x0000000020000944                plustray
 .bss.choice    0x0000000020000948        0x4 ./Core/Src/main.o
                0x0000000020000948                choice
 .bss.starttray
                0x000000002000094c        0x1 ./Core/Src/main.o
                0x000000002000094c                starttray
 .bss.lastButtonState
                0x000000002000094d        0x1 ./Core/Src/main.o
                0x000000002000094d                lastButtonState
 .bss.buttonState
                0x000000002000094e        0x1 ./Core/Src/main.o
                0x000000002000094e                buttonState
 *fill*         0x000000002000094f        0x1 
 .bss.start_p   0x0000000020000950        0x4 ./Core/Src/main.o
                0x0000000020000950                start_p
 .bss.stop_p    0x0000000020000954        0x4 ./Core/Src/main.o
                0x0000000020000954                stop_p
 .bss.start_v   0x0000000020000958        0x4 ./Core/Src/main.o
                0x0000000020000958                start_v
 .bss.stop_v    0x000000002000095c        0x4 ./Core/Src/main.o
                0x000000002000095c                stop_v
 .bss.timecycle
                0x0000000020000960        0x4 ./Core/Src/main.o
                0x0000000020000960                timecycle
 .bss.posx      0x0000000020000964        0x4 ./Core/Src/main.o
                0x0000000020000964                posx
 .bss.orenationtray
                0x0000000020000968        0x4 ./Core/Src/main.o
                0x0000000020000968                orenationtray
 .bss.point_x   0x000000002000096c       0x48 ./Core/Src/main.o
                0x000000002000096c                point_x
 .bss.T_rotation
                0x00000000200009b4       0x10 ./Core/Src/main.o
                0x00000000200009b4                T_rotation
 .bss.translation
                0x00000000200009c4        0x8 ./Core/Src/main.o
                0x00000000200009c4                translation
 .bss.T         0x00000000200009cc       0x24 ./Core/Src/main.o
                0x00000000200009cc                T
 .bss.homogeneousRectangle
                0x00000000200009f0       0x3c ./Core/Src/main.o
                0x00000000200009f0                homogeneousRectangle
 .bss.transformedRectangle
                0x0000000020000a2c       0x3c ./Core/Src/main.o
                0x0000000020000a2c                transformedRectangle
 .bss.homogeneousPoints
                0x0000000020000a68       0x6c ./Core/Src/main.o
                0x0000000020000a68                homogeneousPoints
 .bss.transformedPoints
                0x0000000020000ad4       0x6c ./Core/Src/main.o
                0x0000000020000ad4                transformedPoints
 .bss.dot_product
                0x0000000020000b40        0x4 ./Core/Src/main.o
                0x0000000020000b40                dot_product
 .bss.theta     0x0000000020000b44        0x4 ./Core/Src/main.o
                0x0000000020000b44                theta
 .bss.in_theta  0x0000000020000b48        0x4 ./Core/Src/main.o
                0x0000000020000b48                in_theta
 .bss.bottom_left_jog
                0x0000000020000b4c        0x8 ./Core/Src/main.o
                0x0000000020000b4c                bottom_left_jog
 .bss.bottom_right_jog
                0x0000000020000b54        0x8 ./Core/Src/main.o
                0x0000000020000b54                bottom_right_jog
 .bss.T_rotation2
                0x0000000020000b5c       0x10 ./Core/Src/main.o
                0x0000000020000b5c                T_rotation2
 *fill*         0x0000000020000b6c        0x4 
 .bss.q_k1_tmp  0x0000000020000b70        0x8 ./Core/Src/main.o
                0x0000000020000b70                q_k1_tmp
 .bss.translation2
                0x0000000020000b78        0x8 ./Core/Src/main.o
                0x0000000020000b78                translation2
 .bss.T2        0x0000000020000b80       0x24 ./Core/Src/main.o
                0x0000000020000b80                T2
 .bss.homogeneousRectangle2
                0x0000000020000ba4       0x3c ./Core/Src/main.o
                0x0000000020000ba4                homogeneousRectangle2
 .bss.transformedRectangle2
                0x0000000020000be0       0x3c ./Core/Src/main.o
                0x0000000020000be0                transformedRectangle2
 .bss.homogeneousPoints2
                0x0000000020000c1c       0x6c ./Core/Src/main.o
                0x0000000020000c1c                homogeneousPoints2
 .bss.transformedPoints2
                0x0000000020000c88       0x6c ./Core/Src/main.o
                0x0000000020000c88                transformedPoints2
 .bss.dot_product2
                0x0000000020000cf4        0x4 ./Core/Src/main.o
                0x0000000020000cf4                dot_product2
 .bss.theta2    0x0000000020000cf8        0x4 ./Core/Src/main.o
                0x0000000020000cf8                theta2
 .bss.in_theta2
                0x0000000020000cfc        0x4 ./Core/Src/main.o
                0x0000000020000cfc                in_theta2
 .bss.bottom_left_jog2
                0x0000000020000d00        0x8 ./Core/Src/main.o
                0x0000000020000d00                bottom_left_jog2
 .bss.bottom_right_jog2
                0x0000000020000d08        0x8 ./Core/Src/main.o
                0x0000000020000d08                bottom_right_jog2
 .bss.Mobus     0x0000000020000d10        0x1 ./Core/Src/main.o
                0x0000000020000d10                Mobus
 *fill*         0x0000000020000d11        0x3 
 .bss.hmodbus   0x0000000020000d14      0x4d8 ./Core/Src/main.o
                0x0000000020000d14                hmodbus
 .bss.registerFrame
                0x00000000200011ec       0x8c ./Core/Src/main.o
                0x00000000200011ec                registerFrame
 .bss.SoftReset
                0x0000000020001278        0x4 ./Core/Src/main.o
                0x0000000020001278                SoftReset
 .bss.speed     0x000000002000127c        0x4 ./Core/Src/main.o
                0x000000002000127c                speed
 .bss.acceleration
                0x0000000020001280        0x4 ./Core/Src/main.o
                0x0000000020001280                acceleration
 .bss.path      0x0000000020001284        0x4 ./Core/Src/main.o
                0x0000000020001284                path
 .bss.QEIReadRaw
                0x0000000020001288        0x4 ./Core/Src/main.o
                0x0000000020001288                QEIReadRaw
 .bss.positionTraject
                0x000000002000128c        0x4 ./Core/Src/main.o
                0x000000002000128c                positionTraject
 .bss.velocityTraject
                0x0000000020001290        0x4 ./Core/Src/main.o
                0x0000000020001290                velocityTraject
 .bss.Joystick_position
                0x0000000020001294        0x8 ./Core/Src/main.o
                0x0000000020001294                Joystick_position
 .bss.CheckTray
                0x000000002000129c        0x1 ./Core/Src/main.o
                0x000000002000129c                CheckTray
 *fill*         0x000000002000129d        0x3 
 .bss.QEIData   0x00000000200012a0       0x18 ./Core/Src/main.o
                0x00000000200012a0                QEIData
 .bss.QEIAcc    0x00000000200012b8       0x18 ./Core/Src/main.o
                0x00000000200012b8                QEIAcc
 .bss._micros   0x00000000200012d0        0x8 ./Core/Src/main.o
                0x00000000200012d0                _micros
 .bss.q_velocityN
                0x00000000200012d8        0x4 ./Core/Src/main.o
                0x00000000200012d8                q_velocityN
 .bss.q_positionN
                0x00000000200012dc        0x4 ./Core/Src/main.o
                0x00000000200012dc                q_positionN
 .bss.q_accN    0x00000000200012e0        0x4 ./Core/Src/main.o
                0x00000000200012e0                q_accN
 .bss.indexposition
                0x00000000200012e4        0x4 ./Core/Src/main.o
                0x00000000200012e4                indexposition
 .bss.u         0x00000000200012e8        0x4 ./Core/Src/main.o
                0x00000000200012e8                u
 .bss.p         0x00000000200012ec        0x4 ./Core/Src/main.o
                0x00000000200012ec                p
 .bss.s         0x00000000200012f0        0x4 ./Core/Src/main.o
                0x00000000200012f0                s
 .bss.u2        0x00000000200012f4        0x4 ./Core/Src/main.o
                0x00000000200012f4                u2
 .bss.p2        0x00000000200012f8        0x4 ./Core/Src/main.o
                0x00000000200012f8                p2
 .bss.s2        0x00000000200012fc        0x4 ./Core/Src/main.o
                0x00000000200012fc                s2
 .bss.error2    0x0000000020001300        0x4 ./Core/Src/main.o
                0x0000000020001300                error2
 .bss.K_D       0x0000000020001304        0x4 ./Core/Src/main.o
                0x0000000020001304                K_D
 .bss.K_Dvelo   0x0000000020001308        0x4 ./Core/Src/main.o
                0x0000000020001308                K_Dvelo
 .bss.ReadDegree
                0x000000002000130c        0x4 ./Core/Src/main.o
                0x000000002000130c                ReadDegree
 .bss.SetDegree
                0x0000000020001310        0x4 ./Core/Src/main.o
                0x0000000020001310                SetDegree
 .bss.DegreeFeedback
                0x0000000020001314        0x4 ./Core/Src/main.o
                0x0000000020001314                DegreeFeedback
 .bss.error     0x0000000020001318        0x4 ./Core/Src/main.o
                0x0000000020001318                error
 .bss.testgo    0x000000002000131c        0x4 ./Core/Src/main.o
                0x000000002000131c                testgo
 .bss.timestamp
                0x0000000020001320        0x8 ./Core/Src/main.o
                0x0000000020001320                timestamp
 .bss.timemodbus
                0x0000000020001328        0x8 ./Core/Src/main.o
                0x0000000020001328                timemodbus
 .bss.timestampTrajact
                0x0000000020001330        0x8 ./Core/Src/main.o
                0x0000000020001330                timestampTrajact
 .bss.timestamptray
                0x0000000020001338        0x8 ./Core/Src/main.o
                0x0000000020001338                timestamptray
 .bss.__sbrk_heap_end
                0x0000000020001340        0x4 ./Core/Src/sysmem.o
 .bss.uwTick    0x0000000020001344        0x4 ./Drivers/STM32F4xx_HAL_Driver/Src/stm32f4xx_hal.o
                0x0000000020001344                uwTick
 .bss.__malloc_free_list
                0x0000000020001348        0x4 c:/st/stm32cubeide_1.11.0/stm32cubeide/plugins/com.st.stm32cube.ide.mcu.externaltools.gnu-tools-for-stm32.10.3-2021.10.win32_1.0.200.202301161003/tools/bin/../lib/gcc/arm-none-eabi/10.3.1/../../../../arm-none-eabi/lib/thumb/v7e-m+fp/hard\libc_nano.a(lib_a-nano-mallocr.o)
                0x0000000020001348                __malloc_free_list
 .bss.__malloc_sbrk_start
                0x000000002000134c        0x4 c:/st/stm32cubeide_1.11.0/stm32cubeide/plugins/com.st.stm32cube.ide.mcu.externaltools.gnu-tools-for-stm32.10.3-2021.10.win32_1.0.200.202301161003/tools/bin/../lib/gcc/arm-none-eabi/10.3.1/../../../../arm-none-eabi/lib/thumb/v7e-m+fp/hard\libc_nano.a(lib_a-nano-mallocr.o)
                0x000000002000134c                __malloc_sbrk_start
 .bss.errno     0x0000000020001350        0x4 c:/st/stm32cubeide_1.11.0/stm32cubeide/plugins/com.st.stm32cube.ide.mcu.externaltools.gnu-tools-for-stm32.10.3-2021.10.win32_1.0.200.202301161003/tools/bin/../lib/gcc/arm-none-eabi/10.3.1/../../../../arm-none-eabi/lib/thumb/v7e-m+fp/hard\libc_nano.a(lib_a-reent.o)
                0x0000000020001350                errno
 .bss.__lock___malloc_recursive_mutex
                0x0000000020001354        0x1 c:/st/stm32cubeide_1.11.0/stm32cubeide/plugins/com.st.stm32cube.ide.mcu.externaltools.gnu-tools-for-stm32.10.3-2021.10.win32_1.0.200.202301161003/tools/bin/../lib/gcc/arm-none-eabi/10.3.1/../../../../arm-none-eabi/lib/thumb/v7e-m+fp/hard\libc_nano.a(lib_a-lock.o)
                0x0000000020001354                __lock___malloc_recursive_mutex
 *(COMMON)
                0x0000000020001358                . = ALIGN (0x4)
 *fill*         0x0000000020001355        0x3 
                0x0000000020001358                _ebss = .
                0x0000000020001358                __bss_end__ = _ebss

._user_heap_stack
                0x0000000020001358      0x600 load address 0x000000000800cdf8
                0x0000000020001358                . = ALIGN (0x8)
                [!provide]                        PROVIDE (end = .)
                0x0000000020001358                PROVIDE (_end = .)
                0x0000000020001558                . = (. + _Min_Heap_Size)
 *fill*         0x0000000020001358      0x200 
                0x0000000020001958                . = (. + _Min_Stack_Size)
 *fill*         0x0000000020001558      0x400 
                0x0000000020001958                . = ALIGN (0x8)

/DISCARD/
 libc.a(*)
 libm.a(*)
 libgcc.a(*)

.ARM.attributes
                0x0000000000000000       0x30
 *(.ARM.attributes)
 .ARM.attributes
                0x0000000000000000       0x1e c:/st/stm32cubeide_1.11.0/stm32cubeide/plugins/com.st.stm32cube.ide.mcu.externaltools.gnu-tools-for-stm32.10.3-2021.10.win32_1.0.200.202301161003/tools/bin/../lib/gcc/arm-none-eabi/10.3.1/thumb/v7e-m+fp/hard/crti.o
 .ARM.attributes
                0x000000000000001e       0x34 c:/st/stm32cubeide_1.11.0/stm32cubeide/plugins/com.st.stm32cube.ide.mcu.externaltools.gnu-tools-for-stm32.10.3-2021.10.win32_1.0.200.202301161003/tools/bin/../lib/gcc/arm-none-eabi/10.3.1/thumb/v7e-m+fp/hard/crtbegin.o
 .ARM.attributes
                0x0000000000000052       0x34 ./Core/Src/ModBusRTU.o
 .ARM.attributes
                0x0000000000000086       0x34 ./Core/Src/Qubic.o
 .ARM.attributes
                0x00000000000000ba       0x34 ./Core/Src/Qubic_emxAPI.o
 .ARM.attributes
                0x00000000000000ee       0x34 ./Core/Src/Qubic_emxutil.o
 .ARM.attributes
                0x0000000000000122       0x34 ./Core/Src/main.o
 .ARM.attributes
                0x0000000000000156       0x34 ./Core/Src/rt_nonfinite.o
 .ARM.attributes
                0x000000000000018a       0x34 ./Core/Src/stm32f4xx_hal_msp.o
 .ARM.attributes
                0x00000000000001be       0x34 ./Core/Src/stm32f4xx_it.o
 .ARM.attributes
                0x00000000000001f2       0x34 ./Core/Src/sysmem.o
 .ARM.attributes
                0x0000000000000226       0x34 ./Core/Src/system_stm32f4xx.o
 .ARM.attributes
                0x000000000000025a       0x21 ./Core/Startup/startup_stm32f411retx.o
 .ARM.attributes
                0x000000000000027b       0x34 ./Drivers/STM32F4xx_HAL_Driver/Src/stm32f4xx_hal.o
 .ARM.attributes
                0x00000000000002af       0x34 ./Drivers/STM32F4xx_HAL_Driver/Src/stm32f4xx_hal_adc.o
 .ARM.attributes
                0x00000000000002e3       0x34 ./Drivers/STM32F4xx_HAL_Driver/Src/stm32f4xx_hal_cortex.o
 .ARM.attributes
                0x0000000000000317       0x34 ./Drivers/STM32F4xx_HAL_Driver/Src/stm32f4xx_hal_dma.o
 .ARM.attributes
                0x000000000000034b       0x34 ./Drivers/STM32F4xx_HAL_Driver/Src/stm32f4xx_hal_gpio.o
 .ARM.attributes
                0x000000000000037f       0x34 ./Drivers/STM32F4xx_HAL_Driver/Src/stm32f4xx_hal_i2c.o
 .ARM.attributes
                0x00000000000003b3       0x34 ./Drivers/STM32F4xx_HAL_Driver/Src/stm32f4xx_hal_rcc.o
 .ARM.attributes
                0x00000000000003e7       0x34 ./Drivers/STM32F4xx_HAL_Driver/Src/stm32f4xx_hal_tim.o
 .ARM.attributes
                0x000000000000041b       0x34 ./Drivers/STM32F4xx_HAL_Driver/Src/stm32f4xx_hal_tim_ex.o
 .ARM.attributes
                0x000000000000044f       0x34 ./Drivers/STM32F4xx_HAL_Driver/Src/stm32f4xx_hal_uart.o
 .ARM.attributes
                0x0000000000000483       0x34 c:/st/stm32cubeide_1.11.0/stm32cubeide/plugins/com.st.stm32cube.ide.mcu.externaltools.gnu-tools-for-stm32.10.3-2021.10.win32_1.0.200.202301161003/tools/bin/../lib/gcc/arm-none-eabi/10.3.1/../../../../arm-none-eabi/lib/thumb/v7e-m+fp/hard\libc_nano.a(lib_a-calloc.o)
 .ARM.attributes
                0x00000000000004b7       0x34 c:/st/stm32cubeide_1.11.0/stm32cubeide/plugins/com.st.stm32cube.ide.mcu.externaltools.gnu-tools-for-stm32.10.3-2021.10.win32_1.0.200.202301161003/tools/bin/../lib/gcc/arm-none-eabi/10.3.1/../../../../arm-none-eabi/lib/thumb/v7e-m+fp/hard\libc_nano.a(lib_a-errno.o)
 .ARM.attributes
                0x00000000000004eb       0x34 c:/st/stm32cubeide_1.11.0/stm32cubeide/plugins/com.st.stm32cube.ide.mcu.externaltools.gnu-tools-for-stm32.10.3-2021.10.win32_1.0.200.202301161003/tools/bin/../lib/gcc/arm-none-eabi/10.3.1/../../../../arm-none-eabi/lib/thumb/v7e-m+fp/hard\libc_nano.a(lib_a-impure.o)
 .ARM.attributes
                0x000000000000051f       0x34 c:/st/stm32cubeide_1.11.0/stm32cubeide/plugins/com.st.stm32cube.ide.mcu.externaltools.gnu-tools-for-stm32.10.3-2021.10.win32_1.0.200.202301161003/tools/bin/../lib/gcc/arm-none-eabi/10.3.1/../../../../arm-none-eabi/lib/thumb/v7e-m+fp/hard\libc_nano.a(lib_a-init.o)
 .ARM.attributes
                0x0000000000000553       0x34 c:/st/stm32cubeide_1.11.0/stm32cubeide/plugins/com.st.stm32cube.ide.mcu.externaltools.gnu-tools-for-stm32.10.3-2021.10.win32_1.0.200.202301161003/tools/bin/../lib/gcc/arm-none-eabi/10.3.1/../../../../arm-none-eabi/lib/thumb/v7e-m+fp/hard\libc_nano.a(lib_a-malloc.o)
 .ARM.attributes