../Drivers/CMSIS/Include/core_cm4.h:1939:34:__NVIC_SystemReset	4	static,ignoring_inline_asm
../Core/Src/main.c:49:15:argInit_real_T	4	static
../Core/Src/main.c:267:5:main	48	static
../Core/Src/main.c:430:6:SystemClock_Config	88	static
../Core/Src/main.c:477:13:MX_ADC1_Init	24	static
../Core/Src/main.c:556:13:MX_I2C1_Init	8	static
../Core/Src/main.c:590:13:MX_TIM2_Init	56	static
../Core/Src/main.c:639:13:MX_TIM3_Init	32	static
../Core/Src/main.c:684:13:MX_TIM4_Init	64	static
../Core/Src/main.c:743:13:MX_TIM5_Init	32	static
../Core/Src/main.c:788:13:MX_TIM11_Init	40	static
../Core/Src/main.c:837:13:MX_USART2_UART_Init	8	static
../Core/Src/main.c:868:13:MX_DMA_Init	16	static
../Core/Src/main.c:890:13:MX_GPIO_Init	48	static
../Core/Src/main.c:935:6:runQubicMultipleTimes	88	static
../Core/Src/main.c:972:6:home	4	static
../Core/Src/main.c:975:6:I2C_all	40	static
../Core/Src/main.c:1044:6:limitsensor	4	static
../Core/Src/main.c:1059:6:transformRectangleAndPointsPick	48	static
../Core/Src/main.c:1137:6:transformRectangleAndPointsPlace	48	static
../Core/Src/main.c:1215:6:home_yaxis	8	static
../Core/Src/main.c:1238:6:flowmodbus	88	static
../Core/Src/main.c:1633:7:control_interrupt	4	static
../Core/Src/main.c:1650:7:control_velocity	8	static
../Core/Src/main.c:1663:6:velocity	16	static
../Core/Src/main.c:1684:6:accelerate	16	static
../Core/Src/main.c:1697:6:HAL_TIM_PeriodElapsedCallback	24	static
../Core/Src/main.c:1702:10:micros	12	static
../Core/Src/main.c:1705:6:main_Qubic	56	static
../Core/Src/main.c:1731:6:Error_Handler	4	static,ignoring_inline_asm
