../Drivers/CMSIS/Include/core_cm4.h:1939:34:__NVIC_SystemReset	4	static,ignoring_inline_asm
../Core/Src/main.c:48:15:argInit_real_T	4	static
../Core/Src/main.c:270:5:main	64	static
../Core/Src/main.c:429:6:SystemClock_Config	88	static
../Core/Src/main.c:476:13:MX_ADC1_Init	24	static
../Core/Src/main.c:537:13:MX_I2C1_Init	8	static
../Core/Src/main.c:571:13:MX_TIM2_Init	56	static
../Core/Src/main.c:620:13:MX_TIM3_Init	32	static
../Core/Src/main.c:665:13:MX_TIM4_Init	64	static
../Core/Src/main.c:724:13:MX_TIM5_Init	32	static
../Core/Src/main.c:769:13:MX_TIM11_Init	40	static
../Core/Src/main.c:818:13:MX_USART2_UART_Init	8	static
../Core/Src/main.c:849:13:MX_DMA_Init	16	static
../Core/Src/main.c:871:13:MX_GPIO_Init	48	static
../Core/Src/main.c:912:6:I2C_all	16	static
../Core/Src/main.c:984:6:I2C_read_status	24	static
../Core/Src/main.c:987:6:limitsensor	8	static
../Core/Src/main.c:999:6:feedtrayposition	24	static
../Core/Src/main.c:1041:6:transformRectangleAndPointsPick	48	static
../Core/Src/main.c:1120:6:transformRectangleAndPointsPlace	48	static
../Core/Src/main.c:1199:6:flowmodbus	8	static
../Core/Src/main.c:1380:7:control_interrupt	4	static
../Core/Src/main.c:1397:7:control_velocity	8	static
../Core/Src/main.c:1407:6:velocity	16	static
../Core/Src/main.c:1428:6:accelerate	16	static
../Core/Src/main.c:1441:6:HAL_TIM_PeriodElapsedCallback	24	static
../Core/Src/main.c:1447:10:micros	12	static
../Core/Src/main.c:1450:6:main_Qubic	48	static
../Core/Src/main.c:1477:6:Error_Handler	4	static,ignoring_inline_asm
