../Drivers/CMSIS/Include/core_cm4.h:1939:34:__NVIC_SystemReset	4	static,ignoring_inline_asm
../Core/Src/main.c:49:15:argInit_real_T	4	static
../Core/Src/main.c:257:5:main	48	static
../Core/Src/main.c:419:6:SystemClock_Config	88	static
../Core/Src/main.c:463:13:MX_ADC1_Init	24	static
../Core/Src/main.c:520:13:MX_I2C1_Init	8	static
../Core/Src/main.c:552:13:MX_TIM2_Init	56	static
../Core/Src/main.c:599:13:MX_TIM3_Init	32	static
../Core/Src/main.c:641:13:MX_TIM4_Init	64	static
../Core/Src/main.c:696:13:MX_TIM5_Init	32	static
../Core/Src/main.c:738:13:MX_TIM11_Init	40	static
../Core/Src/main.c:783:13:MX_USART2_UART_Init	8	static
../Core/Src/main.c:812:13:MX_DMA_Init	16	static
../Core/Src/main.c:833:13:MX_GPIO_Init	48	static
../Core/Src/main.c:884:6:runQubicMultipleTimes	88	static
../Core/Src/main.c:922:6:I2C_all	16	static
../Core/Src/main.c:988:6:I2C_read_status	24	static
../Core/Src/main.c:991:6:limitsensor	8	static
../Core/Src/main.c:1001:6:transformRectangleAndPointsPick	48	static
../Core/Src/main.c:1079:6:transformRectangleAndPointsPlace	48	static
../Core/Src/main.c:1157:6:home	8	static
../Core/Src/main.c:1175:6:flowmodbus	40	static
../Core/Src/main.c:1419:7:control_interrupt	4	static
../Core/Src/main.c:1436:7:control_velocity	8	static
../Core/Src/main.c:1449:6:velocity	16	static
../Core/Src/main.c:1470:6:accelerate	16	static
../Core/Src/main.c:1483:6:HAL_TIM_PeriodElapsedCallback	24	static
../Core/Src/main.c:1488:10:micros	12	static
../Core/Src/main.c:1491:6:main_Qubic	56	static
../Core/Src/main.c:1517:6:Error_Handler	4	static,ignoring_inline_asm
