../Drivers/CMSIS/Include/core_cm4.h:1939:34:__NVIC_SystemReset	4	static,ignoring_inline_asm
../Core/Src/main.c:48:15:argInit_real_T	4	static
../Core/Src/main.c:272:5:main	64	static
../Core/Src/main.c:431:6:SystemClock_Config	88	static
../Core/Src/main.c:478:13:MX_ADC1_Init	24	static
../Core/Src/main.c:539:13:MX_I2C1_Init	8	static
../Core/Src/main.c:573:13:MX_TIM2_Init	56	static
../Core/Src/main.c:622:13:MX_TIM3_Init	32	static
../Core/Src/main.c:667:13:MX_TIM4_Init	64	static
../Core/Src/main.c:726:13:MX_TIM5_Init	32	static
../Core/Src/main.c:771:13:MX_TIM11_Init	40	static
../Core/Src/main.c:820:13:MX_USART2_UART_Init	8	static
../Core/Src/main.c:851:13:MX_DMA_Init	16	static
../Core/Src/main.c:873:13:MX_GPIO_Init	48	static
../Core/Src/main.c:918:6:I2C_all	16	static
../Core/Src/main.c:990:6:I2C_read_status	24	static
../Core/Src/main.c:993:6:limitsensor	8	static
../Core/Src/main.c:1005:6:feedtrayposition	24	static
../Core/Src/main.c:1046:6:transformRectangleAndPointsPick	48	static
../Core/Src/main.c:1125:6:transformRectangleAndPointsPlace	48	static
../Core/Src/main.c:1204:6:home	8	static
../Core/Src/main.c:1222:6:flowmodbus	8	static
../Core/Src/main.c:1431:7:control_interrupt	4	static
../Core/Src/main.c:1448:7:control_velocity	8	static
../Core/Src/main.c:1458:6:velocity	16	static
../Core/Src/main.c:1479:6:accelerate	16	static
../Core/Src/main.c:1492:6:HAL_TIM_PeriodElapsedCallback	24	static
../Core/Src/main.c:1498:10:micros	12	static
../Core/Src/main.c:1501:6:main_Qubic	48	static
../Core/Src/main.c:1528:6:Error_Handler	4	static,ignoring_inline_asm
