../Core/Src/main.c:46:15:argInit_real_T	4	static
../Core/Src/main.c:135:5:main	24	static
../Core/Src/main.c:244:6:SystemClock_Config	88	static
../Core/Src/main.c:291:13:MX_ADC1_Init	24	static
../Core/Src/main.c:352:13:MX_TIM2_Init	56	static
../Core/Src/main.c:401:13:MX_TIM3_Init	64	static
../Core/Src/main.c:460:13:MX_TIM5_Init	32	static
../Core/Src/main.c:505:13:MX_USART2_UART_Init	8	static
../Core/Src/main.c:536:13:MX_DMA_Init	16	static
../Core/Src/main.c:554:13:MX_GPIO_Init	48	static
../Core/Src/main.c:596:6:HAL_GPIO_EXTI_Callback	16	static
../Core/Src/main.c:601:7:control_interrupt	4	static
../Core/Src/main.c:612:7:control_velocity	4	static
../Core/Src/main.c:622:6:velocity	16	static
../Core/Src/main.c:639:6:HAL_TIM_PeriodElapsedCallback	24	static
../Core/Src/main.c:646:10:micros	12	static
../Core/Src/main.c:649:6:main_Qubic	32	static
../Core/Src/main.c:676:6:Error_Handler	4	static,ignoring_inline_asm
