../Drivers/CMSIS/Include/core_cm4.h:1939:34:__NVIC_SystemReset	4	static,ignoring_inline_asm
../Core/Src/main.c:49:15:argInit_real_T	4	static
../Core/Src/main.c:259:5:main	48	static
../Core/Src/main.c:423:6:SystemClock_Config	88	static
../Core/Src/main.c:470:13:MX_ADC1_Init	24	static
../Core/Src/main.c:549:13:MX_I2C1_Init	8	static
../Core/Src/main.c:583:13:MX_TIM2_Init	56	static
../Core/Src/main.c:632:13:MX_TIM3_Init	32	static
../Core/Src/main.c:677:13:MX_TIM4_Init	64	static
../Core/Src/main.c:736:13:MX_TIM5_Init	32	static
../Core/Src/main.c:781:13:MX_TIM11_Init	40	static
../Core/Src/main.c:830:13:MX_USART2_UART_Init	8	static
../Core/Src/main.c:861:13:MX_DMA_Init	16	static
../Core/Src/main.c:883:13:MX_GPIO_Init	48	static
../Core/Src/main.c:934:6:runQubicMultipleTimes	88	static
../Core/Src/main.c:972:6:I2C_all	24	static
../Core/Src/main.c:1050:6:limitsensor	4	static
../Core/Src/main.c:1065:6:transformRectangleAndPointsPick	48	static
../Core/Src/main.c:1143:6:transformRectangleAndPointsPlace	48	static
../Core/Src/main.c:1221:6:home	8	static
../Core/Src/main.c:1239:6:flowmodbus	40	static
../Core/Src/main.c:1525:7:control_interrupt	4	static
../Core/Src/main.c:1542:7:control_velocity	8	static
../Core/Src/main.c:1555:6:velocity	16	static
../Core/Src/main.c:1576:6:accelerate	16	static
../Core/Src/main.c:1589:6:HAL_TIM_PeriodElapsedCallback	24	static
../Core/Src/main.c:1594:10:micros	12	static
../Core/Src/main.c:1597:6:main_Qubic	56	static
../Core/Src/main.c:1623:6:Error_Handler	4	static,ignoring_inline_asm
