../Drivers/CMSIS/Include/core_cm4.h:1939:34:__NVIC_SystemReset	4	static,ignoring_inline_asm
../Core/Src/main.c:46:15:argInit_real_T	4	static
../Core/Src/main.c:148:5:main	24	static
../Core/Src/main.c:273:6:SystemClock_Config	88	static
../Core/Src/main.c:320:13:MX_ADC1_Init	24	static
../Core/Src/main.c:381:13:MX_TIM2_Init	56	static
../Core/Src/main.c:430:13:MX_TIM3_Init	64	static
../Core/Src/main.c:489:13:MX_TIM5_Init	32	static
../Core/Src/main.c:534:13:MX_USART2_UART_Init	8	static
../Core/Src/main.c:565:13:MX_DMA_Init	16	static
../Core/Src/main.c:583:13:MX_GPIO_Init	48	static
../Core/Src/main.c:625:6:HAL_GPIO_EXTI_Callback	16	static
../Core/Src/main.c:630:7:control_interrupt	4	static
../Core/Src/main.c:648:7:control_velocity	8	static
../Core/Src/main.c:658:6:velocity	16	static
../Core/Src/main.c:675:6:accelerate	16	static
../Core/Src/main.c:688:6:HAL_TIM_PeriodElapsedCallback	24	static
../Core/Src/main.c:694:10:micros	12	static
../Core/Src/main.c:697:6:main_Qubic	32	static
../Core/Src/main.c:724:6:Error_Handler	4	static,ignoring_inline_asm
