../Drivers/CMSIS/Include/core_cm4.h:1939:34:__NVIC_SystemReset	4	static,ignoring_inline_asm
../Core/Src/main.c:49:15:argInit_real_T	4	static
../Core/Src/main.c:266:5:main	48	static
../Core/Src/main.c:429:6:SystemClock_Config	88	static
../Core/Src/main.c:476:13:MX_ADC1_Init	24	static
../Core/Src/main.c:555:13:MX_I2C1_Init	8	static
../Core/Src/main.c:589:13:MX_TIM2_Init	56	static
../Core/Src/main.c:638:13:MX_TIM3_Init	32	static
../Core/Src/main.c:683:13:MX_TIM4_Init	64	static
../Core/Src/main.c:742:13:MX_TIM5_Init	32	static
../Core/Src/main.c:787:13:MX_TIM11_Init	40	static
../Core/Src/main.c:836:13:MX_USART2_UART_Init	8	static
../Core/Src/main.c:867:13:MX_DMA_Init	16	static
../Core/Src/main.c:889:13:MX_GPIO_Init	48	static
../Core/Src/main.c:934:6:runQubicMultipleTimes	88	static
../Core/Src/main.c:971:6:home	4	static
../Core/Src/main.c:974:6:I2C_all	24	static
../Core/Src/main.c:1043:6:limitsensor	4	static
../Core/Src/main.c:1058:6:transformRectangleAndPointsPick	48	static
../Core/Src/main.c:1136:6:transformRectangleAndPointsPlace	48	static
../Core/Src/main.c:1214:6:home_yaxis	8	static
../Core/Src/main.c:1237:6:flowmodbus	56	static
../Core/Src/main.c:1567:7:control_interrupt	4	static
../Core/Src/main.c:1584:7:control_velocity	8	static
../Core/Src/main.c:1597:6:velocity	16	static
../Core/Src/main.c:1618:6:accelerate	16	static
../Core/Src/main.c:1631:6:HAL_TIM_PeriodElapsedCallback	24	static
../Core/Src/main.c:1636:10:micros	12	static
../Core/Src/main.c:1639:6:main_Qubic	56	static
../Core/Src/main.c:1665:6:Error_Handler	4	static,ignoring_inline_asm
