../Drivers/CMSIS/Include/core_cm4.h:1939:34:__NVIC_SystemReset	4	static,ignoring_inline_asm
../Core/Src/main.c:48:15:argInit_real_T	4	static
../Core/Src/main.c:219:5:main	40	static
../Core/Src/main.c:363:6:SystemClock_Config	88	static
../Core/Src/main.c:410:13:MX_ADC1_Init	24	static
../Core/Src/main.c:471:13:MX_I2C1_Init	8	static
../Core/Src/main.c:505:13:MX_TIM2_Init	56	static
../Core/Src/main.c:554:13:MX_TIM3_Init	32	static
../Core/Src/main.c:599:13:MX_TIM4_Init	64	static
../Core/Src/main.c:658:13:MX_TIM5_Init	32	static
../Core/Src/main.c:703:13:MX_TIM11_Init	40	static
../Core/Src/main.c:752:13:MX_USART2_UART_Init	8	static
../Core/Src/main.c:783:13:MX_DMA_Init	16	static
../Core/Src/main.c:805:13:MX_GPIO_Init	48	static
../Core/Src/main.c:846:6:feedtrayposition	24	static
../Core/Src/main.c:888:6:transformRectangleAndPoints	48	static
../Core/Src/main.c:967:6:flowmodbus	8	static
../Core/Src/main.c:1065:7:control_interrupt	4	static
../Core/Src/main.c:1082:7:control_velocity	8	static
../Core/Src/main.c:1092:6:velocity	16	static
../Core/Src/main.c:1113:6:accelerate	16	static
../Core/Src/main.c:1126:6:HAL_TIM_PeriodElapsedCallback	24	static
../Core/Src/main.c:1132:10:micros	12	static
../Core/Src/main.c:1135:6:main_Qubic	48	static
../Core/Src/main.c:1162:6:Error_Handler	4	static,ignoring_inline_asm
