../Drivers/CMSIS/Include/core_cm4.h:1939:34:__NVIC_SystemReset	4	static,ignoring_inline_asm
../Core/Src/main.c:49:15:argInit_real_T	4	static
../Core/Src/main.c:265:5:main	48	static
../Core/Src/main.c:428:6:SystemClock_Config	88	static
../Core/Src/main.c:475:13:MX_ADC1_Init	24	static
../Core/Src/main.c:554:13:MX_I2C1_Init	8	static
../Core/Src/main.c:588:13:MX_TIM2_Init	56	static
../Core/Src/main.c:637:13:MX_TIM3_Init	32	static
../Core/Src/main.c:682:13:MX_TIM4_Init	64	static
../Core/Src/main.c:741:13:MX_TIM5_Init	32	static
../Core/Src/main.c:786:13:MX_TIM11_Init	40	static
../Core/Src/main.c:835:13:MX_USART2_UART_Init	8	static
../Core/Src/main.c:866:13:MX_DMA_Init	16	static
../Core/Src/main.c:888:13:MX_GPIO_Init	48	static
../Core/Src/main.c:939:6:runQubicMultipleTimes	88	static
../Core/Src/main.c:976:6:home	4	static
../Core/Src/main.c:979:6:I2C_all	24	static
../Core/Src/main.c:1048:6:limitsensor	4	static
../Core/Src/main.c:1063:6:transformRectangleAndPointsPick	48	static
../Core/Src/main.c:1141:6:transformRectangleAndPointsPlace	48	static
../Core/Src/main.c:1219:6:home_yaxis	8	static
../Core/Src/main.c:1242:6:flowmodbus	56	static
../Core/Src/main.c:1552:7:control_interrupt	4	static
../Core/Src/main.c:1569:7:control_velocity	8	static
../Core/Src/main.c:1582:6:velocity	16	static
../Core/Src/main.c:1603:6:accelerate	16	static
../Core/Src/main.c:1616:6:HAL_TIM_PeriodElapsedCallback	24	static
../Core/Src/main.c:1621:10:micros	12	static
../Core/Src/main.c:1624:6:main_Qubic	56	static
../Core/Src/main.c:1650:6:Error_Handler	4	static,ignoring_inline_asm
