../Drivers/CMSIS/Include/core_cm4.h:1939:34:__NVIC_SystemReset	4	static,ignoring_inline_asm
../Core/Src/main.c:46:15:argInit_real_T	4	static
../Core/Src/main.c:139:5:main	24	static
../Core/Src/main.c:259:6:SystemClock_Config	88	static
../Core/Src/main.c:306:13:MX_ADC1_Init	24	static
../Core/Src/main.c:367:13:MX_TIM2_Init	56	static
../Core/Src/main.c:416:13:MX_TIM3_Init	64	static
../Core/Src/main.c:475:13:MX_TIM5_Init	32	static
../Core/Src/main.c:520:13:MX_USART2_UART_Init	8	static
../Core/Src/main.c:551:13:MX_DMA_Init	16	static
../Core/Src/main.c:569:13:MX_GPIO_Init	48	static
../Core/Src/main.c:611:6:HAL_GPIO_EXTI_Callback	16	static
../Core/Src/main.c:616:7:control_interrupt	4	static
../Core/Src/main.c:634:7:control_velocity	4	static
../Core/Src/main.c:644:6:velocity	16	static
../Core/Src/main.c:661:6:HAL_TIM_PeriodElapsedCallback	24	static
../Core/Src/main.c:668:10:micros	12	static
../Core/Src/main.c:671:6:main_Qubic	32	static
../Core/Src/main.c:698:6:Error_Handler	4	static,ignoring_inline_asm
