../Drivers/CMSIS/Include/core_cm4.h:1939:34:__NVIC_SystemReset	4	static,ignoring_inline_asm
../Core/Src/main.c:48:15:argInit_real_T	4	static
../Core/Src/main.c:271:5:main	64	static
../Core/Src/main.c:430:6:SystemClock_Config	88	static
../Core/Src/main.c:477:13:MX_ADC1_Init	24	static
../Core/Src/main.c:538:13:MX_I2C1_Init	8	static
../Core/Src/main.c:572:13:MX_TIM2_Init	56	static
../Core/Src/main.c:621:13:MX_TIM3_Init	32	static
../Core/Src/main.c:666:13:MX_TIM4_Init	64	static
../Core/Src/main.c:725:13:MX_TIM5_Init	32	static
../Core/Src/main.c:770:13:MX_TIM11_Init	40	static
../Core/Src/main.c:819:13:MX_USART2_UART_Init	8	static
../Core/Src/main.c:850:13:MX_DMA_Init	16	static
../Core/Src/main.c:872:13:MX_GPIO_Init	48	static
../Core/Src/main.c:913:6:I2C_all	16	static
../Core/Src/main.c:985:6:I2C_read_status	24	static
../Core/Src/main.c:988:6:limitsensor	8	static
../Core/Src/main.c:1000:6:feedtrayposition	24	static
../Core/Src/main.c:1042:6:transformRectangleAndPointsPick	48	static
../Core/Src/main.c:1121:6:transformRectangleAndPointsPlace	48	static
../Core/Src/main.c:1200:6:home	8	static
../Core/Src/main.c:1218:6:flowmodbus	8	static
../Core/Src/main.c:1421:7:control_interrupt	4	static
../Core/Src/main.c:1438:7:control_velocity	8	static
../Core/Src/main.c:1448:6:velocity	16	static
../Core/Src/main.c:1469:6:accelerate	16	static
../Core/Src/main.c:1482:6:HAL_TIM_PeriodElapsedCallback	24	static
../Core/Src/main.c:1488:10:micros	12	static
../Core/Src/main.c:1491:6:main_Qubic	48	static
../Core/Src/main.c:1518:6:Error_Handler	4	static,ignoring_inline_asm
