../Drivers/CMSIS/Include/core_cm4.h:1939:34:__NVIC_SystemReset	4	static,ignoring_inline_asm
../Core/Src/main.c:48:15:argInit_real_T	4	static
../Core/Src/main.c:222:5:main	40	static
../Core/Src/main.c:375:6:SystemClock_Config	88	static
../Core/Src/main.c:422:13:MX_ADC1_Init	24	static
../Core/Src/main.c:483:13:MX_I2C1_Init	8	static
../Core/Src/main.c:517:13:MX_TIM2_Init	56	static
../Core/Src/main.c:566:13:MX_TIM3_Init	32	static
../Core/Src/main.c:611:13:MX_TIM4_Init	64	static
../Core/Src/main.c:670:13:MX_TIM5_Init	32	static
../Core/Src/main.c:715:13:MX_TIM11_Init	40	static
../Core/Src/main.c:764:13:MX_USART2_UART_Init	8	static
../Core/Src/main.c:795:13:MX_DMA_Init	16	static
../Core/Src/main.c:817:13:MX_GPIO_Init	48	static
../Core/Src/main.c:858:6:limitsensor	8	static
../Core/Src/main.c:870:6:feedtrayposition	24	static
../Core/Src/main.c:912:6:transformRectangleAndPoints	48	static
../Core/Src/main.c:989:6:flowmodbus	8	static
../Core/Src/main.c:1162:7:control_interrupt	4	static
../Core/Src/main.c:1179:7:control_velocity	8	static
../Core/Src/main.c:1189:6:velocity	16	static
../Core/Src/main.c:1210:6:accelerate	16	static
../Core/Src/main.c:1223:6:HAL_TIM_PeriodElapsedCallback	24	static
../Core/Src/main.c:1229:10:micros	12	static
../Core/Src/main.c:1232:6:main_Qubic	48	static
../Core/Src/main.c:1259:6:Error_Handler	4	static,ignoring_inline_asm
