../Drivers/CMSIS/Include/core_cm4.h:1939:34:__NVIC_SystemReset	4	static,ignoring_inline_asm
../Core/Src/main.c:49:15:argInit_real_T	4	static
../Core/Src/main.c:269:5:main	48	static
../Core/Src/main.c:432:6:SystemClock_Config	88	static
../Core/Src/main.c:479:13:MX_ADC1_Init	24	static
../Core/Src/main.c:558:13:MX_I2C1_Init	8	static
../Core/Src/main.c:592:13:MX_TIM2_Init	56	static
../Core/Src/main.c:641:13:MX_TIM3_Init	32	static
../Core/Src/main.c:686:13:MX_TIM4_Init	64	static
../Core/Src/main.c:745:13:MX_TIM5_Init	32	static
../Core/Src/main.c:790:13:MX_TIM11_Init	40	static
../Core/Src/main.c:839:13:MX_USART2_UART_Init	8	static
../Core/Src/main.c:870:13:MX_DMA_Init	16	static
../Core/Src/main.c:892:13:MX_GPIO_Init	48	static
../Core/Src/main.c:937:6:runQubicMultipleTimes	88	static
../Core/Src/main.c:974:6:I2C_all	40	static
../Core/Src/main.c:1043:6:limitsensor	4	static
../Core/Src/main.c:1058:6:transformRectangleAndPointsPick	48	static
../Core/Src/main.c:1136:6:transformRectangleAndPointsPlace	48	static
../Core/Src/main.c:1214:6:home_yaxis	8	static
../Core/Src/main.c:1240:6:flowmodbus	88	static
../Core/Src/main.c:1695:7:control_interrupt	4	static
../Core/Src/main.c:1712:7:control_velocity	8	static
../Core/Src/main.c:1725:6:velocity	16	static
../Core/Src/main.c:1746:6:accelerate	16	static
../Core/Src/main.c:1759:6:HAL_TIM_PeriodElapsedCallback	24	static
../Core/Src/main.c:1764:10:micros	12	static
../Core/Src/main.c:1767:6:main_Qubic	56	static
../Core/Src/main.c:1793:6:Error_Handler	4	static,ignoring_inline_asm
