../Drivers/CMSIS/Include/core_cm4.h:1939:34:__NVIC_SystemReset	4	static,ignoring_inline_asm
../Core/Src/main.c:49:15:argInit_real_T	4	static
../Core/Src/main.c:274:5:main	48	static
../Core/Src/main.c:444:6:SystemClock_Config	88	static
../Core/Src/main.c:491:13:MX_ADC1_Init	24	static
../Core/Src/main.c:552:13:MX_I2C1_Init	8	static
../Core/Src/main.c:586:13:MX_TIM2_Init	56	static
../Core/Src/main.c:635:13:MX_TIM3_Init	32	static
../Core/Src/main.c:680:13:MX_TIM4_Init	64	static
../Core/Src/main.c:739:13:MX_TIM5_Init	32	static
../Core/Src/main.c:784:13:MX_TIM11_Init	40	static
../Core/Src/main.c:833:13:MX_USART2_UART_Init	8	static
../Core/Src/main.c:864:13:MX_DMA_Init	16	static
../Core/Src/main.c:886:13:MX_GPIO_Init	48	static
../Core/Src/main.c:931:6:I2C_all	16	static
../Core/Src/main.c:997:6:I2C_read_status	24	static
../Core/Src/main.c:1000:6:limitsensor	8	static
../Core/Src/main.c:1012:6:transformRectangleAndPointsPick	48	static
../Core/Src/main.c:1089:6:transformRectangleAndPointsPlace	48	static
../Core/Src/main.c:1166:6:home	8	static
../Core/Src/main.c:1184:6:flowmodbus	56	static
../Core/Src/main.c:1444:7:control_interrupt	4	static
../Core/Src/main.c:1459:7:control_velocity	8	static
../Core/Src/main.c:1469:6:velocity	16	static
../Core/Src/main.c:1490:6:accelerate	16	static
../Core/Src/main.c:1503:6:HAL_TIM_PeriodElapsedCallback	24	static
../Core/Src/main.c:1509:10:micros	12	static
../Core/Src/main.c:1512:6:main_Qubic	64	static
../Core/Src/main.c:1539:6:Error_Handler	4	static,ignoring_inline_asm
