../Drivers/CMSIS/Include/core_cm4.h:1939:34:__NVIC_SystemReset	4	static,ignoring_inline_asm
../Core/Src/main.c:49:15:argInit_real_T	4	static
../Core/Src/main.c:257:5:main	48	static
../Core/Src/main.c:419:6:SystemClock_Config	88	static
../Core/Src/main.c:466:13:MX_ADC1_Init	24	static
../Core/Src/main.c:545:13:MX_I2C1_Init	8	static
../Core/Src/main.c:579:13:MX_TIM2_Init	56	static
../Core/Src/main.c:628:13:MX_TIM3_Init	32	static
../Core/Src/main.c:673:13:MX_TIM4_Init	64	static
../Core/Src/main.c:732:13:MX_TIM5_Init	32	static
../Core/Src/main.c:777:13:MX_TIM11_Init	40	static
../Core/Src/main.c:826:13:MX_USART2_UART_Init	8	static
../Core/Src/main.c:857:13:MX_DMA_Init	16	static
../Core/Src/main.c:879:13:MX_GPIO_Init	48	static
../Core/Src/main.c:930:6:runQubicMultipleTimes	88	static
../Core/Src/main.c:968:6:I2C_all	16	static
../Core/Src/main.c:1034:6:I2C_read_status	24	static
../Core/Src/main.c:1037:6:limitsensor	4	static
../Core/Src/main.c:1052:6:transformRectangleAndPointsPick	48	static
../Core/Src/main.c:1130:6:transformRectangleAndPointsPlace	48	static
../Core/Src/main.c:1208:6:home	8	static
../Core/Src/main.c:1226:6:flowmodbus	40	static
../Core/Src/main.c:1470:7:control_interrupt	4	static
../Core/Src/main.c:1487:7:control_velocity	8	static
../Core/Src/main.c:1500:6:velocity	16	static
../Core/Src/main.c:1521:6:accelerate	16	static
../Core/Src/main.c:1534:6:HAL_TIM_PeriodElapsedCallback	24	static
../Core/Src/main.c:1539:10:micros	12	static
../Core/Src/main.c:1542:6:main_Qubic	56	static
../Core/Src/main.c:1568:6:Error_Handler	4	static,ignoring_inline_asm
