../Drivers/CMSIS/Include/core_cm4.h:1939:34:__NVIC_SystemReset	4	static,ignoring_inline_asm
../Core/Src/main.c:49:15:argInit_real_T	4	static
../Core/Src/main.c:260:5:main	48	static
../Core/Src/main.c:422:6:SystemClock_Config	88	static
../Core/Src/main.c:469:13:MX_ADC1_Init	24	static
../Core/Src/main.c:548:13:MX_I2C1_Init	8	static
../Core/Src/main.c:582:13:MX_TIM2_Init	56	static
../Core/Src/main.c:631:13:MX_TIM3_Init	32	static
../Core/Src/main.c:676:13:MX_TIM4_Init	64	static
../Core/Src/main.c:735:13:MX_TIM5_Init	32	static
../Core/Src/main.c:780:13:MX_TIM11_Init	40	static
../Core/Src/main.c:829:13:MX_USART2_UART_Init	8	static
../Core/Src/main.c:860:13:MX_DMA_Init	16	static
../Core/Src/main.c:882:13:MX_GPIO_Init	48	static
../Core/Src/main.c:933:6:runQubicMultipleTimes	88	static
../Core/Src/main.c:971:6:I2C_all	24	static
../Core/Src/main.c:1049:6:limitsensor	4	static
../Core/Src/main.c:1064:6:transformRectangleAndPointsPick	48	static
../Core/Src/main.c:1142:6:transformRectangleAndPointsPlace	48	static
../Core/Src/main.c:1220:6:home	8	static
../Core/Src/main.c:1238:6:flowmodbus	40	static
../Core/Src/main.c:1544:7:control_interrupt	4	static
../Core/Src/main.c:1561:7:control_velocity	8	static
../Core/Src/main.c:1574:6:velocity	16	static
../Core/Src/main.c:1595:6:accelerate	16	static
../Core/Src/main.c:1608:6:HAL_TIM_PeriodElapsedCallback	24	static
../Core/Src/main.c:1613:10:micros	12	static
../Core/Src/main.c:1616:6:main_Qubic	56	static
../Core/Src/main.c:1642:6:Error_Handler	4	static,ignoring_inline_asm
