../Drivers/CMSIS/Include/core_cm4.h:1939:34:__NVIC_SystemReset	4	static,ignoring_inline_asm
../Core/Src/main.c:49:15:argInit_real_T	4	static
../Core/Src/main.c:258:5:main	32	static
../Core/Src/main.c:427:6:SystemClock_Config	88	static
../Core/Src/main.c:471:13:MX_ADC1_Init	24	static
../Core/Src/main.c:528:13:MX_I2C1_Init	8	static
../Core/Src/main.c:560:13:MX_TIM2_Init	56	static
../Core/Src/main.c:607:13:MX_TIM3_Init	32	static
../Core/Src/main.c:649:13:MX_TIM4_Init	64	static
../Core/Src/main.c:704:13:MX_TIM5_Init	32	static
../Core/Src/main.c:746:13:MX_TIM11_Init	40	static
../Core/Src/main.c:791:13:MX_USART2_UART_Init	8	static
../Core/Src/main.c:820:13:MX_DMA_Init	16	static
../Core/Src/main.c:841:13:MX_GPIO_Init	48	static
../Core/Src/main.c:892:6:runQubicMultipleTimes	88	static
../Core/Src/main.c:930:6:I2C_all	16	static
../Core/Src/main.c:996:6:I2C_read_status	24	static
../Core/Src/main.c:999:6:limitsensor	8	static
../Core/Src/main.c:1009:6:transformRectangleAndPointsPick	48	static
../Core/Src/main.c:1087:6:transformRectangleAndPointsPlace	48	static
../Core/Src/main.c:1165:6:home	8	static
../Core/Src/main.c:1183:6:flowmodbus	40	static
../Core/Src/main.c:1422:7:control_interrupt	4	static
../Core/Src/main.c:1439:7:control_velocity	8	static
../Core/Src/main.c:1452:6:velocity	16	static
../Core/Src/main.c:1473:6:accelerate	16	static
../Core/Src/main.c:1486:6:HAL_TIM_PeriodElapsedCallback	24	static
../Core/Src/main.c:1491:10:micros	12	static
../Core/Src/main.c:1494:6:main_Qubic	56	static
../Core/Src/main.c:1520:6:Error_Handler	4	static,ignoring_inline_asm
