../Core/Src/main.c:46:15:argInit_real_T	4	static
../Core/Src/main.c:133:5:main	24	static
../Core/Src/main.c:230:6:SystemClock_Config	88	static
../Core/Src/main.c:277:13:MX_ADC1_Init	24	static
../Core/Src/main.c:338:13:MX_TIM2_Init	56	static
../Core/Src/main.c:387:13:MX_TIM3_Init	64	static
../Core/Src/main.c:446:13:MX_TIM5_Init	32	static
../Core/Src/main.c:491:13:MX_USART2_UART_Init	8	static
../Core/Src/main.c:522:13:MX_DMA_Init	16	static
../Core/Src/main.c:540:13:MX_GPIO_Init	48	static
../Core/Src/main.c:582:6:HAL_GPIO_EXTI_Callback	16	static
../Core/Src/main.c:587:7:control_interrupt	4	static
../Core/Src/main.c:598:6:velocity	16	static
../Core/Src/main.c:615:6:HAL_TIM_PeriodElapsedCallback	24	static
../Core/Src/main.c:622:10:micros	12	static
../Core/Src/main.c:625:6:main_Qubic	32	static
../Core/Src/main.c:652:6:Error_Handler	4	static,ignoring_inline_asm
